Component: ARM Compiler 5.06 update 6 (build 750) Tool: armlink [4d35ed]

==============================================================================

Section Cross References

    gd32f10x_it.o(i.EXTI0_IRQHandler) refers to gd32f10x_exti.o(i.exti_interrupt_flag_get) for exti_interrupt_flag_get
    gd32f10x_it.o(i.EXTI0_IRQHandler) refers to key.o(i.HAL_GPIO_EXTI_Callback) for HAL_GPIO_EXTI_Callback
    gd32f10x_it.o(i.EXTI0_IRQHandler) refers to gd32f10x_exti.o(i.exti_interrupt_flag_clear) for exti_interrupt_flag_clear
    gd32f10x_it.o(i.SysTick_Handler) refers to systick.o(i.delay_decrement) for delay_decrement
    gd32f10x_it.o(i.SysTick_Handler) refers to timer.o(i.HAL_SYSTICK_Callback) for HAL_SYSTICK_Callback
    gd32f10x_it.o(i.UART3_IRQHandler) refers to gd32f10x_usart.o(i.usart_interrupt_flag_get) for usart_interrupt_flag_get
    gd32f10x_it.o(i.UART3_IRQHandler) refers to gd32f10x_usart.o(i.usart_data_receive) for usart_data_receive
    gd32f10x_it.o(i.UART3_IRQHandler) refers to main.o(.data) for huart4
    gd32f10x_it.o(i.UART4_IRQHandler) refers to gd32f10x_usart.o(i.usart_interrupt_flag_get) for usart_interrupt_flag_get
    gd32f10x_it.o(i.UART4_IRQHandler) refers to gd32f10x_usart.o(i.usart_data_receive) for usart_data_receive
    gd32f10x_it.o(i.UART4_IRQHandler) refers to main.o(.data) for huart5
    gd32f10x_it.o(i.USART0_IRQHandler) refers to gd32f10x_usart.o(i.usart_interrupt_flag_get) for usart_interrupt_flag_get
    gd32f10x_it.o(i.USART0_IRQHandler) refers to gd32f10x_usart.o(i.usart_data_receive) for usart_data_receive
    gd32f10x_it.o(i.USART0_IRQHandler) refers to main.o(.data) for huart1
    gd32f10x_it.o(i.USART1_IRQHandler) refers to gd32f10x_usart.o(i.usart_interrupt_flag_get) for usart_interrupt_flag_get
    gd32f10x_it.o(i.USART1_IRQHandler) refers to gd32f10x_usart.o(i.usart_data_receive) for usart_data_receive
    gd32f10x_it.o(i.USART1_IRQHandler) refers to main.o(.data) for huart2
    gd32f10x_it.o(i.USART2_IRQHandler) refers to gd32f10x_usart.o(i.usart_interrupt_flag_get) for usart_interrupt_flag_get
    gd32f10x_it.o(i.USART2_IRQHandler) refers to gd32f10x_usart.o(i.usart_data_receive) for usart_data_receive
    gd32f10x_it.o(i.USART2_IRQHandler) refers to main.o(.data) for huart3
    gd32f10x_it.o(i.USBD_LP_CAN0_RX0_IRQHandler) refers to gd32f10x_can.o(i.can_message_receive) for can_message_receive
    gd32f10x_it.o(i.USBD_LP_CAN0_RX0_IRQHandler) refers to main.o(.bss) for receive_message
    gd32f10x_it.o(i.USBD_LP_CAN0_RX0_IRQHandler) refers to main.o(.data) for receive_flag
    main.o(i.CanInit) refers to gd32f10x_rcu.o(i.rcu_periph_clock_enable) for rcu_periph_clock_enable
    main.o(i.CanInit) refers to gd32f10x_can.o(i.can_struct_para_init) for can_struct_para_init
    main.o(i.CanInit) refers to gd32f10x_can.o(i.can_deinit) for can_deinit
    main.o(i.CanInit) refers to gd32f10x_gpio.o(i.gpio_init) for gpio_init
    main.o(i.CanInit) refers to gd32f10x_can.o(i.can_init) for can_init
    main.o(i.CanInit) refers to gd32f10x_can.o(i.can_filter_init) for can_filter_init
    main.o(i.CanInit) refers to gd32f10x_can.o(i.can_interrupt_enable) for can_interrupt_enable
    main.o(i.CanInit) refers to gd32f10x_misc.o(i.nvic_irq_enable) for nvic_irq_enable
    main.o(i.CanInit) refers to main.o(.bss) for receive_message
    main.o(i.ExtiInit) refers to gd32f10x_rcu.o(i.rcu_periph_clock_enable) for rcu_periph_clock_enable
    main.o(i.ExtiInit) refers to gd32f10x_misc.o(i.nvic_priority_group_set) for nvic_priority_group_set
    main.o(i.ExtiInit) refers to gd32f10x_misc.o(i.nvic_irq_enable) for nvic_irq_enable
    main.o(i.ExtiInit) refers to gd32f10x_gpio.o(i.gpio_exti_source_select) for gpio_exti_source_select
    main.o(i.ExtiInit) refers to gd32f10x_exti.o(i.exti_init) for exti_init
    main.o(i.ExtiInit) refers to gd32f10x_exti.o(i.exti_interrupt_flag_clear) for exti_interrupt_flag_clear
    main.o(i.GpioInit) refers to gd32f10x_rcu.o(i.rcu_periph_clock_enable) for rcu_periph_clock_enable
    main.o(i.GpioInit) refers to gd32f10x_gpio.o(i.gpio_init) for gpio_init
    main.o(i.GpioInit) refers to gd32f10x_gpio.o(i.gpio_bit_write) for gpio_bit_write
    main.o(i.GpioInit) refers to main.o(i.ExtiInit) for ExtiInit
    main.o(i.LogPrintf) refers to main.o(i.Uart5Send) for Uart5Send
    main.o(i.LogPrintf) refers to eeprom.o(.bss) for g_UserSet
    main.o(i.Uart1Init) refers to gd32f10x_misc.o(i.nvic_irq_enable) for nvic_irq_enable
    main.o(i.Uart1Init) refers to gd32f10x_rcu.o(i.rcu_periph_clock_enable) for rcu_periph_clock_enable
    main.o(i.Uart1Init) refers to gd32f10x_gpio.o(i.gpio_init) for gpio_init
    main.o(i.Uart1Init) refers to main.o(i.UartConfig) for UartConfig
    main.o(i.Uart1Send) refers to gd32f10x_usart.o(i.usart_data_transmit) for usart_data_transmit
    main.o(i.Uart1Send) refers to gd32f10x_usart.o(i.usart_flag_get) for usart_flag_get
    main.o(i.Uart2Init) refers to gd32f10x_misc.o(i.nvic_irq_enable) for nvic_irq_enable
[...]
    GattSetPaygDays                          0x080057e9   Thumb Code    24  gatt.o(i.GattSetPaygDays)
    GattSetPaygState                         0x08005805   Thumb Code    24  gatt.o(i.GattSetPaygState)
    GattSetPpid                              0x08005821   Thumb Code    32  gatt.o(i.GattSetPpid)
    GattSetRelativeSOC                       0x08005845   Thumb Code    24  gatt.o(i.GattSetRelativeSOC)
    GattSetReportMode                        0x08005861   Thumb Code    24  gatt.o(i.GattSetReportMode)
    GattSetRmCap                             0x0800587d   Thumb Code    24  gatt.o(i.GattSetRmCap)
    GattSetRmPayDays                         0x08005899   Thumb Code    22  gatt.o(i.GattSetRmPayDays)
    GattSetRunDayBackup                      0x080058b5   Thumb Code     8  gatt.o(i.GattSetRunDayBackup)
    GattSetRunDays                           0x080058c1   Thumb Code    22  gatt.o(i.GattSetRunDays)
    GattSetSolarGeneration                   0x080058dd   Thumb Code    24  gatt.o(i.GattSetSolarGeneration)
    GattSetSysStatusCode                     0x080058f9   Thumb Code    24  gatt.o(i.GattSetSysStatusCode)
    GattSetUplinkData                        0x08005915   Thumb Code    46  gatt.o(i.GattSetUplinkData)
    GattSetVersion                           0x08005949   Thumb Code    32  gatt.o(i.GattSetVersion)
    GattSingleFieldMerge                     0x0800596d   Thumb Code   550  gatt.o(i.GattSingleFieldMerge)
    GetAsciiValueLen                         0x08005c49   Thumb Code    64  gps.o(i.GetAsciiValueLen)
    GetDemoState                             0x08005c89   Thumb Code     6  key.o(i.GetDemoState)
    GetDs1302Day                             0x08005c95   Thumb Code   278  ds1302.o(i.GetDs1302Day)
    GetSysErrorCode                          0x08005dbd   Thumb Code     6  ds1302.o(i.GetSysErrorCode)
    GetTimerGsmComEvent                      0x08005dc9   Thumb Code     8  timer.o(i.GetTimerGsmComEvent)
    GmsGetSimcardState                       0x08005dd5   Thumb Code     6  gsmcom.o(i.GmsGetSimcardState)
    GmsNetConnectState                       0x08005de1   Thumb Code     6  gsmcom.o(i.GmsNetConnectState)
    GmsSetNetConnectState                    0x08005ded   Thumb Code     6  gsmcom.o(i.GmsSetNetConnectState)
    GmsSetSimcardState                       0x08005df9   Thumb Code     6  gsmcom.o(i.GmsSetSimcardState)
    GmsWakeup                                0x08005e05   Thumb Code     8  gsmcom.o(i.GmsWakeup)
    GpioInit                                 0x08005e11   Thumb Code   372  main.o(i.GpioInit)
    GpsInit                                  0x08005f91   Thumb Code    18  gps.o(i.GpsInit)
    GpsProc                                  0x08005fad   Thumb Code   656  gps.o(i.GpsProc)
    GsmComIdle                               0x08006279   Thumb Code    18  gsmcom.o(i.GsmComIdle)
    GsmComInit                               0x08006295   Thumb Code    12  gsmcom.o(i.GsmComInit)
    GsmComProc                               0x080062a1   Thumb Code    54  gsmcom.o(i.GsmComProc)
    HAL_Delay                                0x080062e1   Thumb Code    32  timer.o(i.HAL_Delay)
    HAL_GPIO_EXTI_Callback                   0x08006301   Thumb Code    42  key.o(i.HAL_GPIO_EXTI_Callback)
    HAL_GetTick                              0x08006335   Thumb Code     6  timer.o(i.HAL_GetTick)
    HAL_SYSTICK_Callback                     0x08006341   Thumb Code   320  timer.o(i.HAL_SYSTICK_Callback)
    HardFault_Handler                        0x08006489   Thumb Code     4  gd32f10x_it.o(i.HardFault_Handler)
    Hash_Opration                            0x0800648d   Thumb Code   198  payg.o(i.Hash_Opration)
    HexToStr                                 0x08006575   Thumb Code    80  payg.o(i.HexToStr)
    I2c_Delay2us                             0x080065c5   Thumb Code    14  i2c.o(i.I2c_Delay2us)
    I2c_PageRead                             0x080065d3   Thumb Code   126  i2c.o(i.I2c_PageRead)
    I2c_PageWrite                            0x08006651   Thumb Code    98  i2c.o(i.I2c_PageWrite)
    I2c_Read                                 0x080066b5   Thumb Code   158  i2c.o(i.I2c_Read)
    I2c_Send                                 0x08006759   Thumb Code   160  i2c.o(i.I2c_Send)
    I2c_Start                                0x080067fd   Thumb Code   102  i2c.o(i.I2c_Start)
    I2c_Stop                                 0x08006869   Thumb Code    46  i2c.o(i.I2c_Stop)
    InitDs1302                               0x0800689d   Thumb Code    90  ds1302.o(i.InitDs1302)
    IsKeyEvent                               0x080068fd   Thumb Code    14  key.o(i.IsKeyEvent)
    Jbd485Send                               0x08006911   Thumb Code    16  jbsbms.o(i.Jbd485Send)
    JbsBmsChecksum                           0x08006921   Thumb Code    36  jbsbms.o(i.JbsBmsChecksum)
    JbsBmsInit                               0x08006945   Thumb Code    96  jbsbms.o(i.JbsBmsInit)
    JbsBmsTask                               0x080069c1   Thumb Code   780  jbsbms.o(i.JbsBmsTask)
    JbsBms_GetInfo                           0x08006cf1   Thumb Code   306  jbsbms.o(i.JbsBms_GetInfo)
    KeyBoardInit                             0x08006e61   Thumb Code    18  keyboard.o(i.KeyBoardInit)
    KeyboardUsbPwrSet                        0x08006e7d   Thumb Code     6  key.o(i.KeyboardUsbPwrSet)
    LCDSendAddr                              0x08006e89   Thumb Code    90  lcd.o(i.LCDSendAddr)
    LCDSendCom                               0x08006ee9   Thumb Code    78  lcd.o(i.LCDSendCom)
    LCDSendData                              0x08006f3d   Thumb Code    80  lcd.o(i.LCDSendData)
    LcdClearAll                              0x08006f91   Thumb Code    20  lcd.o(i.LcdClearAll)
    LcdInit                                  0x08006fa9   Thumb Code   376  lcd.o(i.LcdInit)
    LcdUpdateAll                             0x08007125   Thumb Code    68  lcd.o(i.LcdUpdateAll)
    LogPrintf                                0x08007171   Thumb Code    26  main.o(i.LogPrintf)
    MemManage_Handler                        0x08007191   Thumb Code     4  gd32f10x_it.o(i.MemManage_Handler)
    MenuFlashSet                             0x08007195   Thumb Code    14  menu.o(i.MenuFlashSet)
    MenuGetFlashState                        0x080071a9   Thumb Code    10  menu.o(i.MenuGetFlashState)
    MenuRefresh                              0x080071b9   Thumb Code     8  menu.o(i.MenuRefresh)
    MenuSaverSet                             0x080071c5   Thumb Code    32  menu.o(i.MenuSaverSet)
    MenuSaverUpdate                          0x080071e9   Thumb Code    56  menu.o(i.MenuSaverUpdate)
    MiddleStr                                0x08007225   Thumb Code    24  payg.o(i.MiddleStr)
    MqttGetRequest                           0x0800723d   Thumb Code     6  gsmcom.o(i.MqttGetRequest)
    MqttGetState                             0x08007249   Thumb Code     6  gsmcom.o(i.MqttGetState)
    MqttInit                                 0x08007255   Thumb Code    24  gsmcom.o(i.MqttInit)
    MqttProc                                 0x08007275   Thumb Code  1266  gsmcom.o(i.MqttProc)
    MqttSetRequest                           0x0800777d   Thumb Code     6  gsmcom.o(i.MqttSetRequest)
    NMI_Handler                              0x08007789   Thumb Code     2  gd32f10x_it.o(i.NMI_Handler)
    PKeybordProc                             0x080077b5   Thumb Code  1622  keyboard.o(i.PKeybordProc)
    PaygGetFreeState                         0x08007e69   Thumb Code    18  payg.o(i.PaygGetFreeState)
    PaygGetPayState                          0x08007e85   Thumb Code    24  payg.o(i.PaygGetPayState)
    PaygGetPaygBuf                           0x08007ea5   Thumb Code     4  payg.o(i.PaygGetPaygBuf)
    PaygInit                                 0x08007ead   Thumb Code    66  payg.o(i.PaygInit)
    PaygOvesInput                            0x08007f01   Thumb Code   542  payg.o(i.PaygOvesInput)
    PaygOvesTask                             0x08008149   Thumb Code   120  payg.o(i.PaygOvesTask)
    PaygProcess                              0x080081d1   Thumb Code   254  payg.o(i.PaygProcess)
    PaygUpdateEnable                         0x080082f5   Thumb Code     8  payg.o(i.PaygUpdateEnable)
    PendSV_Handler                           0x08008301   Thumb Code     2  gd32f10x_it.o(i.PendSV_Handler)
    Printf_Usart_num                         0x08008303   Thumb Code    16  keyboard.o(i.Printf_Usart_num)
    Process_cmd_all                          0x08008315   Thumb Code  2440  keyboard.o(i.Process_cmd_all)
    PumpComStart                             0x08008cb1   Thumb Code     8  pump.o(i.PumpComStart)
    PumpSend                                 0x08008cbd   Thumb Code    48  pump.o(i.PumpSend)
    PumpTxCmd                                0x08008cf5   Thumb Code   348  pump.o(i.PumpTxCmd)
    RamShift                                 0x08008e85   Thumb Code    28  eeprom.o(i.RamShift)
    SHA                                      0x08008ea1   Thumb Code    68  payg.o(i.SHA)
    SVC_Handler                              0x08008ee5   Thumb Code     2  gd32f10x_it.o(i.SVC_Handler)
    Send_RechargeOK                          0x08008ee9   Thumb Code    12  keyboard.o(i.Send_RechargeOK)
    Serial_Cmd                               0x08008ef9   Thumb Code   316  keyboard.o(i.Serial_Cmd)
    StrToDouble                              0x08009039   Thumb Code   208  gps.o(i.StrToDouble)
    SysTick_Handler                          0x08009109   Thumb Code    12  gd32f10x_it.o(i.SysTick_Handler)
    SystemInit                               0x08009115   Thumb Code   196  system_gd32f10x.o(i.SystemInit)
    TimeAbacSampleCallback                   0x080091e9   Thumb Code     8  timer.o(i.TimeAbacSampleCallback)
    TimeBacklightCallback                    0x080091f1   Thumb Code    62  timer.o(i.TimeBacklightCallback)
    TimeCoulomCallback                       0x08009239   Thumb Code     2  timer.o(i.TimeCoulomCallback)
    TimeKbPwrHoldCallback                    0x0800923d   Thumb Code    18  timer.o(i.TimeKbPwrHoldCallback)
    TimeRamlReportCallback                   0x08009255   Thumb Code    30  timer.o(i.TimeRamlReportCallback)
    TimeSaverCallback                        0x08009273   Thumb Code    16  timer.o(i.TimeSaverCallback)
    TimeUiFlashCallback                      0x08009283   Thumb Code    34  timer.o(i.TimeUiFlashCallback)
    TimerAtTOutStart                         0x080092a5   Thumb Code    44  timer.o(i.TimerAtTOutStart)
    TimerAtTOutStop                          0x080092d5   Thumb Code    32  timer.o(i.TimerAtTOutStop)
    TimerBmsComCallback                      0x080092f9   Thumb Code    16  timer.o(i.TimerBmsComCallback)
    TimerCampCallback                        0x08009309   Thumb Code    14  timer.o(i.TimerCampCallback)
    TimerDemoSet                             0x08009319   Thumb Code    30  timer.o(i.TimerDemoSet)
    TimerEventClear                          0x08009341   Thumb Code    68  timer.o(i.TimerEventClear)
    TimerGetEventState                       0x08009389   Thumb Code    50  timer.o(i.TimerGetEventState)
    TimerGprsUploadCallback                  0x080093c1   Thumb Code    28  timer.o(i.TimerGprsUploadCallback)
    TimerGsmComSet                           0x080093dd   Thumb Code    28  timer.o(i.TimerGsmComSet)
    TimerInit                                0x080093fd   Thumb Code   724  timer.o(i.TimerInit)
    TimerKbPwrHoldSet                        0x0800971d   Thumb Code    28  timer.o(i.TimerKbPwrHoldSet)
    TimerKeyScan                             0x0800973d   Thumb Code    36  timer.o(i.TimerKeyScan)
    TimerPaygCallback                        0x08009761   Thumb Code    16  timer.o(i.TimerPaygCallback)
    TimerPumpCallback                        0x08009771   Thumb Code    30  timer.o(i.TimerPumpCallback)
    TimerSet                                 0x08009791   Thumb Code   112  timer.o(i.TimerSet)
    TimerSleepSet                            0x08009805   Thumb Code    46  timer.o(i.TimerSleepSet)
    TimerSleepState                          0x08009839   Thumb Code     8  timer.o(i.TimerSleepState)
    UART3_IRQHandler                         0x08009845   Thumb Code    78  gd32f10x_it.o(i.UART3_IRQHandler)
    UART4_IRQHandler                         0x080098a5   Thumb Code    78  gd32f10x_it.o(i.UART4_IRQHandler)
    USART0_IRQHandler                        0x08009905   Thumb Code    70  gd32f10x_it.o(i.USART0_IRQHandler)
    USART1_IRQHandler                        0x0800995d   Thumb Code    78  gd32f10x_it.o(i.USART1_IRQHandler)
    USART2_IRQHandler                        0x080099bd   Thumb Code    78  gd32f10x_it.o(i.USART2_IRQHandler)
    USBD_LP_CAN0_RX0_IRQHandler              0x08009a1d   Thumb Code    44  gd32f10x_it.o(i.USBD_LP_CAN0_RX0_IRQHandler)
    Uart1Init                                0x08009a55   Thumb Code    68  main.o(i.Uart1Init)
    Uart1Send                                0x08009aa1   Thumb Code    42  main.o(i.Uart1Send)
    Uart2Init                                0x08009ad1   Thumb Code    64  main.o(i.Uart2Init)
    Uart2Send                                0x08009b19   Thumb Code    42  main.o(i.Uart2Send)
    Uart3Init                                0x08009b49   Thumb Code    68  main.o(i.Uart3Init)
    Uart3Send                                0x08009b95   Thumb Code    42  main.o(i.Uart3Send)
    Uart4Init                                0x08009bc5   Thumb Code    68  main.o(i.Uart4Init)
    Uart5Init                                0x08009c11   Thumb Code    74  main.o(i.Uart5Init)
    Uart5Send                                0x08009c69   Thumb Code    42  main.o(i.Uart5Send)
    UartConfig                               0x08009c99   Thumb Code    92  main.o(i.UartConfig)
    UsageFault_Handler                       0x08009cf9   Thumb Code     4  gd32f10x_it.o(i.UsageFault_Handler)
    __0sprintf                               0x08009cfd   Thumb Code    34  printfa.o(i.__0sprintf)
    __1sprintf                               0x08009cfd   Thumb Code     0  printfa.o(i.__0sprintf)
    __2sprintf                               0x08009cfd   Thumb Code     0  printfa.o(i.__0sprintf)
    __c89sprintf                             0x08009cfd   Thumb Code     0  printfa.o(i.__0sprintf)
    sprintf                                  0x08009cfd   Thumb Code     0  printfa.o(i.__0sprintf)
    __aeabi_errno_addr                       0x08009d25   Thumb Code     4  errno.o(i.__aeabi_errno_addr)
    __rt_errno_addr                          0x08009d25   Thumb Code     0  errno.o(i.__aeabi_errno_addr)
    __scatterload_copy                       0x08009d2d   Thumb Code    14  handlers.o(i.__scatterload_copy)
    __scatterload_null                       0x08009d3b   Thumb Code     2  handlers.o(i.__scatterload_null)
    __scatterload_zeroinit                   0x08009d3d   Thumb Code    14  handlers.o(i.__scatterload_zeroinit)
    big_litle_endian                         0x0800a609   Thumb Code    26  payg.o(i.big_litle_endian)
    can_deinit                               0x0800a625   Thumb Code    28  gd32f10x_can.o(i.can_deinit)
    can_filter_init                          0x0800a645   Thumb Code   262  gd32f10x_can.o(i.can_filter_init)
    can_init                                 0x0800a755   Thumb Code   290  gd32f10x_can.o(i.can_init)
    can_interrupt_enable                     0x0800a877   Thumb Code     8  gd32f10x_can.o(i.can_interrupt_enable)
    can_message_receive                      0x0800a87f   Thumb Code   228  gd32f10x_can.o(i.can_message_receive)
    can_struct_para_init                     0x0800a963   Thumb Code   158  gd32f10x_can.o(i.can_struct_para_init)
    crc_chk_value                            0x0800aa01   Thumb Code    60  pump.o(i.crc_chk_value)
    debug_printf                             0x0800aa3d   Thumb Code     2  keyboard.o(i.debug_printf)
    delay_decrement                          0x0800aa41   Thumb Code    18  systick.o(i.delay_decrement)
    exti_init                                0x0800aa59   Thumb Code   184  gd32f10x_exti.o(i.exti_init)
    exti_interrupt_flag_clear                0x0800ab15   Thumb Code     6  gd32f10x_exti.o(i.exti_interrupt_flag_clear)
    exti_interrupt_flag_get                  0x0800ab21   Thumb Code    18  gd32f10x_exti.o(i.exti_interrupt_flag_get)
    gpio_bit_write                           0x0800ab39   Thumb Code    10  gd32f10x_gpio.o(i.gpio_bit_write)
    gpio_exti_source_select                  0x0800ab45   Thumb Code   146  gd32f10x_gpio.o(i.gpio_exti_source_select)
    gpio_init                                0x0800abdd   Thumb Code   172  gd32f10x_gpio.o(i.gpio_init)
    gpio_input_bit_get                       0x0800ac89   Thumb Code    16  gd32f10x_gpio.o(i.gpio_input_bit_get)
    i2c_eeprom_init                          0x0800ac99   Thumb Code     8  at24cxx.o(i.i2c_eeprom_init)
    mStrStr                                  0x0800aca5   Thumb Code    78  gps.o(i.mStrStr)
    main                                     0x0800acf5   Thumb Code   222  main.o(i.main)
    nvic_irq_enable                          0x0800adf5   Thumb Code   162  gd32f10x_misc.o(i.nvic_irq_enable)
    nvic_priority_group_set                  0x0800aea1   Thumb Code    10  gd32f10x_misc.o(i.nvic_priority_group_set)
    nvic_vector_table_set                    0x0800aeb5   Thumb Code    16  gd32f10x_misc.o(i.nvic_vector_table_set)
    rcu_clock_freq_get                       0x0800aecd   Thumb Code   264  gd32f10x_rcu.o(i.rcu_clock_freq_get)
    rcu_periph_clock_enable                  0x0800aff1   Thumb Code    28  gd32f10x_rcu.o(i.rcu_periph_clock_enable)
    rcu_periph_reset_disable                 0x0800b011   Thumb Code    28  gd32f10x_rcu.o(i.rcu_periph_reset_disable)
    rcu_periph_reset_enable                  0x0800b031   Thumb Code    28  gd32f10x_rcu.o(i.rcu_periph_reset_enable)
    read_1302                                0x0800b051   Thumb Code   148  ds1302.o(i.read_1302)
    sha1_c                                   0x0800b0e9   Thumb Code    76  payg.o(i.sha1_c)
    sha1_finish                              0x0800b139   Thumb Code   228  payg.o(i.sha1_finish)
    sha1_process                             0x0800b221   Thumb Code  6420  payg.o(i.sha1_process)
    sha1_starts                              0x0800cb3d   Thumb Code    30  payg.o(i.sha1_starts)
    sha1_update                              0x0800cb69   Thumb Code   124  payg.o(i.sha1_update)
    systick_config                           0x0800ccb1   Thumb Code    74  systick.o(i.systick_config)
    usart_baudrate_set                       0x0800cd01   Thumb Code   136  gd32f10x_usart.o(i.usart_baudrate_set)
    usart_data_receive                       0x0800cd91   Thumb Code    10  gd32f10x_usart.o(i.usart_data_receive)
    usart_data_transmit                      0x0800cd9b   Thumb Code     8  gd32f10x_usart.o(i.usart_data_transmit)
    usart_deinit                             0x0800cda5   Thumb Code   136  gd32f10x_usart.o(i.usart_deinit)
    usart_enable                             0x0800ce35   Thumb Code    10  gd32f10x_usart.o(i.usart_enable)
    usart_flag_get                           0x0800ce3f   Thumb Code    30  gd32f10x_usart.o(i.usart_flag_get)
    usart_hardware_flow_cts_config           0x0800ce5d   Thumb Code    16  gd32f10x_usart.o(i.usart_hardware_flow_cts_config)
    usart_hardware_flow_rts_config           0x0800ce6d   Thumb Code    16  gd32f10x_usart.o(i.usart_hardware_flow_rts_config)
    usart_interrupt_enable                   0x0800ce7d   Thumb Code    26  gd32f10x_usart.o(i.usart_interrupt_enable)
    usart_interrupt_flag_get                 0x0800ce97   Thumb Code    56  gd32f10x_usart.o(i.usart_interrupt_flag_get)
    usart_parity_config                      0x0800cecf   Thumb Code    16  gd32f10x_usart.o(i.usart_parity_config)
    usart_receive_config                     0x0800cedf   Thumb Code    16  gd32f10x_usart.o(i.usart_receive_config)
    usart_stop_bit_set                       0x0800ceef   Thumb Code    16  gd32f10x_usart.o(i.usart_stop_bit_set)
    usart_transmit_config                    0x0800ceff   Thumb Code    16  gd32f10x_usart.o(i.usart_transmit_config)
    usart_word_length_set                    0x0800cf0f   Thumb Code    16  gd32f10x_usart.o(i.usart_word_length_set)
    write_1302                               0x0800cf21   Thumb Code    96  ds1302.o(i.write_1302)
    write_1302byte                           0x0800cf85   Thumb Code   104  ds1302.o(i.write_1302byte)
    g_MqttPubFixedPath                       0x0800cff0   Data          15  atcmd.o(.constdata)
    g_MqttSubFixedPath                       0x0800cfff   Data          18  atcmd.o(.constdata)
    g_MqttComparePath                        0x0800d011   Data          17  atcmd.o(.constdata)
    g_atcmd_deal                             0x0800d024   Data         980  atcmd.o(.constdata)
    g_attag_parse                            0x0800d3f8   Data         144  atcmd.o(.constdata)
    auCHCRCHi                                0x0800d488   Data         256  coulom.o(.constdata)
    auCHCRCLo                                0x0800d588   Data         256  coulom.o(.constdata)
    g_GattlistMemberNum                      0x0800d688   Data           5  gatt.o(.constdata)
    g_gatt1_list                             0x0800d690   Data         992  gatt.o(.constdata)
    g_gatt_list                              0x0800da70   Data        3004  gatt.o(.constdata)
    g_Timer                                  0x0800e62c   Data         264  timer.o(.constdata)
    __ctype_table                            0x0800e734   Data         129  ctype_o.o(.constdata)
    Region$$Table$$Base                      0x0800f45c   Number         0  anon$$obj.o(Region$$Table)
    Region$$Table$$Limit                     0x0800f47c   Number         0  anon$$obj.o(Region$$Table)
    huart1                                   0x20000000   Data           8  main.o(.data)
    huart2                                   0x20000008   Data           8  main.o(.data)
    huart3                                   0x20000010   Data           8  main.o(.data)
    huart4                                   0x20000018   Data           8  main.o(.data)
    huart5                                   0x20000020   Data           8  main.o(.data)
    receive_flag                             0x20000028   Data           1  main.o(.data)
    transmit_number                          0x20000029   Data           1  main.o(.data)
    g_VefIntAvergeVolt                       0x20000030   Data           2  adc.o(.data)
    g_BatAvergeVolt                          0x20000032   Data           2  adc.o(.data)
    g_BmsAvergeVolt                          0x20000034   Data           2  adc.o(.data)
    g_ChargeIn                               0x20000036   Data           1  adc.o(.data)
    g_dc12v_overload                         0x20000037   Data           1  adc.o(.data)
    g_dianyan_overload                       0x20000038   Data           1  adc.o(.data)
    g_PvCAvergeAdc                           0x2000003a   Data           2  adc.o(.data)
    g_PvCChrgeCurrent                        0x2000003c   Data           2  adc.o(.data)
    g_PvChrgProtect                          0x2000003e   Data           1  adc.o(.data)
    g_UsbInsertAdc                           0x20000040   Data           2  adc.o(.data)
    g_UsbInsertVolt                          0x20000042   Data           2  adc.o(.data)
    g_DcCurrent                              0x20000044   Data           2  adc.o(.data)
    g_ChargeInConFirmCnt                     0x20000046   Data           1  adc.o(.data)
    g_AdcDetectEnable                        0x20000047   Data           1  adc.o(.data)
    volt_dc12v                               0x20000048   Data           4  adc.o(.data)
    volt_1                                   0x2000004c   Data           4  adc.o(.data)
    volt_diany                               0x20000050   Data           4  adc.o(.data)
    g_AtCmdState                             0x20000054   Data           1  atcmd.o(.data)
    g_AtAckState                             0x20000055   Data           1  atcmd.o(.data)
    g_RxGsmCounter                           0x20000058   Data           4  atcmd.o(.data)
    g_RxGsmParseSize                         0x2000005c   Data           4  atcmd.o(.data)
    g_RxGsmParsePos                          0x20000060   Data           4  atcmd.o(.data)
    msgid                                    0x20000064   Data           1  atcmd.o(.data)
    g_endmark                                0x20000065   Data           4  atcmd.o(.data)
    Defualt_APN                              0x2000006c   Data           4  atcmd.o(.data)
    Defualt_URL                              0x20000070   Data           4  atcmd.o(.data)
    g_GsmExist                               0x20000074   Data           1  atcmd.o(.data)
    message_start                            0x20000075   Data          47  atcmd.o(.data)
    g_mqtt_broker_index                      0x200000a4   Data           1  atcmd.o(.data)
    g_bleCmd_State                           0x200000a6   Data           1  ble.o(.data)
    g_bleComEnable                           0x200000a7   Data           1  ble.o(.data)
    g_bleAck_State                           0x200000a8   Data           1  ble.o(.data)
    g_bleReport_Counter                      0x200000a9   Data           1  ble.o(.data)
    g_bletkre                                0x200000aa   Data           1  ble.o(.data)
    g_bleRptPause                            0x200000ac   Data           2  ble.o(.data)
    g_BmsGetInfor_Enable                     0x200000ae   Data           1  bq40z50.o(.data)
    g_CampGetState                           0x200000b0   Data           1  camp.o(.data)
    g_CampGetEnable                          0x200000b1   Data           1  camp.o(.data)
    RxUart3Counter                           0x200000b2   Data           2  camp.o(.data)
    RxUart3ParsePos                          0x200000b4   Data           2  camp.o(.data)
    g_current                                0x200000b6   Data           2  camp.o(.data)
    Hash_Hi                                  0x200000b8   Data           4  camp.o(.data)
    Hash_Lo                                  0x200000bc   Data           4  camp.o(.data)
    crc_array                                0x200000c0   Data         256  camp.o(.data)
    g_CoulomCmd                              0x200001c0   Data           1  coulom.o(.data)
    g_CoulomComEnable                        0x200001c1   Data           1  coulom.o(.data)
    coulom_cfgclear                          0x200001c2   Data           8  coulom.o(.data)
    coulom_cfgdefault                        0x200001ca   Data           8  coulom.o(.data)
    coulom_cfgfull                           0x200001d2   Data           8  coulom.o(.data)
    coulom_setFullCap48Ah                    0x200001da   Data          13  coulom.o(.data)
    coulom_setFullVolt24v                    0x200001e7   Data          11  coulom.o(.data)
    coulom_setEmpty19v                       0x200001f2   Data          11  coulom.o(.data)
    coulom_startMeter                        0x200001fd   Data           8  coulom.o(.data)
    coulom_getAllReg                         0x20000205   Data           8  coulom.o(.data)
    g_CoulomComError                         0x2000020d   Data           1  coulom.o(.data)
    g_CoulomComErrorConfirm                  0x2000020e   Data           1  coulom.o(.data)
    g_CoulomSocBack                          0x20000210   Data           2  coulom.o(.data)
    g_Chrge_VoltOver                         0x20000212   Data           1  coulom.o(.data)
    g_CoulomChrgeState                       0x20000214   Data           2  coulom.o(.data)
    g_CoulomWarnState                        0x20000216   Data           2  coulom.o(.data)
    g_CoulomAccuCap                          0x20000218   Data           4  coulom.o(.data)
    g_CoulomAccuPower                        0x2000021c   Data           4  coulom.o(.data)
    g_CoulomRtPower                          0x20000220   Data           4  coulom.o(.data)
    g_CoulomAccSolarPower                    0x20000224   Data           4  coulom.o(.data)
    g_CoulomRtChrgePower                     0x20000228   Data           4  coulom.o(.data)
    g_CoulomAccRuntime                       0x2000022c   Data           4  coulom.o(.data)
    g_LowBatPwroffCnt                        0x20000230   Data           4  coulom.o(.data)
    g_AcFaultCnt                             0x20000234   Data           4  coulom.o(.data)
    g_LowBatLevel1ConfirmCnt                 0x20000238   Data           1  coulom.o(.data)
    g_LowBatLevel2ConfirmCnt                 0x20000239   Data           1  coulom.o(.data)
    g_sysStateCode                           0x2000023a   Data           4  coulom.o(.data)
    g_lowbat_protect                         0x2000023e   Data           1  coulom.o(.data)
    Read_T                                   0x2000023f   Data           8  ds1302.o(.data)
    Write_T                                  0x20000247   Data           8  ds1302.o(.data)
    Sys_Code                                 0x2000024f   Data           1  ds1302.o(.data)
    g_ds1302_ErrCnt                          0x20000250   Data           1  ds1302.o(.data)
    g_AbacSaveCounter                        0x2000025a   Data           2  eeprom.o(.data)
    g_AbacSaveAddr                           0x2000025c   Data           2  eeprom.o(.data)
    g_AbacTableIndex                         0x2000025e   Data           2  eeprom.o(.data)
    g_abacReprotIndex                        0x20000260   Data           1  gatt.o(.data)
    g_lon                                    0x20000268   Data           8  gps.o(.data)
    g_lat                                    0x20000270   Data           8  gps.o(.data)
    g_GpsWorkEnable                          0x20000278   Data           1  gps.o(.data)
    g_gpsRateCfg                             0x20000279   Data          16  gps.o(.data)
    g_Mqtt_State                             0x20000289   Data           1  gsmcom.o(.data)
    g_Sms_State                              0x2000028a   Data           1  gsmcom.o(.data)
    g_Mqtt_Request                           0x2000028b   Data           1  gsmcom.o(.data)
    g_Mqtt_ClinetConnect                     0x2000028c   Data           1  gsmcom.o(.data)
    g_Mqtt_hold                              0x2000028d   Data           1  gsmcom.o(.data)
    g_SimCard_State                          0x2000028e   Data           1  gsmcom.o(.data)
    g_NetConnect_State                       0x2000028f   Data           1  gsmcom.o(.data)
    g_GsmWkup_Event                          0x20000290   Data           1  gsmcom.o(.data)
    g_MqttReconnect                          0x20000291   Data           1  gsmcom.o(.data)
    g_run_protect                            0x20000292   Data           1  jbsbms.o(.data)
    g_JbsBmsCmd                              0x20000293   Data           1  jbsbms.o(.data)
    g_jbdCmd_Factorymode                     0x20000294   Data           9  jbsbms.o(.data)
    g_jbdCmd_FETCtrlTime                     0x2000029d   Data           9  jbsbms.o(.data)
    g_jbdCmd_FETCtrl5STime                   0x200002a6   Data           9  jbsbms.o(.data)
    g_jbdCmd_FETCtrl20MinTime                0x200002af   Data           9  jbsbms.o(.data)
    g_jbdCmd_FETCtrlFreeTime                 0x200002b8   Data           9  jbsbms.o(.data)
    g_jbdCmd_FETCtrlLongTime                 0x200002c1   Data           9  jbsbms.o(.data)
    g_jbdCmd_ExitFactory                     0x200002ca   Data           9  jbsbms.o(.data)
    g_jbdCmd_Exit0000Factory                 0x200002d3   Data           9  jbsbms.o(.data)
    g_charge_counter                         0x200002dc   Data           1  jbsbms.o(.data)
    g_jbd_watchdog_timer                     0x200002de   Data           2  jbsbms.o(.data)
    g_jbd_epromWrite_timer                   0x200002e0   Data           2  jbsbms.o(.data)
    g_jbd_ComErr_Cnt                         0x200002e2   Data           2  jbsbms.o(.data)
    g_led_enable                             0x200002e4   Data           1  key.o(.data)
    g_PwrKeyOn                               0x200002e5   Data           1  key.o(.data)
    g_oldkey_value                           0x200002e6   Data           1  key.o(.data)
    g_u16KeyEvent                            0x200002e8   Data           4  key.o(.data)
    g_Roll_State                             0x200002ec   Data           1  key.o(.data)
    g_AcState                                0x200002ed   Data           1  key.o(.data)
    g_DcState                                0x200002ee   Data           1  key.o(.data)
    g_UsbState                               0x200002ef   Data           1  key.o(.data)
    g_DemoState                              0x200002f0   Data           1  key.o(.data)
    g_RollSwitch                             0x200002f1   Data           1  key.o(.data)
    g_KeyboardPwrEnable                      0x200002f2   Data           1  key.o(.data)
    cmd_allhead                              0x200002f4   Data           3  keyboard.o(.data)
    cmd_ppidhead                             0x200002f7   Data           6  keyboard.o(.data)
    cmd_ppidhead_new                         0x200002fd   Data           6  keyboard.o(.data)
    cmd_opidhead                             0x20000303   Data           6  keyboard.o(.data)
    cmd_roothead                             0x20000309   Data           5  keyboard.o(.data)
    cmd_hashtophead                          0x2000030e   Data           5  keyboard.o(.data)
    cmd_handcmd                              0x20000313   Data           6  keyboard.o(.data)
    cmd_handAckcmd                           0x20000319   Data           7  keyboard.o(.data)
    ppid_ok                                  0x20000320   Data           7  keyboard.o(.data)
    opid_ok                                  0x20000327   Data           7  keyboard.o(.data)
    hashtop_ok                               0x2000032e   Data           7  keyboard.o(.data)
    root_ok                                  0x20000335   Data           7  keyboard.o(.data)
    keyUesed                                 0x2000033c   Data           7  keyboard.o(.data)
    errkey                                   0x20000343   Data           7  keyboard.o(.data)
    keyOk                                    0x2000034a   Data           7  keyboard.o(.data)
    Answer_RPD                               0x20000351   Data           5  keyboard.o(.data)
    Answer_DHB                               0x20000356   Data           5  keyboard.o(.data)
    Answer_PD                                0x2000035b   Data           5  keyboard.o(.data)
    Answer_PS                                0x20000360   Data           5  keyboard.o(.data)
    Answer_OCS                               0x20000365   Data           5  keyboard.o(.data)
    Answer_RDB                               0x2000036a   Data           5  keyboard.o(.data)
    Answer_System_Status_Code                0x2000036f   Data           8  keyboard.o(.data)
    Answer_System_Status_CodeE               0x20000377   Data           8  keyboard.o(.data)
    Answer_System_Status_CodeE2              0x2000037f   Data           8  keyboard.o(.data)
    Answer_RREV                              0x20000387   Data           8  keyboard.o(.data)
    Answer_Upgrade                           0x2000038f   Data          10  keyboard.o(.data)
    Camp_ComOK                               0x20000399   Data           1  keyboard.o(.data)
    SaveFlash_Flag                           0x2000039a   Data           1  keyboard.o(.data)
    temphash                                 0x2000039c   Data           4  keyboard.o(.data)
    g_keyboardPwrHoldTmrLock                 0x200003a0   Data           1  keyboard.o(.data)
    RxUart5Counter                           0x200003a2   Data           2  keyboard.o(.data)
    g_UiMenu                                 0x200003a4   Data           4  menu.o(.data)
    g_Ui_Refresh                             0x200003a8   Data           1  menu.o(.data)
    g_ErrBlinkCnt                            0x200003a9   Data           1  menu.o(.data)
    g_PwrOnCnt                               0x200003aa   Data           1  menu.o(.data)
    g_ErrorClrCnt                            0x200003ab   Data           1  menu.o(.data)
    g_PpidShowPos                            0x200003ac   Data           1  menu.o(.data)
    g_PpidHoldDelay                          0x200003ad   Data           1  menu.o(.data)
    tian                                     0x200003b0   Data           4  payg.o(.data)
    g_tokenState                             0x200003b4   Data           1  payg.o(.data)
    g_KeyboardDetectLock                     0x200003b5   Data           1  payg.o(.data)
    g_KeyboardDetectLockRst                  0x200003b6   Data           1  payg.o(.data)
    g_PaygUpdate                             0x200003b7   Data           1  payg.o(.data)
    g_sysInit                                0x200003b8   Data           1  payg.o(.data)
    keyocl                                   0x200003f9   Data          20  payg.o(.data)
    key                                      0x2000040d   Data          20  payg.o(.data)
    Top_UpDays                               0x20000424   Data           4  payg.o(.data)
    g_PumpCmd                                0x20000430   Data           1  pump.o(.data)
    crc_modbus                               0x20000434   Data           4  pump.o(.data)
    pump_powertime                           0x20000438   Data           8  pump.o(.data)
    pump_powertimeover                       0x20000440   Data           8  pump.o(.data)
    pump_on                                  0x20000448   Data           8  pump.o(.data)
    pump_off                                 0x20000450   Data           8  pump.o(.data)
    pump_rst                                 0x20000458   Data           8  pump.o(.data)
    pump_free                                0x20000460   Data           8  pump.o(.data)
    pump_state                               0x20000468   Data           8  pump.o(.data)
    pump_checkRun                            0x20000470   Data           8  pump.o(.data)
    pump_SetModbus                           0x20000478   Data           8  pump.o(.data)
    Pump_SetPowerCmd                         0x20000480   Data           8  pump.o(.data)
    Pump_PowerTime                           0x20000488   Data           4  pump.o(.data)
    Pump_PowerTimeOver                       0x2000048c   Data           4  pump.o(.data)
    payg_enable                              0x20000490   Data           1  pump.o(.data)
    g_PumpComEnable                          0x20000491   Data           1  pump.o(.data)
    g_PumpUserSet                            0x20000492   Data           1  pump.o(.data)
    g_GprsUpload_timer                       0x20000494   Data           8  timer.o(.data)
    g_Mqtt_timer                             0x2000049c   Data           8  timer.o(.data)
    g_Camp_timer                             0x200004a4   Data           8  timer.o(.data)
    g_Pump_timer                             0x200004ac   Data           8  timer.o(.data)
    g_Payg_timer                             0x200004b4   Data           8  timer.o(.data)
    g_BmsCom_timer                           0x200004bc   Data           8  timer.o(.data)
    g_Backlight_timer                        0x200004c4   Data           8  timer.o(.data)
    g_LcdSaver_timer                         0x200004cc   Data           8  timer.o(.data)
    g_AtAckTout_timer                        0x200004d4   Data           8  timer.o(.data)
    g_GsmCom_timer                           0x200004dc   Data           8  timer.o(.data)
    g_KeyTimer                               0x200004e4   Data           8  timer.o(.data)
    g_KbPwrHoldTimer                         0x200004ec   Data           8  timer.o(.data)
    g_SleepTimer                             0x200004f4   Data           8  timer.o(.data)
    g_UiFlashTimer                           0x200004fc   Data           8  timer.o(.data)
    g_ClFullTimer                            0x20000504   Data           8  timer.o(.data)
    g_ClChrgeOverTimer                       0x2000050c   Data           8  timer.o(.data)
    g_ClChrgeLowTimer                        0x20000514   Data           8  timer.o(.data)
    g_SysInitTimer                           0x2000051c   Data           8  timer.o(.data)
    g_DemoTimer                              0x20000524   Data           8  timer.o(.data)
    g_GpsSampleTimer                         0x2000052c   Data           8  timer.o(.data)
    g_RamLReprotTimer                        0x20000534   Data           8  timer.o(.data)
    g_AbacSampleTimer                        0x2000053c   Data           8  timer.o(.data)
    uwTick                                   0x20000544   Data           4  timer.o(.data)
    eeprom_address                           0x20000548   Data           2  at24cxx.o(.data)
    SystemCoreClock                          0x2000054c   Data           4  system_gd32f10x.o(.data)
    receive_message                          0x20000554   Data          20  main.o(.bss)
    transmit_message                         0x20000568   Data          20  main.o(.bss)
    testi2c                                  0x2000057c   Data         256  main.o(.bss)
    g_SampelTable                            0x2000067c   Data         120  adc.o(.bss)
    g_GsmRbuffer                             0x200006f4   Data        1024  atcmd.o(.bss)
    g_PhoneNo                                0x20000b82   Data          20  atcmd.o(.bss)
    g_CellID                                 0x20000b96   Data          24  atcmd.o(.bss)
    MQTT_ClienID                             0x20000bae   Data          60  atcmd.o(.bss)
    MQTT_topic_ppid                          0x20000bea   Data          64  atcmd.o(.bss)
    MQTT_topic_ppid_Subscribe                0x20000c2a   Data          60  atcmd.o(.bss)
    g_blebuffer                              0x20000c66   Data         128  ble.o(.bss)
    g_Uart1Buf                               0x20000ce6   Data         256  ble.o(.bss)
    g_bq40z50_state                          0x20000de6   Data          46  bq40z50.o(.bss)
    g_Uart485Buf                             0x20000e14   Data        1024  camp.o(.bss)
    Hashstr                                  0x20001214   Data          28  camp.o(.bss)
    hashshow                                 0x20001230   Data          32  camp.o(.bss)
    g_UserSet                                0x20001250   Data         652  eeprom.o(.bss)
    g_AbacusLeder                            0x200014dc   Data         128  eeprom.o(.bss)
    g_AbacusLeder_Image                      0x2000155c   Data       16608  eeprom.o(.bss)
    g_pub_json                               0x2000563c   Data        4096  gatt.o(.bss)
    g_gatt_value                             0x2000663c   Data         184  gatt.o(.bss)
    g_gatt_meta_ctrl                         0x200066f4   Data          34  gatt.o(.bss)
    g_GattMem                                0x20006716   Data         420  gatt.o(.bss)
    latstr                                   0x200068ba   Data          16  gps.o(.bss)
    lonstr                                   0x200068ca   Data          16  gps.o(.bss)
    g_UartGpsBuf                             0x200068da   Data        2048  gps.o(.bss)
    g_jbsbms_tx_buf                          0x200070da   Data          16  jbsbms.o(.bss)
    cmd_sendbuf                              0x200070ea   Data          64  keyboard.o(.bss)
    Uart_Buffer                              0x2000712a   Data          64  keyboard.o(.bss)
    Camp_cmd                                 0x2000716a   Data          64  keyboard.o(.bss)
    g_Uart5Buf                               0x200071aa   Data         512  keyboard.o(.bss)
    Lcd_Buffer                               0x200073aa   Data          32  lcd.o(.bss)
    payg                                     0x200073cc   Data         104  payg.o(.bss)
    __initial_sp                             0x20008438   Data           0  startup_gd32f10x_hd.o(STACK)



==============================================================================

Memory Map of the image

  Image Entry point : 0x08000131

  Load Region LR_IROM1 (Base: 0x08000000, Size: 0x0000f9d0, Max: 0x00040000, ABSOLUTE, COMPRESSED[0x0000f748])

    Execution Region ER_IROM1 (Exec base: 0x08000000, Load base: 0x08000000, Size: 0x0000f47c, Max: 0x00040000, ABSOLUTE)

    Exec Addr    Load Addr    Size         Type   Attr      Idx    E Section Name        Object

    0x08000000   0x08000000   0x00000130   Data   RO         7123    RESET               startup_gd32f10x_hd.o
    0x08000130   0x08000130   0x00000000   Code   RO         7189  * .ARM.Collect$$$$00000000  mc_w.l(entry.o)
    0x08000130   0x08000130   0x00000004   Code   RO         7479    .ARM.Collect$$$$00000001  mc_w.l(entry2.o)
    0x08000134   0x08000134   0x00000004   Code   RO         7482    .ARM.Collect$$$$00000004  mc_w.l(entry5.o)
    0x08000138   0x08000138   0x00000000   Code   RO         7484    .ARM.Collect$$$$00000008  mc_w.l(entry7b.o)
    0x08000138   0x08000138   0x00000000   Code   RO         7486    .ARM.Collect$$$$0000000A  mc_w.l(entry8b.o)
    0x08000138   0x08000138   0x00000008   Code   RO         7487    .ARM.Collect$$$$0000000B  mc_w.l(entry9a.o)
    0x08000140   0x08000140   0x00000000   Code   RO         7489    .ARM.Collect$$$$0000000D  mc_w.l(entry10a.o)
    0x08000140   0x08000140   0x00000000   Code   RO         7491    .ARM.Collect$$$$0000000F  mc_w.l(entry11a.o)
    0x08000140   0x08000140   0x00000004   Code   RO         7480    .ARM.Collect$$$$00002712  mc_w.l(entry2.o)
    0x08000144   0x08000144   0x00000024   Code   RO         7124    .text               startup_gd32f10x_hd.o
    0x08000168   0x08000168   0x00000024   Code   RO         7192    .text               mc_w.l(memcpya.o)
    0x0800018c   0x0800018c   0x00000024   Code   RO         7194    .text               mc_w.l(memseta.o)
    0x080001b0   0x080001b0   0x00000024   Code   RO         7196    .text               mc_w.l(strstr.o)
    0x080001d4   0x080001d4   0x0000000e   Code   RO         7198    .text               mc_w.l(strlen.o)
    0x080001e2   0x080001e2   0x0000001a   Code   RO         7463    .text               mc_w.l(atoi.o)
    0x080001fc   0x080001fc   0x0000014e   Code   RO         7465    .text               mf_w.l(dadd.o)
    0x0800034a   0x0800034a   0x000000e4   Code   RO         7467    .text               mf_w.l(dmul.o)
    0x0800042e   0x0800042e   0x000000de   Code   RO         7469    .text               mf_w.l(ddiv.o)
    0x0800050c   0x0800050c   0x0000001a   Code   RO         7471    .text               mf_w.l(dfltui.o)
    0x08000526   0x08000526   0x00000002   PAD
    0x08000528   0x08000528   0x00000030   Code   RO         7477    .text               mf_w.l(cdcmple.o)
    0x08000558   0x08000558   0x0000002c   Code   RO         7494    .text               mc_w.l(uidiv.o)
    0x08000584   0x08000584   0x00000062   Code   RO         7496    .text               mc_w.l(uldiv.o)
    0x080005e6   0x080005e6   0x0000001e   Code   RO         7498    .text               mc_w.l(llshl.o)
    0x08000604   0x08000604   0x00000020   Code   RO         7500    .text               mc_w.l(llushr.o)
    0x08000624   0x08000624   0x00000024   Code   RO         7502    .text               mc_w.l(llsshr.o)
    0x08000648   0x08000648   0x00000070   Code   RO         7511    .text               mc_w.l(strtol.o)
    0x080006b8   0x080006b8   0x00000000   Code   RO         7513    .text               mc_w.l(iusefp.o)
    0x080006b8   0x080006b8   0x000000ba   Code   RO         7514    .text               mf_w.l(depilogue.o)
    0x08000772   0x08000772   0x00000030   Code   RO         7516    .text               mf_w.l(dfixul.o)
    0x080007a2   0x080007a2   0x00000002   PAD
    0x080007a4   0x080007a4   0x00000030   Code   RO         7518    .text               mf_w.l(cdrcmple.o)
    0x080007d4   0x080007d4   0x00000024   Code   RO         7520    .text               mc_w.l(init.o)
    0x080007f8   0x080007f8   0x00000008   Code   RO         7522    .text               mc_w.l(ctype_o.o)
    0x08000800   0x08000800   0x0000009e   Code   RO         7550    .text               mc_w.l(_strtoul.o)
    0x0800089e   0x0800089e   0x0000001c   Code   RO         7552    .text               mc_w.l(_chval.o)
    0x080008ba   0x080008ba   0x00000056   Code   RO         7562    .text               mc_w.l(__dczerorl2.o)
    0x08000910   0x08000910   0x00000068   Code   RO         1314    i.AbacusLederInit   eeprom.o
    0x08000978   0x08000978   0x00000554   Code   RO         1315    i.AbacusLederProc   eeprom.o
    0x08000ecc   0x08000ecc   0x0000000c   Code   RO          496    i.AdcDetectEnable   adc.o
    0x08000ed8   0x08000ed8   0x00000024   Code   RO          498    i.AdcGetBatAvgVolt  adc.o
    0x08000efc   0x08000efc   0x00000014   Code   RO          501    i.AdcGetVerfIntAvgVolt  adc.o
    0x08000f10   0x08000f10   0x00000002   Code   RO          502    i.AdcInit           adc.o
    0x08000f12   0x08000f12   0x00000002   PAD
    0x08000f14   0x08000f14   0x0000008c   Code   RO          503    i.AdcProc           adc.o
    0x08000fa0   0x08000fa0   0x00000084   Code   RO          574    i.AtCmdApnParse     atcmd.o
    0x08001024   0x08001024   0x0000008c   Code   RO          575    i.AtCmdApnPswdParse  atcmd.o
    0x080010b0   0x080010b0   0x0000008c   Code   RO          576    i.AtCmdApnUserParse  atcmd.o
    0x0800113c   0x0800113c   0x00000084   Code   RO          577    i.AtCmdBrokerParse  atcmd.o
    0x080011c0   0x080011c0   0x0000003c   Code   RO          578    i.AtCmdCgactSend    atcmd.o
    0x080011fc   0x080011fc   0x0000004c   Code   RO          579    i.AtCmdCgdcontSend  atcmd.o
    0x08001248   0x08001248   0x000001ac   Code   RO          580    i.AtCmdCipSend      atcmd.o
    0x080013f4   0x080013f4   0x00000018   Code   RO          581    i.AtCmdCipSendOk    atcmd.o
    0x0800140c   0x0800140c   0x000000b0   Code   RO          582    i.AtCmdCipStart     atcmd.o
    0x080014bc   0x080014bc   0x00000038   Code   RO          583    i.AtCmdCmgrSend     atcmd.o
    0x080014f4   0x080014f4   0x00000090   Code   RO          584    i.AtCmdCmgsSMSSend  atcmd.o
    0x08001584   0x08001584   0x00000034   Code   RO          585    i.AtCmdCmgsSend     atcmd.o
    0x080015b8   0x080015b8   0x0000000e   Code   RO          586    i.AtCmdCpmsAck      atcmd.o
    0x080015c6   0x080015c6   0x00000002   PAD
    0x080015c8   0x080015c8   0x00000094   Code   RO          587    i.AtCmdCsttSend     atcmd.o
    0x0800165c   0x0800165c   0x00000024   Code   RO          588    i.AtCmdGetValueLen  atcmd.o
    0x08001680   0x08001680   0x0000007c   Code   RO          589    i.AtCmdInit         atcmd.o
    0x080016fc   0x080016fc   0x00000028   Code   RO          590    i.AtCmdLenSend      atcmd.o
    0x08001724   0x08001724   0x00000084   Code   RO          591    i.AtCmdMeansFrqParse  atcmd.o
    0x080017a8   0x080017a8   0x00000078   Code   RO          592    i.AtCmdMerge        atcmd.o
    0x08001820   0x08001820   0x00000078   Code   RO          593    i.AtCmdMqttAccqSend  atcmd.o
    0x08001898   0x08001898   0x0000010c   Code   RO          594    i.AtCmdMqttConnectSend  atcmd.o
    0x080019a4   0x080019a4   0x0000001c   Code   RO          595    i.AtCmdMqttPayloadAck  atcmd.o
    0x080019c0   0x080019c0   0x0000007c   Code   RO          596    i.AtCmdMqttPayloadSend  atcmd.o
    0x08001a3c   0x08001a3c   0x00000084   Code   RO          597    i.AtCmdMqttPswdParse  atcmd.o
    0x08001ac0   0x08001ac0   0x00000078   Code   RO          598    i.AtCmdMqttPubSend  atcmd.o
    0x08001b38   0x08001b38   0x0000001c   Code   RO          599    i.AtCmdMqttSubAck   atcmd.o
    0x08001b54   0x08001b54   0x00000074   Code   RO          600    i.AtCmdMqttSubSend  atcmd.o
    0x08001bc8   0x08001bc8   0x0000001c   Code   RO          601    i.AtCmdMqttSubtopicAck  atcmd.o
    0x08001be4   0x08001be4   0x00000078   Code   RO          602    i.AtCmdMqttSubtopicSend  atcmd.o
    0x08001c5c   0x08001c5c   0x0000001c   Code   RO          603    i.AtCmdMqttTopicAck  atcmd.o
    0x08001c78   0x08001c78   0x00000074   Code   RO          604    i.AtCmdMqttTopicSend  atcmd.o
    0x08001cec   0x08001cec   0x0000001c   Code   RO          605    i.AtCmdMqttUnSubAck  atcmd.o
    0x08001d08   0x08001d08   0x00000074   Code   RO          606    i.AtCmdMqttUnSubSend  atcmd.o
    0x08001d7c   0x08001d7c   0x00000084   Code   RO          607    i.AtCmdMqttUsrNameParse  atcmd.o
    0x08001e00   0x08001e00   0x00001630   Code   RO          608    i.AtCmdPaser        atcmd.o
    0x08003430   0x08003430   0x00000040   Code   RO          609    i.AtCmdPhoneNoParse  atcmd.o
    0x08003470   0x08003470   0x00000084   Code   RO          610    i.AtCmdPortParse    atcmd.o
    0x080034f4   0x080034f4   0x00000130   Code   RO          611    i.AtCmdProc         atcmd.o
    0x08003624   0x08003624   0x00000030   Code   RO          612    i.AtCmdSend         atcmd.o
    0x08003654   0x08003654   0x00000264   Code   RO          614    i.AtCmdTokenParse   atcmd.o
    0x080038b8   0x080038b8   0x00000088   Code   RO          615    i.AtCmdTransFrqParse  atcmd.o
    0x08003940   0x08003940   0x00000070   Code   RO          616    i.AtSetSubscribeId  atcmd.o
    0x080039b0   0x080039b0   0x00000080   Code   RO          617    i.AtSetTopicId      atcmd.o
    0x08003a30   0x08003a30   0x00000058   Code   RO          618    i.AtStrStr          atcmd.o
    0x08003a88   0x08003a88   0x00000040   Code   RO          619    i.AtouI             atcmd.o
    0x08003ac8   0x08003ac8   0x000001d0   Code   RO          871    i.BleCmdProc        ble.o
    0x08003c98   0x08003c98   0x0000000c   Code   RO          872    i.BleComEnable      ble.o
    0x08003ca4   0x08003ca4   0x00000050   Code   RO          873    i.BleDataCheck      ble.o
    0x08003cf4   0x08003cf4   0x000004c8   Code   RO          874    i.BleDataReprot     ble.o
    0x080041bc   0x080041bc   0x00000078   Code   RO          875    i.BlePacktParse     ble.o
    0x08004234   0x08004234   0x000000b8   Code   RO          876    i.BlePacktSend      ble.o
    0x080042ec   0x080042ec   0x00000010   Code   RO          877    i.BleSend           ble.o
    0x080042fc   0x080042fc   0x0000001c   Code   RO          878    i.BleUartInit       ble.o
    0x08004318   0x08004318   0x0000000c   Code   RO          939    i.BmsComEnable      bq40z50.o
    0x08004324   0x08004324   0x00000004   Code   RO            3    i.BusFault_Handler  gd32f10x_it.o
    0x08004328   0x08004328   0x00000038   Code   RO         1066    i.CRC16             coulom.o
    0x08004360   0x08004360   0x00000020   Code   RO          974    i.CRC8              camp.o
    0x08004380   0x08004380   0x0000000c   Code   RO          975    i.CampGetEnable     camp.o
    0x0800438c   0x0800438c   0x0000008e   Code   RO          981    i.CampInsert        camp.o
    0x0800441a   0x0800441a   0x00000046   Code   RO          982    i.CampInttoStrs     camp.o
    0x08004460   0x08004460   0x0000000c   Code   RO          984    i.CampStart         camp.o
    0x0800446c   0x0800446c   0x000000e0   Code   RO          306    i.CanInit           main.o
    0x0800454c   0x0800454c   0x00000048   Code   RO         1193    i.Check_Ds1302Runs  ds1302.o
    0x08004594   0x08004594   0x0000000c   Code   RO         1068    i.CoulomComEnable   coulom.o
    0x080045a0   0x080045a0   0x00000002   Code   RO            4    i.DebugMon_Handler  gd32f10x_it.o
    0x080045a2   0x080045a2   0x0000002e   Code   RO         1195    i.Delay             ds1302.o
    0x080045d0   0x080045d0   0x0000000e   Code   RO         2364    i.Delayus           lcd.o
    0x080045de   0x080045de   0x00000002   PAD
    0x080045e0   0x080045e0   0x0000000c   Code   RO         2182    i.DemoModeStart     key.o
    0x080045ec   0x080045ec   0x0000000c   Code   RO         1322    i.EEpGetDemoCnt     eeprom.o
    0x080045f8   0x080045f8   0x0000000c   Code   RO         1323    i.EEpGetHeartbeat   eeprom.o
    0x08004604   0x08004604   0x00000018   Code   RO         1326    i.EEpGetOnlineTime  eeprom.o
    0x0800461c   0x0800461c   0x0000000c   Code   RO         1327    i.EEpGetRamLRptNum  eeprom.o
    0x08004628   0x08004628   0x00000014   Code   RO         1328    i.EEpGetRamLRptTime  eeprom.o
    0x0800463c   0x0800463c   0x00000028   Code   RO         1329    i.EEpGetSleepTime   eeprom.o
    0x08004664   0x08004664   0x0000000c   Code   RO         1333    i.EEpGetWakeupCnt   eeprom.o
    0x08004670   0x08004670   0x000001c0   Code   RO         1334    i.EEpInit           eeprom.o
    0x08004830   0x08004830   0x00000034   Code   RO         1335    i.EEpProcess        eeprom.o
    0x08004864   0x08004864   0x00000016   Code   RO         1337    i.EEpReadPage       eeprom.o
    0x0800487a   0x0800487a   0x00000002   PAD
    0x0800487c   0x0800487c   0x00000014   Code   RO         1342    i.EEpSetDemoCnt     eeprom.o
    0x08004890   0x08004890   0x00000014   Code   RO         1346    i.EEpSetWakeupCnt   eeprom.o
    0x080048a4   0x080048a4   0x0000000c   Code   RO         1347    i.EEpUpdateEnable   eeprom.o
    0x080048b0   0x080048b0   0x00000050   Code   RO         1349    i.EEpWritePage      eeprom.o
    0x08004900   0x08004900   0x00000018   Code   RO            5    i.EXTI0_IRQHandler  gd32f10x_it.o
    0x08004918   0x08004918   0x00000036   Code   RO          307    i.ExtiInit          main.o
    0x0800494e   0x0800494e   0x00000002   PAD
    0x08004950   0x08004950   0x0000024c   Code   RO         1570    i.GattAbacFieldMerge  gatt.o
    0x08004b9c   0x08004b9c   0x0000000c   Code   RO         1571    i.GattAbacSetReprotIndex  gatt.o
    0x08004ba8   0x08004ba8   0x000001f0   Code   RO         1572    i.GattAllFieldJsonMerge  gatt.o
    0x08004d98   0x08004d98   0x000002a0   Code   RO         1573    i.GattDtTypeFieldJsonMerge  gatt.o
    0x08005038   0x08005038   0x0000009e   Code   RO         1578    i.GattGetData       gatt.o
    0x080050d6   0x080050d6   0x00000002   PAD
    0x080050d8   0x080050d8   0x00000008   Code   RO         1580    i.GattGetJsonBuff   gatt.o
    0x080050e0   0x080050e0   0x00000054   Code   RO         1582    i.GattGetListInfor  gatt.o
    0x08005134   0x08005134   0x0000009c   Code   RO         1584    i.GattGetListProp   gatt.o
    0x080051d0   0x080051d0   0x00000012   Code   RO         1588    i.GattGetRelativeSOC  gatt.o
    0x080051e2   0x080051e2   0x00000002   PAD
    0x080051e4   0x080051e4   0x00000060   Code   RO         1589    i.GattInit          gatt.o
    0x08005244   0x08005244   0x000002b0   Code   RO         1590    i.GattMultiFieldMerge  gatt.o
    0x080054f4   0x080054f4   0x0000000c   Code   RO         1591    i.GattSetAccuCyc    gatt.o
    0x08005500   0x08005500   0x0000001c   Code   RO         1593    i.GattSetBattCurrent  gatt.o
    0x0800551c   0x0800551c   0x0000001c   Code   RO         1594    i.GattSetBattTemp   gatt.o
    0x08005538   0x08005538   0x0000001c   Code   RO         1595    i.GattSetBattVolt   gatt.o
    0x08005554   0x08005554   0x0000001c   Code   RO         1603    i.GattSetChargePower  gatt.o
    0x08005570   0x08005570   0x00000068   Code   RO         1604    i.GattSetCmdUplinkData  gatt.o
    0x080055d8   0x080055d8   0x00000098   Code   RO         1605    i.GattSetData       gatt.o
    0x08005670   0x08005670   0x0000000c   Code   RO         1607    i.GattSetFullChrgeCap  gatt.o
    0x0800567c   0x0800567c   0x0000001c   Code   RO         1608    i.GattSetGprsConnectFailCnt  gatt.o
    0x08005698   0x08005698   0x0000001c   Code   RO         1609    i.GattSetGprsConnectTime  gatt.o
    0x080056b4   0x080056b4   0x0000001c   Code   RO         1610    i.GattSetGprsRssi   gatt.o
    0x080056d0   0x080056d0   0x0000001c   Code   RO         1611    i.GattSetGprsSleepTime  gatt.o
    0x080056ec   0x080056ec   0x00000030   Code   RO         1612    i.GattSetGpsCordLat  gatt.o
    0x0800571c   0x0800571c   0x00000030   Code   RO         1613    i.GattSetGpsCordLon  gatt.o
    0x0800574c   0x0800574c   0x00000024   Code   RO         1614    i.GattSetHashTop    gatt.o
    0x08005770   0x08005770   0x0000001c   Code   RO         1615    i.GattSetHeartbeat  gatt.o
    0x0800578c   0x0800578c   0x0000001c   Code   RO         1616    i.GattSetLoadPower  gatt.o
    0x080057a8   0x080057a8   0x00000024   Code   RO         1617    i.GattSetOpid       gatt.o
    0x080057cc   0x080057cc   0x0000001c   Code   RO         1618    i.GattSetOutputCtrlState  gatt.o
    0x080057e8   0x080057e8   0x0000001c   Code   RO         1619    i.GattSetPaygDays   gatt.o
    0x08005804   0x08005804   0x0000001c   Code   RO         1620    i.GattSetPaygState  gatt.o
    0x08005820   0x08005820   0x00000024   Code   RO         1621    i.GattSetPpid       gatt.o
    0x08005844   0x08005844   0x0000001c   Code   RO         1622    i.GattSetRelativeSOC  gatt.o
    0x08005860   0x08005860   0x0000001c   Code   RO         1623    i.GattSetReportMode  gatt.o
    0x0800587c   0x0800587c   0x0000001c   Code   RO         1624    i.GattSetRmCap      gatt.o
    0x08005898   0x08005898   0x0000001c   Code   RO         1625    i.GattSetRmPayDays  gatt.o
    0x080058b4   0x080058b4   0x0000000c   Code   RO         1626    i.GattSetRunDayBackup  gatt.o
    0x080058c0   0x080058c0   0x0000001c   Code   RO         1627    i.GattSetRunDays    gatt.o
    0x080058dc   0x080058dc   0x0000001c   Code   RO         1628    i.GattSetSolarGeneration  gatt.o
    0x080058f8   0x080058f8   0x0000001c   Code   RO         1629    i.GattSetSysStatusCode  gatt.o
    0x08005914   0x08005914   0x00000034   Code   RO         1630    i.GattSetUplinkData  gatt.o
    0x08005948   0x08005948   0x00000024   Code   RO         1631    i.GattSetVersion    gatt.o
    0x0800596c   0x0800596c   0x000002dc   Code   RO         1632    i.GattSingleFieldMerge  gatt.o
    0x08005c48   0x08005c48   0x00000040   Code   RO         1969    i.GetAsciiValueLen  gps.o
    0x08005c88   0x08005c88   0x0000000c   Code   RO         2183    i.GetDemoState      key.o
    0x08005c94   0x08005c94   0x00000128   Code   RO         1196    i.GetDs1302Day      ds1302.o
    0x08005dbc   0x08005dbc   0x0000000c   Code   RO         1198    i.GetSysErrorCode   ds1302.o
    0x08005dc8   0x08005dc8   0x0000000c   Code   RO         2999    i.GetTimerGsmComEvent  timer.o
    0x08005dd4   0x08005dd4   0x0000000c   Code   RO         2018    i.GmsGetSimcardState  gsmcom.o
    0x08005de0   0x08005de0   0x0000000c   Code   RO         2019    i.GmsNetConnectState  gsmcom.o
    0x08005dec   0x08005dec   0x0000000c   Code   RO         2020    i.GmsSetNetConnectState  gsmcom.o
    0x08005df8   0x08005df8   0x0000000c   Code   RO         2021    i.GmsSetSimcardState  gsmcom.o
    0x08005e04   0x08005e04   0x0000000c   Code   RO         2022    i.GmsWakeup         gsmcom.o
    0x08005e10   0x08005e10   0x00000180   Code   RO          308    i.GpioInit          main.o
    0x08005f90   0x08005f90   0x0000001c   Code   RO         1970    i.GpsInit           gps.o
    0x08005fac   0x08005fac   0x000002cc   Code   RO         1971    i.GpsProc           gps.o
    0x08006278   0x08006278   0x0000001c   Code   RO         2023    i.GsmComIdle        gsmcom.o
    0x08006294   0x08006294   0x0000000c   Code   RO         2024    i.GsmComInit        gsmcom.o
    0x080062a0   0x080062a0   0x00000040   Code   RO         2025    i.GsmComProc        gsmcom.o
    0x080062e0   0x080062e0   0x00000020   Code   RO         3000    i.HAL_Delay         timer.o
    0x08006300   0x08006300   0x00000034   Code   RO         2187    i.HAL_GPIO_EXTI_Callback  key.o
    0x08006334   0x08006334   0x0000000c   Code   RO         3001    i.HAL_GetTick       timer.o
    0x08006340   0x08006340   0x00000148   Code   RO         3002    i.HAL_SYSTICK_Callback  timer.o
    0x08006488   0x08006488   0x00000004   Code   RO            6    i.HardFault_Handler  gd32f10x_it.o
    0x0800648c   0x0800648c   0x000000e8   Code   RO         2670    i.Hash_Opration     payg.o
    0x08006574   0x08006574   0x00000050   Code   RO         2671    i.HexToStr          payg.o
    0x080065c4   0x080065c4   0x0000000e   Code   RO         3343    i.I2c_Delay2us      i2c.o
    0x080065d2   0x080065d2   0x0000007e   Code   RO         3344    i.I2c_PageRead      i2c.o
    0x08006650   0x08006650   0x00000062   Code   RO         3345    i.I2c_PageWrite     i2c.o
    0x080066b2   0x080066b2   0x00000002   PAD
    0x080066b4   0x080066b4   0x000000a4   Code   RO         3346    i.I2c_Read          i2c.o
    0x08006758   0x08006758   0x000000a4   Code   RO         3347    i.I2c_Send          i2c.o
    0x080067fc   0x080067fc   0x0000006c   Code   RO         3348    i.I2c_Start         i2c.o
    0x08006868   0x08006868   0x00000034   Code   RO         3349    i.I2c_Stop          i2c.o
    0x0800689c   0x0800689c   0x00000060   Code   RO         1199    i.InitDs1302        ds1302.o
    0x080068fc   0x080068fc   0x00000014   Code   RO         2188    i.IsKeyEvent        key.o
    0x08006910   0x08006910   0x00000010   Code   RO         2126    i.Jbd485Send        jbsbms.o
    0x08006920   0x08006920   0x00000024   Code   RO         2127    i.JbsBmsChecksum    jbsbms.o
    0x08006944   0x08006944   0x0000007c   Code   RO         2128    i.JbsBmsInit        jbsbms.o
    0x080069c0   0x080069c0   0x00000330   Code   RO         2129    i.JbsBmsTask        jbsbms.o
    0x08006cf0   0x08006cf0   0x00000170   Code   RO         2130    i.JbsBms_GetInfo    jbsbms.o
    0x08006e60   0x08006e60   0x0000001c   Code   RO         2292    i.KeyBoardInit      keyboard.o
    0x08006e7c   0x08006e7c   0x0000000c   Code   RO         2194    i.KeyboardUsbPwrSet  key.o
    0x08006e88   0x08006e88   0x00000060   Code   RO         2365    i.LCDSendAddr       lcd.o
    0x08006ee8   0x08006ee8   0x00000054   Code   RO         2366    i.LCDSendCom        lcd.o
    0x08006f3c   0x08006f3c   0x00000054   Code   RO         2367    i.LCDSendData       lcd.o
    0x08006f90   0x08006f90   0x00000018   Code   RO         2368    i.LcdClearAll       lcd.o
    0x08006fa8   0x08006fa8   0x0000017c   Code   RO         2370    i.LcdInit           lcd.o
    0x08007124   0x08007124   0x0000004c   Code   RO         2375    i.LcdUpdateAll      lcd.o
    0x08007170   0x08007170   0x00000020   Code   RO          309    i.LogPrintf         main.o
    0x08007190   0x08007190   0x00000004   Code   RO            7    i.MemManage_Handler  gd32f10x_it.o
    0x08007194   0x08007194   0x00000014   Code   RO         2478    i.MenuFlashSet      menu.o
    0x080071a8   0x080071a8   0x00000010   Code   RO         2479    i.MenuGetFlashState  menu.o
    0x080071b8   0x080071b8   0x0000000c   Code   RO         2482    i.MenuRefresh       menu.o
    0x080071c4   0x080071c4   0x00000024   Code   RO         2483    i.MenuSaverSet      menu.o
    0x080071e8   0x080071e8   0x0000003c   Code   RO         2484    i.MenuSaverUpdate   menu.o
    0x08007224   0x08007224   0x00000018   Code   RO         2672    i.MiddleStr         payg.o
    0x0800723c   0x0800723c   0x0000000c   Code   RO         2026    i.MqttGetRequest    gsmcom.o
    0x08007248   0x08007248   0x0000000c   Code   RO         2027    i.MqttGetState      gsmcom.o
    0x08007254   0x08007254   0x00000020   Code   RO         2028    i.MqttInit          gsmcom.o
    0x08007274   0x08007274   0x00000508   Code   RO         2029    i.MqttProc          gsmcom.o
    0x0800777c   0x0800777c   0x0000000c   Code   RO         2030    i.MqttSetRequest    gsmcom.o
    0x08007788   0x08007788   0x00000002   Code   RO            8    i.NMI_Handler       gd32f10x_it.o
    0x0800778a   0x0800778a   0x00000002   PAD
    0x0800778c   0x0800778c   0x00000028   Code   RO          440    i.NVIC_SetPriority  systick.o
    0x080077b4   0x080077b4   0x000006b4   Code   RO         2293    i.PKeybordProc      keyboard.o
    0x08007e68   0x08007e68   0x0000001c   Code   RO         2673    i.PaygGetFreeState  payg.o
    0x08007e84   0x08007e84   0x00000020   Code   RO         2674    i.PaygGetPayState   payg.o
    0x08007ea4   0x08007ea4   0x00000008   Code   RO         2675    i.PaygGetPaygBuf    payg.o
    0x08007eac   0x08007eac   0x00000054   Code   RO         2676    i.PaygInit          payg.o
    0x08007f00   0x08007f00   0x00000248   Code   RO         2677    i.PaygOvesInput     payg.o
    0x08008148   0x08008148   0x00000088   Code   RO         2678    i.PaygOvesTask      payg.o
    0x080081d0   0x080081d0   0x00000124   Code   RO         2679    i.PaygProcess       payg.o
    0x080082f4   0x080082f4   0x0000000c   Code   RO         2680    i.PaygUpdateEnable  payg.o
    0x08008300   0x08008300   0x00000002   Code   RO            9    i.PendSV_Handler    gd32f10x_it.o
    0x08008302   0x08008302   0x00000010   Code   RO         2294    i.Printf_Usart_num  keyboard.o
    0x08008312   0x08008312   0x00000002   PAD
    0x08008314   0x08008314   0x0000099c   Code   RO         2296    i.Process_cmd_all   keyboard.o
    0x08008cb0   0x08008cb0   0x0000000c   Code   RO         2813    i.PumpComStart      pump.o
    0x08008cbc   0x08008cbc   0x00000038   Code   RO         2818    i.PumpSend          pump.o
    0x08008cf4   0x08008cf4   0x00000190   Code   RO         2819    i.PumpTxCmd         pump.o
    0x08008e84   0x08008e84   0x0000001c   Code   RO         1353    i.RamShift          eeprom.o
    0x08008ea0   0x08008ea0   0x00000044   Code   RO         2681    i.SHA               payg.o
    0x08008ee4   0x08008ee4   0x00000002   Code   RO           10    i.SVC_Handler       gd32f10x_it.o
    0x08008ee6   0x08008ee6   0x00000002   PAD
    0x08008ee8   0x08008ee8   0x00000010   Code   RO         2297    i.Send_RechargeOK   keyboard.o
    0x08008ef8   0x08008ef8   0x00000140   Code   RO         2298    i.Serial_Cmd        keyboard.o
    0x08009038   0x08009038   0x000000d0   Code   RO         1972    i.StrToDouble       gps.o
    0x08009108   0x08009108   0x0000000c   Code   RO           11    i.SysTick_Handler   gd32f10x_it.o
    0x08009114   0x08009114   0x000000d4   Code   RO         3438    i.SystemInit        system_gd32f10x.o
    0x080091e8   0x080091e8   0x00000008   Code   RO         3003    i.TimeAbacSampleCallback  timer.o
    0x080091f0   0x080091f0   0x00000048   Code   RO         3004    i.TimeBacklightCallback  timer.o
    0x08009238   0x08009238   0x00000002   Code   RO         3006    i.TimeCoulomCallback  timer.o
    0x0800923a   0x0800923a   0x00000002   PAD
    0x0800923c   0x0800923c   0x00000018   Code   RO         3008    i.TimeKbPwrHoldCallback  timer.o
    0x08009254   0x08009254   0x0000001e   Code   RO         3009    i.TimeRamlReportCallback  timer.o
    0x08009272   0x08009272   0x00000010   Code   RO         3010    i.TimeSaverCallback  timer.o
    0x08009282   0x08009282   0x00000022   Code   RO         3011    i.TimeUiFlashCallback  timer.o
    0x080092a4   0x080092a4   0x00000030   Code   RO         3012    i.TimerAtTOutStart  timer.o
    0x080092d4   0x080092d4   0x00000024   Code   RO         3013    i.TimerAtTOutStop   timer.o
    0x080092f8   0x080092f8   0x00000010   Code   RO         3014    i.TimerBmsComCallback  timer.o
    0x08009308   0x08009308   0x0000000e   Code   RO         3015    i.TimerCampCallback  timer.o
    0x08009316   0x08009316   0x00000002   PAD
    0x08009318   0x08009318   0x00000028   Code   RO         3022    i.TimerDemoSet      timer.o
    0x08009340   0x08009340   0x00000048   Code   RO         3023    i.TimerEventClear   timer.o
    0x08009388   0x08009388   0x00000038   Code   RO         3024    i.TimerGetEventState  timer.o
    0x080093c0   0x080093c0   0x0000001c   Code   RO         3025    i.TimerGprsUploadCallback  timer.o
    0x080093dc   0x080093dc   0x00000020   Code   RO         3026    i.TimerGsmComSet    timer.o
    0x080093fc   0x080093fc   0x00000320   Code   RO         3027    i.TimerInit         timer.o
    0x0800971c   0x0800971c   0x00000020   Code   RO         3028    i.TimerKbPwrHoldSet  timer.o
    0x0800973c   0x0800973c   0x00000024   Code   RO         3029    i.TimerKeyScan      timer.o
    0x08009760   0x08009760   0x00000010   Code   RO         3031    i.TimerPaygCallback  timer.o
    0x08009770   0x08009770   0x0000001e   Code   RO         3032    i.TimerPumpCallback  timer.o
    0x0800978e   0x0800978e   0x00000002   PAD
    0x08009790   0x08009790   0x00000074   Code   RO         3033    i.TimerSet          timer.o
    0x08009804   0x08009804   0x00000034   Code   RO         3034    i.TimerSleepSet     timer.o
    0x08009838   0x08009838   0x0000000c   Code   RO         3035    i.TimerSleepState   timer.o
    0x08009844   0x08009844   0x00000060   Code   RO           12    i.UART3_IRQHandler  gd32f10x_it.o
    0x080098a4   0x080098a4   0x00000060   Code   RO           13    i.UART4_IRQHandler  gd32f10x_it.o
    0x08009904   0x08009904   0x00000058   Code   RO           14    i.USART0_IRQHandler  gd32f10x_it.o
    0x0800995c   0x0800995c   0x00000060   Code   RO           15    i.USART1_IRQHandler  gd32f10x_it.o
    0x080099bc   0x080099bc   0x00000060   Code   RO           16    i.USART2_IRQHandler  gd32f10x_it.o
    0x08009a1c   0x08009a1c   0x00000038   Code   RO           17    i.USBD_LP_CAN0_RX0_IRQHandler  gd32f10x_it.o
    0x08009a54   0x08009a54   0x0000004c   Code   RO          310    i.Uart1Init         main.o
    0x08009aa0   0x08009aa0   0x00000030   Code   RO          311    i.Uart1Send         main.o
    0x08009ad0   0x08009ad0   0x00000048   Code   RO          312    i.Uart2Init         main.o
    0x08009b18   0x08009b18   0x00000030   Code   RO          313    i.Uart2Send         main.o
    0x08009b48   0x08009b48   0x0000004c   Code   RO          314    i.Uart3Init         main.o
    0x08009b94   0x08009b94   0x00000030   Code   RO          315    i.Uart3Send         main.o
    0x08009bc4   0x08009bc4   0x0000004c   Code   RO          316    i.Uart4Init         main.o
    0x08009c10   0x08009c10   0x00000058   Code   RO          318    i.Uart5Init         main.o
    0x08009c68   0x08009c68   0x00000030   Code   RO          319    i.Uart5Send         main.o
    0x08009c98   0x08009c98   0x00000060   Code   RO          320    i.UartConfig        main.o
    0x08009cf8   0x08009cf8   0x00000004   Code   RO           18    i.UsageFault_Handler  gd32f10x_it.o
    0x08009cfc   0x08009cfc   0x00000028   Code   RO         7437    i.__0sprintf        mc_w.l(printfa.o)
    0x08009d24   0x08009d24   0x00000008   Code   RO         7504    i.__aeabi_errno_addr  mc_w.l(errno.o)
    0x08009d2c   0x08009d2c   0x0000000e   Code   RO         7556    i.__scatterload_copy  mc_w.l(handlers.o)
    0x08009d3a   0x08009d3a   0x00000002   Code   RO         7557    i.__scatterload_null  mc_w.l(handlers.o)
    0x08009d3c   0x08009d3c   0x0000000e   Code   RO         7558    i.__scatterload_zeroinit  mc_w.l(handlers.o)
    0x08009d4a   0x08009d4a   0x00000002   PAD
    0x08009d4c   0x08009d4c   0x00000184   Code   RO         7442    i._fp_digits        mc_w.l(printfa.o)
    0x08009ed0   0x08009ed0   0x000006dc   Code   RO         7443    i._printf_core      mc_w.l(printfa.o)
    0x0800a5ac   0x0800a5ac   0x00000024   Code   RO         7444    i._printf_post_padding  mc_w.l(printfa.o)
    0x0800a5d0   0x0800a5d0   0x0000002e   Code   RO         7445    i._printf_pre_padding  mc_w.l(printfa.o)
    0x0800a5fe   0x0800a5fe   0x0000000a   Code   RO         7447    i._sputc            mc_w.l(printfa.o)
    0x0800a608   0x0800a608   0x0000001a   Code   RO         2682    i.big_litle_endian  payg.o
    0x0800a622   0x0800a622   0x00000002   PAD
    0x0800a624   0x0800a624   0x00000020   Code   RO         3889    i.can_deinit        gd32f10x_can.o
    0x0800a644   0x0800a644   0x00000110   Code   RO         3892    i.can_filter_init   gd32f10x_can.o
    0x0800a754   0x0800a754   0x00000122   Code   RO         3895    i.can_init          gd32f10x_can.o
    0x0800a876   0x0800a876   0x00000008   Code   RO         3897    i.can_interrupt_enable  gd32f10x_can.o
    0x0800a87e   0x0800a87e   0x000000e4   Code   RO         3900    i.can_message_receive  gd32f10x_can.o
    0x0800a962   0x0800a962   0x0000009e   Code   RO         3904    i.can_struct_para_init  gd32f10x_can.o
    0x0800aa00   0x0800aa00   0x0000003c   Code   RO         2820    i.crc_chk_value     pump.o
    0x0800aa3c   0x0800aa3c   0x00000002   Code   RO         2299    i.debug_printf      keyboard.o
    0x0800aa3e   0x0800aa3e   0x00000002   PAD
    0x0800aa40   0x0800aa40   0x00000018   Code   RO          442    i.delay_decrement   systick.o
    0x0800aa58   0x0800aa58   0x000000bc   Code   RO         4705    i.exti_init         gd32f10x_exti.o
    0x0800ab14   0x0800ab14   0x0000000c   Code   RO         4708    i.exti_interrupt_flag_clear  gd32f10x_exti.o
    0x0800ab20   0x0800ab20   0x00000018   Code   RO         4709    i.exti_interrupt_flag_get  gd32f10x_exti.o
    0x0800ab38   0x0800ab38   0x0000000a   Code   RO         5075    i.gpio_bit_write    gd32f10x_gpio.o
    0x0800ab42   0x0800ab42   0x00000002   PAD
    0x0800ab44   0x0800ab44   0x00000098   Code   RO         5080    i.gpio_exti_source_select  gd32f10x_gpio.o
    0x0800abdc   0x0800abdc   0x000000ac   Code   RO         5081    i.gpio_init         gd32f10x_gpio.o
    0x0800ac88   0x0800ac88   0x00000010   Code   RO         5082    i.gpio_input_bit_get  gd32f10x_gpio.o
    0x0800ac98   0x0800ac98   0x0000000c   Code   RO         3276    i.i2c_eeprom_init   at24cxx.o
    0x0800aca4   0x0800aca4   0x0000004e   Code   RO         1973    i.mStrStr           gps.o
    0x0800acf2   0x0800acf2   0x00000002   PAD
    0x0800acf4   0x0800acf4   0x00000100   Code   RO          322    i.main              main.o
    0x0800adf4   0x0800adf4   0x000000ac   Code   RO         5395    i.nvic_irq_enable   gd32f10x_misc.o
    0x0800aea0   0x0800aea0   0x00000014   Code   RO         5396    i.nvic_priority_group_set  gd32f10x_misc.o
    0x0800aeb4   0x0800aeb4   0x00000018   Code   RO         5397    i.nvic_vector_table_set  gd32f10x_misc.o
    0x0800aecc   0x0800aecc   0x00000124   Code   RO         5545    i.rcu_clock_freq_get  gd32f10x_rcu.o
    0x0800aff0   0x0800aff0   0x00000020   Code   RO         5562    i.rcu_periph_clock_enable  gd32f10x_rcu.o
    0x0800b010   0x0800b010   0x00000020   Code   RO         5565    i.rcu_periph_reset_disable  gd32f10x_rcu.o
    0x0800b030   0x0800b030   0x00000020   Code   RO         5566    i.rcu_periph_reset_enable  gd32f10x_rcu.o
    0x0800b050   0x0800b050   0x00000098   Code   RO         1207    i.read_1302         ds1302.o
    0x0800b0e8   0x0800b0e8   0x00000050   Code   RO         2685    i.sha1_c            payg.o
    0x0800b138   0x0800b138   0x000000e8   Code   RO         2686    i.sha1_finish       payg.o
    0x0800b220   0x0800b220   0x0000191c   Code   RO         2687    i.sha1_process      payg.o
    0x0800cb3c   0x0800cb3c   0x0000002c   Code   RO         2688    i.sha1_starts       payg.o
    0x0800cb68   0x0800cb68   0x0000007c   Code   RO         2689    i.sha1_update       payg.o
    0x0800cbe4   0x0800cbe4   0x000000c4   Code   RO         3439    i.system_clock_108m_hxtal  system_gd32f10x.o
    0x0800cca8   0x0800cca8   0x00000008   Code   RO         3440    i.system_clock_config  system_gd32f10x.o
    0x0800ccb0   0x0800ccb0   0x00000050   Code   RO          443    i.systick_config    systick.o
    0x0800cd00   0x0800cd00   0x00000090   Code   RO         6793    i.usart_baudrate_set  gd32f10x_usart.o
    0x0800cd90   0x0800cd90   0x0000000a   Code   RO         6794    i.usart_data_receive  gd32f10x_usart.o
    0x0800cd9a   0x0800cd9a   0x00000008   Code   RO         6795    i.usart_data_transmit  gd32f10x_usart.o
    0x0800cda2   0x0800cda2   0x00000002   PAD
    0x0800cda4   0x0800cda4   0x00000090   Code   RO         6796    i.usart_deinit      gd32f10x_usart.o
    0x0800ce34   0x0800ce34   0x0000000a   Code   RO         6800    i.usart_enable      gd32f10x_usart.o
    0x0800ce3e   0x0800ce3e   0x0000001e   Code   RO         6802    i.usart_flag_get    gd32f10x_usart.o
    0x0800ce5c   0x0800ce5c   0x00000010   Code   RO         6806    i.usart_hardware_flow_cts_config  gd32f10x_usart.o
    0x0800ce6c   0x0800ce6c   0x00000010   Code   RO         6807    i.usart_hardware_flow_rts_config  gd32f10x_usart.o
    0x0800ce7c   0x0800ce7c   0x0000001a   Code   RO         6809    i.usart_interrupt_enable  gd32f10x_usart.o
    0x0800ce96   0x0800ce96   0x00000038   Code   RO         6811    i.usart_interrupt_flag_get  gd32f10x_usart.o
    0x0800cece   0x0800cece   0x00000010   Code   RO         6821    i.usart_parity_config  gd32f10x_usart.o
    0x0800cede   0x0800cede   0x00000010   Code   RO         6823    i.usart_receive_config  gd32f10x_usart.o
    0x0800ceee   0x0800ceee   0x00000010   Code   RO         6829    i.usart_stop_bit_set  gd32f10x_usart.o
    0x0800cefe   0x0800cefe   0x00000010   Code   RO         6833    i.usart_transmit_config  gd32f10x_usart.o
    0x0800cf0e   0x0800cf0e   0x00000010   Code   RO         6834    i.usart_word_length_set  gd32f10x_usart.o
    0x0800cf1e   0x0800cf1e   0x00000002   PAD
    0x0800cf20   0x0800cf20   0x00000064   Code   RO         1208    i.write_1302        ds1302.o
    0x0800cf84   0x0800cf84   0x0000006c   Code   RO         1209    i.write_1302byte    ds1302.o
    0x0800cff0   0x0800cff0   0x00000498   Data   RO          621    .constdata          atcmd.o
    0x0800d488   0x0800d488   0x00000200   Data   RO         1084    .constdata          coulom.o
    0x0800d688   0x0800d688   0x00000fa4   Data   RO         1634    .constdata          gatt.o
    0x0800e62c   0x0800e62c   0x00000108   Data   RO         3036    .constdata          timer.o
    0x0800e734   0x0800e734   0x00000081   Data   RO         7523    .constdata          mc_w.l(ctype_o.o)
    0x0800e7b5   0x0800e7b5   0x00000003   PAD
    0x0800e7b8   0x0800e7b8   0x00000004   Data   RO         7524    .constdata          mc_w.l(ctype_o.o)
    0x0800e7bc   0x0800e7bc   0x000003b2   Data   RO          622    .conststring        atcmd.o
    0x0800eb6e   0x0800eb6e   0x00000002   PAD
    0x0800eb70   0x0800eb70   0x000008e9   Data   RO         1635    .conststring        gatt.o
    0x0800f459   0x0800f459   0x00000003   PAD
    0x0800f45c   0x0800f45c   0x00000020   Data   RO         7554    Region$$Table       anon$$obj.o


    Execution Region RW_IRAM1 (Exec base: 0x20000000, Load base: 0x0800f47c, Size: 0x00008438, Max: 0x0000c000, ABSOLUTE, COMPRESSED[0x000002cc])

    Exec Addr    Load Addr    Size         Type   Attr      Idx    E Section Name        Object

    0x20000000   COMPRESSED   0x0000002a   Data   RW          324    .data               main.o
    0x2000002a   COMPRESSED   0x00000002   PAD
    0x2000002c   COMPRESSED   0x00000004   Data   RW          444    .data               systick.o
    0x20000030   COMPRESSED   0x00000024   Data   RW          506    .data               adc.o
    0x20000054   COMPRESSED   0x00000051   Data   RW          623    .data               atcmd.o
    0x200000a5   COMPRESSED   0x00000001   PAD
    0x200000a6   COMPRESSED   0x00000008   Data   RW          880    .data               ble.o
    0x200000ae   COMPRESSED   0x00000001   Data   RW          942    .data               bq40z50.o
    0x200000af   COMPRESSED   0x00000001   PAD
    0x200000b0   COMPRESSED   0x00000110   Data   RW          988    .data               camp.o
    0x200001c0   COMPRESSED   0x0000007f   Data   RW         1085    .data               coulom.o
    0x2000023f   COMPRESSED   0x00000015   Data   RW         1211    .data               ds1302.o
    0x20000254   COMPRESSED   0x0000000c   Data   RW         1355    .data               eeprom.o
    0x20000260   COMPRESSED   0x00000001   Data   RW         1636    .data               gatt.o
    0x20000261   COMPRESSED   0x00000007   PAD
    0x20000268   COMPRESSED   0x00000021   Data   RW         1975    .data               gps.o
    0x20000289   COMPRESSED   0x00000009   Data   RW         2033    .data               gsmcom.o
    0x20000292   COMPRESSED   0x00000052   Data   RW         2133    .data               jbsbms.o
    0x200002e4   COMPRESSED   0x0000000f   Data   RW         2198    .data               key.o
    0x200002f3   COMPRESSED   0x00000001   PAD
    0x200002f4   COMPRESSED   0x000000b0   Data   RW         2301    .data               keyboard.o
    0x200003a4   COMPRESSED   0x0000000a   Data   RW         2497    .data               menu.o
    0x200003ae   COMPRESSED   0x00000002   PAD
    0x200003b0   COMPRESSED   0x00000080   Data   RW         2691    .data               payg.o
    0x20000430   COMPRESSED   0x00000063   Data   RW         2823    .data               pump.o
    0x20000493   COMPRESSED   0x00000001   PAD
    0x20000494   COMPRESSED   0x000000b4   Data   RW         3037    .data               timer.o
    0x20000548   COMPRESSED   0x00000002   Data   RW         3277    .data               at24cxx.o
    0x2000054a   COMPRESSED   0x00000002   PAD
    0x2000054c   COMPRESSED   0x00000004   Data   RW         3441    .data               system_gd32f10x.o
    0x20000550   COMPRESSED   0x00000004   Data   RW         7507    .data               mc_w.l(errno.o)
    0x20000554        -       0x00000128   Zero   RW          323    .bss                main.o
    0x2000067c        -       0x00000078   Zero   RW          505    .bss                adc.o
    0x200006f4        -       0x00000572   Zero   RW          620    .bss                atcmd.o
    0x20000c66        -       0x00000180   Zero   RW          879    .bss                ble.o
    0x20000de6        -       0x0000002e   Zero   RW          941    .bss                bq40z50.o
    0x20000e14        -       0x0000043c   Zero   RW          986    .bss                camp.o
    0x20001250        -       0x000043ec   Zero   RW         1354    .bss                eeprom.o
    0x2000563c        -       0x0000127e   Zero   RW         1633    .bss                gatt.o
    0x200068ba        -       0x00000820   Zero   RW         1974    .bss                gps.o
    0x200070da        -       0x00000010   Zero   RW         2132    .bss                jbsbms.o
    0x200070ea        -       0x000002c0   Zero   RW         2300    .bss                keyboard.o
    0x200073aa        -       0x00000020   Zero   RW         2380    .bss                lcd.o
    0x200073ca   COMPRESSED   0x00000002   PAD
    0x200073cc        -       0x00000068   Zero   RW         2690    .bss                payg.o
    0x20007434   COMPRESSED   0x00000004   PAD
    0x20007438        -       0x00001000   Zero   RW         7121    STACK               startup_gd32f10x_hd.o


==============================================================================

Image component sizes


      Code (inc. data)   RO Data    RW Data    ZI Data      Debug   Object Name

       210         32          0         36        120       4217   adc.o
        12          4          0          2          0        691   at24cxx.o
     11046       2324       2122         81       1394      34318   atcmd.o
      2128        178          0          8        384       6574   ble.o
        12          4          0          1         46       1030   bq40z50.o
       268         12          0        272       1084       7704   camp.o
        68         12        512        127          0       3593   coulom.o
       882         54          0         21          0       6387   ds1302.o
      2282        258          0         12      17388      10737   eeprom.o
      4852        916       6285          1       4734      26523   gatt.o
       988         14          0          0          0      21070   gd32f10x_can.o
       224         16          0          0          0       6270   gd32f10x_exti.o
       350          6          0          0          0      12644   gd32f10x_gpio.o
       588        102          0          0          0      57845   gd32f10x_it.o
       216         28          0          0          0       2068   gd32f10x_misc.o
       388         40          0          0          0      16244   gd32f10x_rcu.o
       540         16          0          0          0      15599   gd32f10x_usart.o
      1094         70          0         33       2080       5156   gps.o
      1520        210          0          9          0       8227   gsmcom.o
       726         22          0          0          0       4939   i2c.o
      1360        126          0         82         16       5723   jbsbms.o
       108         32          0         15          0       3824   key.o
      4558        520          0        176        704       8924   keyboard.o
       758         32          0          0         32       4543   lcd.o
      1626        140          0         42        296       8887   main.o
       144         24          0         10          0       2843   menu.o
      8514        218          0        128        104      13793   payg.o
       528         76          0         99          0       4102   pump.o
        36          8        304          0       4096        872   startup_gd32f10x_hd.o
       416         30          0          4          0       2827   system_gd32f10x.o
       144         20          0          4          0      28318   systick.o
      2006        160        264        180          0      16344   timer.o

    ----------------------------------------------------------------------
     48632       5704       9524       1360      32484     352836   Object Totals
         0          0         32          0          0          0   (incl. Generated)
        40          0          5         17          6          0   (incl. Padding)

    ----------------------------------------------------------------------

      Code (inc. data)   RO Data    RW Data    ZI Data      Debug   Library Member Name

        86          0          0          0          0          0   __dczerorl2.o
        28          0          0          0          0         68   _chval.o
       158          0          0          0          0         92   _strtoul.o
        26          0          0          0          0         80   atoi.o
         8          4        133          0          0         68   ctype_o.o
         0          0          0          0          0          0   entry.o
         0          0          0          0          0          0   entry10a.o
         0          0          0          0          0          0   entry11a.o
         8          4          0          0          0          0   entry2.o
         4          0          0          0          0          0   entry5.o
         0          0          0          0          0          0   entry7b.o
         0          0          0          0          0          0   entry8b.o
         8          4          0          0          0          0   entry9a.o
         8          4          0          4          0         68   errno.o
        30          0          0          0          0          0   handlers.o
        36          8          0          0          0         68   init.o
         0          0          0          0          0          0   iusefp.o
        30          0          0          0          0         68   llshl.o
        36          0          0          0          0         68   llsshr.o
        32          0          0          0          0         68   llushr.o
        36          0          0          0          0         68   memcpya.o
        36          0          0          0          0        108   memseta.o
      2276         86          0          0          0        520   printfa.o
        14          0          0          0          0         68   strlen.o
        36          0          0          0          0         80   strstr.o
       112          0          0          0          0         88   strtol.o
        44          0          0          0          0         80   uidiv.o
        98          0          0          0          0         92   uldiv.o
        48          0          0          0          0         68   cdcmple.o
        48          0          0          0          0         68   cdrcmple.o
       334          0          0          0          0        148   dadd.o
       222          0          0          0          0        100   ddiv.o
       186          0          0          0          0        176   depilogue.o
        48          0          0          0          0         68   dfixul.o
        26          0          0          0          0         76   dfltui.o
       228          0          0          0          0         96   dmul.o

    ----------------------------------------------------------------------
      4296        110        136          4          0       2552   Library Totals
         6          0          3          0          0          0   (incl. Padding)

    ----------------------------------------------------------------------

      Code (inc. data)   RO Data    RW Data    ZI Data      Debug   Library Name

      3150        110        133          4          0       1752   mc_w.l
      1140          0          0          0          0        800   mf_w.l

    ----------------------------------------------------------------------
      4296        110        136          4          0       2552   Library Totals

    ----------------------------------------------------------------------

==============================================================================


      Code (inc. data)   RO Data    RW Data    ZI Data      Debug   

     52928       5814       9660       1364      32484     338304   Grand Totals
     52928       5814       9660        716      32484     338304   ELF Image Totals (compressed)
     52928       5814       9660        716          0          0   ROM Totals

==============================================================================

    Total RO  Size (Code + RO Data)                62588 (  61.12kB)
    Total RW  Size (RW Data + ZI Data)             33848 (  33.05kB)
    Total ROM Size (Code + RO Data + RW Data)      63304 (  61.82kB)

==============================================================================

