<!doctype html public "-//w3c//dtd html 4.0 transitional//en">
<html><head>
<title>Static Call Graph - [.\output\BridgewareV2.axf]</title></head>
<body><HR>
<H1>Static Call Graph for image .\output\BridgewareV2.axf</H1><HR>
<BR><P>#&#060CALLGRAPH&#062# ARM Linker, 5060750: Last Updated: Mon May 15 18:11:30 2023
<BR><P>
<H3>Maximum Stack Usage =        836 bytes + Unknown(Cycles, Untraceable Function Pointers)</H3><H3>
Call chain for Maximum Stack Depth:</H3>
main &rArr; GsmComProc &rArr; AtCmdProc &rArr; AtCmdPaser &rArr; AtCmdTokenParse &rArr; PaygOvesInput &rArr; sha1_c &rArr; sha1_finish &rArr; sha1_update &rArr; sha1_process
<P>
<H3>
Mutually Recursive functions
</H3> <LI><a href="#[1c]">ADC0_1_IRQHandler</a>&nbsp;&nbsp;&nbsp;&rArr;&nbsp;&nbsp;&nbsp;<a href="#[1c]">ADC0_1_IRQHandler</a><BR>
</UL>
<P>
<H3>
Function Pointers
</H3><UL>
 <LI><a href="#[1c]">ADC0_1_IRQHandler</a> from startup_gd32f10x_hd.o(.text) referenced from startup_gd32f10x_hd.o(RESET)
 <LI><a href="#[39]">ADC2_IRQHandler</a> from startup_gd32f10x_hd.o(.text) referenced from startup_gd32f10x_hd.o(RESET)
 <LI><a href="#[62]">AtCmdApnParse</a> from atcmd.o(i.AtCmdApnParse) referenced from atcmd.o(.constdata)
 <LI><a href="#[64]">AtCmdApnPswdParse</a> from atcmd.o(i.AtCmdApnPswdParse) referenced from atcmd.o(.constdata)
 <LI><a href="#[63]">AtCmdApnUserParse</a> from atcmd.o(i.AtCmdApnUserParse) referenced from atcmd.o(.constdata)
 <LI><a href="#[68]">AtCmdBrokerParse</a> from atcmd.o(i.AtCmdBrokerParse) referenced from atcmd.o(.constdata)
 <LI><a href="#[54]">AtCmdCgactSend</a> from atcmd.o(i.AtCmdCgactSend) referenced from atcmd.o(.constdata)
 <LI><a href="#[53]">AtCmdCgdcontSend</a> from atcmd.o(i.AtCmdCgdcontSend) referenced from atcmd.o(.constdata)
 <LI><a href="#[51]">AtCmdCipSend</a> from atcmd.o(i.AtCmdCipSend) referenced from atcmd.o(.constdata)
 <LI><a href="#[52]">AtCmdCipSendOk</a> from atcmd.o(i.AtCmdCipSendOk) referenced from atcmd.o(.constdata)
 <LI><a href="#[50]">AtCmdCipStart</a> from atcmd.o(i.AtCmdCipStart) referenced from atcmd.o(.constdata)
 <LI><a href="#[4b]">AtCmdCmgrSend</a> from atcmd.o(i.AtCmdCmgrSend) referenced from atcmd.o(.constdata)
 <LI><a href="#[4d]">AtCmdCmgsSMSSend</a> from atcmd.o(i.AtCmdCmgsSMSSend) referenced from atcmd.o(.constdata)
 <LI><a href="#[4c]">AtCmdCmgsSend</a> from atcmd.o(i.AtCmdCmgsSend) referenced from atcmd.o(.constdata)
 <LI><a href="#[4e]">AtCmdCpmsAck</a> from atcmd.o(i.AtCmdCpmsAck) referenced from atcmd.o(.constdata)
 <LI><a href="#[4f]">AtCmdCsttSend</a> from atcmd.o(i.AtCmdCsttSend) referenced from atcmd.o(.constdata)
 <LI><a href="#[66]">AtCmdMeansFrqParse</a> from atcmd.o(i.AtCmdMeansFrqParse) referenced from atcmd.o(.constdata)
 <LI><a href="#[55]">AtCmdMqttAccqSend</a> from atcmd.o(i.AtCmdMqttAccqSend) referenced from atcmd.o(.constdata)
 <LI><a href="#[56]">AtCmdMqttConnectSend</a> from atcmd.o(i.AtCmdMqttConnectSend) referenced from atcmd.o(.constdata)
 <LI><a href="#[5a]">AtCmdMqttPayloadAck</a> from atcmd.o(i.AtCmdMqttPayloadAck) referenced from atcmd.o(.constdata)
 <LI><a href="#[59]">AtCmdMqttPayloadSend</a> from atcmd.o(i.AtCmdMqttPayloadSend) referenced from atcmd.o(.constdata)
 <LI><a href="#[6b]">AtCmdMqttPswdParse</a> from atcmd.o(i.AtCmdMqttPswdParse) referenced from atcmd.o(.constdata)
 <LI><a href="#[5b]">AtCmdMqttPubSend</a> from atcmd.o(i.AtCmdMqttPubSend) referenced from atcmd.o(.constdata)
 <LI><a href="#[5d]">AtCmdMqttSubAck</a> from atcmd.o(i.AtCmdMqttSubAck) referenced from atcmd.o(.constdata)
 <LI><a href="#[5c]">AtCmdMqttSubSend</a> from atcmd.o(i.AtCmdMqttSubSend) referenced from atcmd.o(.constdata)
 <LI><a href="#[5f]">AtCmdMqttSubtopicAck</a> from atcmd.o(i.AtCmdMqttSubtopicAck) referenced from atcmd.o(.constdata)
 <LI><a href="#[5e]">AtCmdMqttSubtopicSend</a> from atcmd.o(i.AtCmdMqttSubtopicSend) referenced from atcmd.o(.constdata)
 <LI><a href="#[58]">AtCmdMqttTopicAck</a> from atcmd.o(i.AtCmdMqttTopicAck) referenced from atcmd.o(.constdata)
 <LI><a href="#[57]">AtCmdMqttTopicSend</a> from atcmd.o(i.AtCmdMqttTopicSend) referenced from atcmd.o(.constdata)
 <LI><a href="#[61]">AtCmdMqttUnSubAck</a> from atcmd.o(i.AtCmdMqttUnSubAck) referenced from atcmd.o(.constdata)
 <LI><a href="#[60]">AtCmdMqttUnSubSend</a> from atcmd.o(i.AtCmdMqttUnSubSend) referenced from atcmd.o(.constdata)
 <LI><a href="#[6a]">AtCmdMqttUsrNameParse</a> from atcmd.o(i.AtCmdMqttUsrNameParse) referenced from atcmd.o(.constdata)
 <LI><a href="#[6c]">AtCmdPhoneNoParse</a> from atcmd.o(i.AtCmdPhoneNoParse) referenced from atcmd.o(.constdata)
 <LI><a href="#[69]">AtCmdPortParse</a> from atcmd.o(i.AtCmdPortParse) referenced from atcmd.o(.constdata)
 <LI><a href="#[4a]">AtCmdSend</a> from atcmd.o(i.AtCmdSend) referenced 32 times from atcmd.o(.constdata)
 <LI><a href="#[65]">AtCmdTokenParse</a> from atcmd.o(i.AtCmdTokenParse) referenced from atcmd.o(.constdata)
 <LI><a href="#[67]">AtCmdTransFrqParse</a> from atcmd.o(i.AtCmdTransFrqParse) referenced from atcmd.o(.constdata)
 <LI><a href="#[4]">BusFault_Handler</a> from gd32f10x_it.o(i.BusFault_Handler) referenced from startup_gd32f10x_hd.o(RESET)
 <LI><a href="#[20]">CAN0_EWMC_IRQHandler</a> from startup_gd32f10x_hd.o(.text) referenced from startup_gd32f10x_hd.o(RESET)
 <LI><a href="#[1f]">CAN0_RX1_IRQHandler</a> from startup_gd32f10x_hd.o(.text) referenced from startup_gd32f10x_hd.o(RESET)
 <LI><a href="#[15]">DMA0_Channel0_IRQHandler</a> from startup_gd32f10x_hd.o(.text) referenced from startup_gd32f10x_hd.o(RESET)
 <LI><a href="#[16]">DMA0_Channel1_IRQHandler</a> from startup_gd32f10x_hd.o(.text) referenced from startup_gd32f10x_hd.o(RESET)
 <LI><a href="#[17]">DMA0_Channel2_IRQHandler</a> from startup_gd32f10x_hd.o(.text) referenced from startup_gd32f10x_hd.o(RESET)
 <LI><a href="#[18]">DMA0_Channel3_IRQHandler</a> from startup_gd32f10x_hd.o(.text) referenced from startup_gd32f10x_hd.o(RESET)
 <LI><a href="#[19]">DMA0_Channel4_IRQHandler</a> from startup_gd32f10x_hd.o(.text) referenced from startup_gd32f10x_hd.o(RESET)
 <LI><a href="#[1a]">DMA0_Channel5_IRQHandler</a> from startup_gd32f10x_hd.o(.text) referenced from startup_gd32f10x_hd.o(RESET)
 <LI><a href="#[1b]">DMA0_Channel6_IRQHandler</a> from startup_gd32f10x_hd.o(.text) referenced from startup_gd32f10x_hd.o(RESET)
 <LI><a href="#[42]">DMA1_Channel0_IRQHandler</a> from startup_gd32f10x_hd.o(.text) referenced from startup_gd32f10x_hd.o(RESET)
 <LI><a href="#[43]">DMA1_Channel1_IRQHandler</a> from startup_gd32f10x_hd.o(.text) referenced from startup_gd32f10x_hd.o(RESET)
 <LI><a href="#[44]">DMA1_Channel2_IRQHandler</a> from startup_gd32f10x_hd.o(.text) referenced from startup_gd32f10x_hd.o(RESET)
 <LI><a href="#[45]">DMA1_Channel3_4_IRQHandler</a> from startup_gd32f10x_hd.o(.text) referenced from startup_gd32f10x_hd.o(RESET)
 <LI><a href="#[7]">DebugMon_Handler</a> from gd32f10x_it.o(i.DebugMon_Handler) referenced from startup_gd32f10x_hd.o(RESET)
 <LI><a href="#[3a]">EXMC_IRQHandler</a> from startup_gd32f10x_hd.o(.text) referenced from startup_gd32f10x_hd.o(RESET)
 <LI><a href="#[10]">EXTI0_IRQHandler</a> from gd32f10x_it.o(i.EXTI0_IRQHandler) referenced from startup_gd32f10x_hd.o(RESET)
 <LI><a href="#[32]">EXTI10_15_IRQHandler</a> from startup_gd32f10x_hd.o(.text) referenced from startup_gd32f10x_hd.o(RESET)
 <LI><a href="#[11]">EXTI1_IRQHandler</a> from startup_gd32f10x_hd.o(.text) referenced from startup_gd32f10x_hd.o(RESET)
 <LI><a href="#[12]">EXTI2_IRQHandler</a> from startup_gd32f10x_hd.o(.text) referenced from startup_gd32f10x_hd.o(RESET)
 <LI><a href="#[13]">EXTI3_IRQHandler</a> from startup_gd32f10x_hd.o(.text) referenced from startup_gd32f10x_hd.o(RESET)
 <LI><a href="#[14]">EXTI4_IRQHandler</a> from startup_gd32f10x_hd.o(.text) referenced from startup_gd32f10x_hd.o(RESET)
 <LI><a href="#[21]">EXTI5_9_IRQHandler</a> from startup_gd32f10x_hd.o(.text) referenced from startup_gd32f10x_hd.o(RESET)
 <LI><a href="#[e]">FMC_IRQHandler</a> from startup_gd32f10x_hd.o(.text) referenced from startup_gd32f10x_hd.o(RESET)
 <LI><a href="#[2]">HardFault_Handler</a> from gd32f10x_it.o(i.HardFault_Handler) referenced from startup_gd32f10x_hd.o(RESET)
 <LI><a href="#[2a]">I2C0_ER_IRQHandler</a> from startup_gd32f10x_hd.o(.text) referenced from startup_gd32f10x_hd.o(RESET)
 <LI><a href="#[29]">I2C0_EV_IRQHandler</a> from startup_gd32f10x_hd.o(.text) referenced from startup_gd32f10x_hd.o(RESET)
 <LI><a href="#[2c]">I2C1_ER_IRQHandler</a> from startup_gd32f10x_hd.o(.text) referenced from startup_gd32f10x_hd.o(RESET)
 <LI><a href="#[2b]">I2C1_EV_IRQHandler</a> from startup_gd32f10x_hd.o(.text) referenced from startup_gd32f10x_hd.o(RESET)
 <LI><a href="#[b]">LVD_IRQHandler</a> from startup_gd32f10x_hd.o(.text) referenced from startup_gd32f10x_hd.o(RESET)
 <LI><a href="#[3]">MemManage_Handler</a> from gd32f10x_it.o(i.MemManage_Handler) referenced from startup_gd32f10x_hd.o(RESET)
 <LI><a href="#[1]">NMI_Handler</a> from gd32f10x_it.o(i.NMI_Handler) referenced from startup_gd32f10x_hd.o(RESET)
 <LI><a href="#[8]">PendSV_Handler</a> from gd32f10x_it.o(i.PendSV_Handler) referenced from startup_gd32f10x_hd.o(RESET)
 <LI><a href="#[f]">RCU_IRQHandler</a> from startup_gd32f10x_hd.o(.text) referenced from startup_gd32f10x_hd.o(RESET)
 <LI><a href="#[33]">RTC_Alarm_IRQHandler</a> from startup_gd32f10x_hd.o(.text) referenced from startup_gd32f10x_hd.o(RESET)
 <LI><a href="#[d]">RTC_IRQHandler</a> from startup_gd32f10x_hd.o(.text) referenced from startup_gd32f10x_hd.o(RESET)
 <LI><a href="#[0]">Reset_Handler</a> from startup_gd32f10x_hd.o(.text) referenced from startup_gd32f10x_hd.o(RESET)
 <LI><a href="#[3b]">SDIO_IRQHandler</a> from startup_gd32f10x_hd.o(.text) referenced from startup_gd32f10x_hd.o(RESET)
 <LI><a href="#[2d]">SPI0_IRQHandler</a> from startup_gd32f10x_hd.o(.text) referenced from startup_gd32f10x_hd.o(RESET)
 <LI><a href="#[2e]">SPI1_IRQHandler</a> from startup_gd32f10x_hd.o(.text) referenced from startup_gd32f10x_hd.o(RESET)
 <LI><a href="#[3d]">SPI2_IRQHandler</a> from startup_gd32f10x_hd.o(.text) referenced from startup_gd32f10x_hd.o(RESET)
 <LI><a href="#[6]">SVC_Handler</a> from gd32f10x_it.o(i.SVC_Handler) referenced from startup_gd32f10x_hd.o(RESET)
 <LI><a href="#[9]">SysTick_Handler</a> from gd32f10x_it.o(i.SysTick_Handler) referenced from startup_gd32f10x_hd.o(RESET)
 <LI><a href="#[47]">SystemInit</a> from system_gd32f10x.o(i.SystemInit) referenced from startup_gd32f10x_hd.o(.text)
 <LI><a href="#[c]">TAMPER_IRQHandler</a> from startup_gd32f10x_hd.o(.text) referenced from startup_gd32f10x_hd.o(RESET)
 <LI><a href="#[22]">TIMER0_BRK_IRQHandler</a> from startup_gd32f10x_hd.o(.text) referenced from startup_gd32f10x_hd.o(RESET)
 <LI><a href="#[25]">TIMER0_Channel_IRQHandler</a> from startup_gd32f10x_hd.o(.text) referenced from startup_gd32f10x_hd.o(RESET)
 <LI><a href="#[24]">TIMER0_TRG_CMT_IRQHandler</a> from startup_gd32f10x_hd.o(.text) referenced from startup_gd32f10x_hd.o(RESET)
 <LI><a href="#[23]">TIMER0_UP_IRQHandler</a> from startup_gd32f10x_hd.o(.text) referenced from startup_gd32f10x_hd.o(RESET)
 <LI><a href="#[26]">TIMER1_IRQHandler</a> from startup_gd32f10x_hd.o(.text) referenced from startup_gd32f10x_hd.o(RESET)
 <LI><a href="#[27]">TIMER2_IRQHandler</a> from startup_gd32f10x_hd.o(.text) referenced from startup_gd32f10x_hd.o(RESET)
 <LI><a href="#[28]">TIMER3_IRQHandler</a> from startup_gd32f10x_hd.o(.text) referenced from startup_gd32f10x_hd.o(RESET)
 <LI><a href="#[3c]">TIMER4_IRQHandler</a> from startup_gd32f10x_hd.o(.text) referenced from startup_gd32f10x_hd.o(RESET)
 <LI><a href="#[40]">TIMER5_IRQHandler</a> from startup_gd32f10x_hd.o(.text) referenced from startup_gd32f10x_hd.o(RESET)
 <LI><a href="#[41]">TIMER6_IRQHandler</a> from startup_gd32f10x_hd.o(.text) referenced from startup_gd32f10x_hd.o(RESET)
 <LI><a href="#[35]">TIMER7_BRK_IRQHandler</a> from startup_gd32f10x_hd.o(.text) referenced from startup_gd32f10x_hd.o(RESET)
 <LI><a href="#[38]">TIMER7_Channel_IRQHandler</a> from startup_gd32f10x_hd.o(.text) referenced from startup_gd32f10x_hd.o(RESET)
 <LI><a href="#[37]">TIMER7_TRG_CMT_IRQHandler</a> from startup_gd32f10x_hd.o(.text) referenced from startup_gd32f10x_hd.o(RESET)
 <LI><a href="#[36]">TIMER7_UP_IRQHandler</a> from startup_gd32f10x_hd.o(.text) referenced from startup_gd32f10x_hd.o(RESET)
 <LI><a href="#[79]">TimeAbacSampleCallback</a> from timer.o(i.TimeAbacSampleCallback) referenced from timer.o(.constdata)
 <LI><a href="#[73]">TimeBacklightCallback</a> from timer.o(i.TimeBacklightCallback) referenced from timer.o(.constdata)
 <LI><a href="#[77]">TimeCoulomCallback</a> from timer.o(i.TimeCoulomCallback) referenced from timer.o(.constdata)
 <LI><a href="#[75]">TimeKbPwrHoldCallback</a> from timer.o(i.TimeKbPwrHoldCallback) referenced from timer.o(.constdata)
 <LI><a href="#[78]">TimeRamlReportCallback</a> from timer.o(i.TimeRamlReportCallback) referenced from timer.o(.constdata)
 <LI><a href="#[74]">TimeSaverCallback</a> from timer.o(i.TimeSaverCallback) referenced from timer.o(.constdata)
 <LI><a href="#[76]">TimeUiFlashCallback</a> from timer.o(i.TimeUiFlashCallback) referenced from timer.o(.constdata)
 <LI><a href="#[71]">TimerBmsComCallback</a> from timer.o(i.TimerBmsComCallback) referenced from timer.o(.constdata)
 <LI><a href="#[6e]">TimerCampCallback</a> from timer.o(i.TimerCampCallback) referenced from timer.o(.constdata)
 <LI><a href="#[6d]">TimerGprsUploadCallback</a> from timer.o(i.TimerGprsUploadCallback) referenced from timer.o(.constdata)
 <LI><a href="#[72]">TimerKeyScan</a> from timer.o(i.TimerKeyScan) referenced from timer.o(.constdata)
 <LI><a href="#[70]">TimerPaygCallback</a> from timer.o(i.TimerPaygCallback) referenced from timer.o(.constdata)
 <LI><a href="#[6f]">TimerPumpCallback</a> from timer.o(i.TimerPumpCallback) referenced from timer.o(.constdata)
 <LI><a href="#[3e]">UART3_IRQHandler</a> from gd32f10x_it.o(i.UART3_IRQHandler) referenced from startup_gd32f10x_hd.o(RESET)
 <LI><a href="#[3f]">UART4_IRQHandler</a> from gd32f10x_it.o(i.UART4_IRQHandler) referenced from startup_gd32f10x_hd.o(RESET)
 <LI><a href="#[2f]">USART0_IRQHandler</a> from gd32f10x_it.o(i.USART0_IRQHandler) referenced from startup_gd32f10x_hd.o(RESET)
 <LI><a href="#[30]">USART1_IRQHandler</a> from gd32f10x_it.o(i.USART1_IRQHandler) referenced from startup_gd32f10x_hd.o(RESET)
 <LI><a href="#[31]">USART2_IRQHandler</a> from gd32f10x_it.o(i.USART2_IRQHandler) referenced from startup_gd32f10x_hd.o(RESET)
 <LI><a href="#[1d]">USBD_HP_CAN0_TX_IRQHandler</a> from startup_gd32f10x_hd.o(.text) referenced from startup_gd32f10x_hd.o(RESET)
 <LI><a href="#[1e]">USBD_LP_CAN0_RX0_IRQHandler</a> from gd32f10x_it.o(i.USBD_LP_CAN0_RX0_IRQHandler) referenced from startup_gd32f10x_hd.o(RESET)
 <LI><a href="#[34]">USBD_WKUP_IRQHandler</a> from startup_gd32f10x_hd.o(.text) referenced from startup_gd32f10x_hd.o(RESET)
 <LI><a href="#[5]">UsageFault_Handler</a> from gd32f10x_it.o(i.UsageFault_Handler) referenced from startup_gd32f10x_hd.o(RESET)
 <LI><a href="#[a]">WWDGT_IRQHandler</a> from startup_gd32f10x_hd.o(.text) referenced from startup_gd32f10x_hd.o(RESET)
 <LI><a href="#[48]">__main</a> from entry.o(.ARM.Collect$$$$00000000) referenced from startup_gd32f10x_hd.o(.text)
 <LI><a href="#[49]">_sputc</a> from printfa.o(i._sputc) referenced from printfa.o(i.__0sprintf)
 <LI><a href="#[46]">main</a> from main.o(i.main) referenced from entry9a.o(.ARM.Collect$$$$0000000B)
</UL>
<P>
<H3>
Global Symbols
</H3>
<P><STRONG><a name="[48]"></a>__main</STRONG> (Thumb, 0 bytes, Stack size unknown bytes, entry.o(.ARM.Collect$$$$00000000))
<BR>[Address Reference Count : 1]<UL><LI> startup_gd32f10x_hd.o(.text)
</UL>
<P><STRONG><a name="[197]"></a>_main_stk</STRONG> (Thumb, 0 bytes, Stack size unknown bytes, entry2.o(.ARM.Collect$$$$00000001))

<P><STRONG><a name="[7a]"></a>_main_scatterload</STRONG> (Thumb, 0 bytes, Stack size unknown bytes, entry5.o(.ARM.Collect$$$$00000004))
<BR><BR>[Calls]<UL><LI><a href="#[7b]">&gt;&gt;</a>&nbsp;&nbsp;&nbsp;__scatterload
</UL>

<P><STRONG><a name="[91]"></a>__main_after_scatterload</STRONG> (Thumb, 0 bytes, Stack size unknown bytes, entry5.o(.ARM.Collect$$$$00000004))
<BR><BR>[Called By]<UL><LI><a href="#[7b]">&gt;&gt;</a>&nbsp;&nbsp;&nbsp;__scatterload
</UL>

<P><STRONG><a name="[198]"></a>_main_clock</STRONG> (Thumb, 0 bytes, Stack size unknown bytes, entry7b.o(.ARM.Collect$$$$00000008))

<P><STRONG><a name="[199]"></a>_main_cpp_init</STRONG> (Thumb, 0 bytes, Stack size unknown bytes, entry8b.o(.ARM.Collect$$$$0000000A))

<P><STRONG><a name="[19a]"></a>_main_init</STRONG> (Thumb, 0 bytes, Stack size unknown bytes, entry9a.o(.ARM.Collect$$$$0000000B))

<P><STRONG><a name="[19b]"></a>__rt_final_cpp</STRONG> (Thumb, 0 bytes, Stack size unknown bytes, entry10a.o(.ARM.Collect$$$$0000000D))

<P><STRONG><a name="[19c]"></a>__rt_final_exit</STRONG> (Thumb, 0 bytes, Stack size unknown bytes, entry11a.o(.ARM.Collect$$$$0000000F))

<P><STRONG><a name="[0]"></a>Reset_Handler</STRONG> (Thumb, 8 bytes, Stack size 0 bytes, startup_gd32f10x_hd.o(.text))
<BR>[Address Reference Count : 1]<UL><LI> startup_gd32f10x_hd.o(RESET)
</UL>
<P><STRONG><a name="[1c]"></a>ADC0_1_IRQHandler</STRONG> (Thumb, 0 bytes, Stack size 0 bytes, startup_gd32f10x_hd.o(.text))
<BR><BR>[Calls]<UL><LI><a href="#[1c]">&gt;&gt;</a>&nbsp;&nbsp;&nbsp;ADC0_1_IRQHandler
</UL>
<BR>[Called By]<UL><LI><a href="#[1c]">&gt;&gt;</a>&nbsp;&nbsp;&nbsp;ADC0_1_IRQHandler
</UL>
<BR>[Address Reference Count : 1]<UL><LI> startup_gd32f10x_hd.o(RESET)
</UL>
<P><STRONG><a name="[39]"></a>ADC2_IRQHandler</STRONG> (Thumb, 0 bytes, Stack size 0 bytes, startup_gd32f10x_hd.o(.text))
<BR>[Address Reference Count : 1]<UL><LI> startup_gd32f10x_hd.o(RESET)
</UL>
<P><STRONG><a name="[20]"></a>CAN0_EWMC_IRQHandler</STRONG> (Thumb, 0 bytes, Stack size 0 bytes, startup_gd32f10x_hd.o(.text))
<BR>[Address Reference Count : 1]<UL><LI> startup_gd32f10x_hd.o(RESET)
</UL>
<P><STRONG><a name="[1f]"></a>CAN0_RX1_IRQHandler</STRONG> (Thumb, 0 bytes, Stack size 0 bytes, startup_gd32f10x_hd.o(.text))
<BR>[Address Reference Count : 1]<UL><LI> startup_gd32f10x_hd.o(RESET)
</UL>
<P><STRONG><a name="[15]"></a>DMA0_Channel0_IRQHandler</STRONG> (Thumb, 0 bytes, Stack size 0 bytes, startup_gd32f10x_hd.o(.text))
<BR>[Address Reference Count : 1]<UL><LI> startup_gd32f10x_hd.o(RESET)
</UL>
<P><STRONG><a name="[16]"></a>DMA0_Channel1_IRQHandler</STRONG> (Thumb, 0 bytes, Stack size 0 bytes, startup_gd32f10x_hd.o(.text))
<BR>[Address Reference Count : 1]<UL><LI> startup_gd32f10x_hd.o(RESET)
</UL>
<P><STRONG><a name="[17]"></a>DMA0_Channel2_IRQHandler</STRONG> (Thumb, 0 bytes, Stack size 0 bytes, startup_gd32f10x_hd.o(.text))
<BR>[Address Reference Count : 1]<UL><LI> startup_gd32f10x_hd.o(RESET)
</UL>
<P><STRONG><a name="[18]"></a>DMA0_Channel3_IRQHandler</STRONG> (Thumb, 0 bytes, Stack size 0 bytes, startup_gd32f10x_hd.o(.text))
<BR>[Address Reference Count : 1]<UL><LI> startup_gd32f10x_hd.o(RESET)
</UL>
<P><STRONG><a name="[19]"></a>DMA0_Channel4_IRQHandler</STRONG> (Thumb, 0 bytes, Stack size 0 bytes, startup_gd32f10x_hd.o(.text))
<BR>[Address Reference Count : 1]<UL><LI> startup_gd32f10x_hd.o(RESET)
</UL>
<P><STRONG><a name="[1a]"></a>DMA0_Channel5_IRQHandler</STRONG> (Thumb, 0 bytes, Stack size 0 bytes, startup_gd32f10x_hd.o(.text))
<BR>[Address Reference Count : 1]<UL><LI> startup_gd32f10x_hd.o(RESET)
</UL>
<P><STRONG><a name="[1b]"></a>DMA0_Channel6_IRQHandler</STRONG> (Thumb, 0 bytes, Stack size 0 bytes, startup_gd32f10x_hd.o(.text))
<BR>[Address Reference Count : 1]<UL><LI> startup_gd32f10x_hd.o(RESET)
</UL>
<P><STRONG><a name="[42]"></a>DMA1_Channel0_IRQHandler</STRONG> (Thumb, 0 bytes, Stack size 0 bytes, startup_gd32f10x_hd.o(.text))
<BR>[Address Reference Count : 1]<UL><LI> startup_gd32f10x_hd.o(RESET)
</UL>
<P><STRONG><a name="[43]"></a>DMA1_Channel1_IRQHandler</STRONG> (Thumb, 0 bytes, Stack size 0 bytes, startup_gd32f10x_hd.o(.text))
<BR>[Address Reference Count : 1]<UL><LI> startup_gd32f10x_hd.o(RESET)
</UL>
<P><STRONG><a name="[44]"></a>DMA1_Channel2_IRQHandler</STRONG> (Thumb, 0 bytes, Stack size 0 bytes, startup_gd32f10x_hd.o(.text))
<BR>[Address Reference Count : 1]<UL><LI> startup_gd32f10x_hd.o(RESET)
</UL>
<P><STRONG><a name="[45]"></a>DMA1_Channel3_4_IRQHandler</STRONG> (Thumb, 0 bytes, Stack size 0 bytes, startup_gd32f10x_hd.o(.text))
<BR>[Address Reference Count : 1]<UL><LI> startup_gd32f10x_hd.o(RESET)
</UL>
<P><STRONG><a name="[3a]"></a>EXMC_IRQHandler</STRONG> (Thumb, 0 bytes, Stack size 0 bytes, startup_gd32f10x_hd.o(.text))
<BR>[Address Reference Count : 1]<UL><LI> startup_gd32f10x_hd.o(RESET)
</UL>
<P><STRONG><a name="[32]"></a>EXTI10_15_IRQHandler</STRONG> (Thumb, 0 bytes, Stack size 0 bytes, startup_gd32f10x_hd.o(.text))
<BR>[Address Reference Count : 1]<UL><LI> startup_gd32f10x_hd.o(RESET)
</UL>
<P><STRONG><a name="[11]"></a>EXTI1_IRQHandler</STRONG> (Thumb, 0 bytes, Stack size 0 bytes, startup_gd32f10x_hd.o(.text))
<BR>[Address Reference Count : 1]<UL><LI> startup_gd32f10x_hd.o(RESET)
</UL>
<P><STRONG><a name="[12]"></a>EXTI2_IRQHandler</STRONG> (Thumb, 0 bytes, Stack size 0 bytes, startup_gd32f10x_hd.o(.text))
<BR>[Address Reference Count : 1]<UL><LI> startup_gd32f10x_hd.o(RESET)
</UL>
<P><STRONG><a name="[13]"></a>EXTI3_IRQHandler</STRONG> (Thumb, 0 bytes, Stack size 0 bytes, startup_gd32f10x_hd.o(.text))
<BR>[Address Reference Count : 1]<UL><LI> startup_gd32f10x_hd.o(RESET)
</UL>
<P><STRONG><a name="[14]"></a>EXTI4_IRQHandler</STRONG> (Thumb, 0 bytes, Stack size 0 bytes, startup_gd32f10x_hd.o(.text))
<BR>[Address Reference Count : 1]<UL><LI> startup_gd32f10x_hd.o(RESET)
</UL>
<P><STRONG><a name="[21]"></a>EXTI5_9_IRQHandler</STRONG> (Thumb, 0 bytes, Stack size 0 bytes, startup_gd32f10x_hd.o(.text))
<BR>[Address Reference Count : 1]<UL><LI> startup_gd32f10x_hd.o(RESET)
</UL>
<P><STRONG><a name="[e]"></a>FMC_IRQHandler</STRONG> (Thumb, 0 bytes, Stack size 0 bytes, startup_gd32f10x_hd.o(.text))
<BR>[Address Reference Count : 1]<UL><LI> startup_gd32f10x_hd.o(RESET)
</UL>
<P><STRONG><a name="[2a]"></a>I2C0_ER_IRQHandler</STRONG> (Thumb, 0 bytes, Stack size 0 bytes, startup_gd32f10x_hd.o(.text))
<BR>[Address Reference Count : 1]<UL><LI> startup_gd32f10x_hd.o(RESET)
</UL>
<P><STRONG><a name="[29]"></a>I2C0_EV_IRQHandler</STRONG> (Thumb, 0 bytes, Stack size 0 bytes, startup_gd32f10x_hd.o(.text))
<BR>[Address Reference Count : 1]<UL><LI> startup_gd32f10x_hd.o(RESET)
</UL>
<P><STRONG><a name="[2c]"></a>I2C1_ER_IRQHandler</STRONG> (Thumb, 0 bytes, Stack size 0 bytes, startup_gd32f10x_hd.o(.text))
<BR>[Address Reference Count : 1]<UL><LI> startup_gd32f10x_hd.o(RESET)
</UL>
<P><STRONG><a name="[2b]"></a>I2C1_EV_IRQHandler</STRONG> (Thumb, 0 bytes, Stack size 0 bytes, startup_gd32f10x_hd.o(.text))
<BR>[Address Reference Count : 1]<UL><LI> startup_gd32f10x_hd.o(RESET)
</UL>
<P><STRONG><a name="[b]"></a>LVD_IRQHandler</STRONG> (Thumb, 0 bytes, Stack size 0 bytes, startup_gd32f10x_hd.o(.text))
<BR>[Address Reference Count : 1]<UL><LI> startup_gd32f10x_hd.o(RESET)
</UL>
<P><STRONG><a name="[f]"></a>RCU_IRQHandler</STRONG> (Thumb, 0 bytes, Stack size 0 bytes, startup_gd32f10x_hd.o(.text))
<BR>[Address Reference Count : 1]<UL><LI> startup_gd32f10x_hd.o(RESET)
</UL>
<P><STRONG><a name="[33]"></a>RTC_Alarm_IRQHandler</STRONG> (Thumb, 0 bytes, Stack size 0 bytes, startup_gd32f10x_hd.o(.text))
<BR>[Address Reference Count : 1]<UL><LI> startup_gd32f10x_hd.o(RESET)
</UL>
<P><STRONG><a name="[d]"></a>RTC_IRQHandler</STRONG> (Thumb, 0 bytes, Stack size 0 bytes, startup_gd32f10x_hd.o(.text))
<BR>[Address Reference Count : 1]<UL><LI> startup_gd32f10x_hd.o(RESET)
</UL>
<P><STRONG><a name="[3b]"></a>SDIO_IRQHandler</STRONG> (Thumb, 0 bytes, Stack size 0 bytes, startup_gd32f10x_hd.o(.text))
<BR>[Address Reference Count : 1]<UL><LI> startup_gd32f10x_hd.o(RESET)
</UL>
<P><STRONG><a name="[2d]"></a>SPI0_IRQHandler</STRONG> (Thumb, 0 bytes, Stack size 0 bytes, startup_gd32f10x_hd.o(.text))
<BR>[Address Reference Count : 1]<UL><LI> startup_gd32f10x_hd.o(RESET)
</UL>
<P><STRONG><a name="[2e]"></a>SPI1_IRQHandler</STRONG> (Thumb, 0 bytes, Stack size 0 bytes, startup_gd32f10x_hd.o(.text))
<BR>[Address Reference Count : 1]<UL><LI> startup_gd32f10x_hd.o(RESET)
</UL>
<P><STRONG><a name="[3d]"></a>SPI2_IRQHandler</STRONG> (Thumb, 0 bytes, Stack size 0 bytes, startup_gd32f10x_hd.o(.text))
<BR>[Address Reference Count : 1]<UL><LI> startup_gd32f10x_hd.o(RESET)
</UL>
<P><STRONG><a name="[c]"></a>TAMPER_IRQHandler</STRONG> (Thumb, 0 bytes, Stack size 0 bytes, startup_gd32f10x_hd.o(.text))
<BR>[Address Reference Count : 1]<UL><LI> startup_gd32f10x_hd.o(RESET)
</UL>
<P><STRONG><a name="[22]"></a>TIMER0_BRK_IRQHandler</STRONG> (Thumb, 0 bytes, Stack size 0 bytes, startup_gd32f10x_hd.o(.text))
<BR>[Address Reference Count : 1]<UL><LI> startup_gd32f10x_hd.o(RESET)
</UL>
<P><STRONG><a name="[25]"></a>TIMER0_Channel_IRQHandler</STRONG> (Thumb, 0 bytes, Stack size 0 bytes, startup_gd32f10x_hd.o(.text))
<BR>[Address Reference Count : 1]<UL><LI> startup_gd32f10x_hd.o(RESET)
</UL>
<P><STRONG><a name="[24]"></a>TIMER0_TRG_CMT_IRQHandler</STRONG> (Thumb, 0 bytes, Stack size 0 bytes, startup_gd32f10x_hd.o(.text))
<BR>[Address Reference Count : 1]<UL><LI> startup_gd32f10x_hd.o(RESET)
</UL>
<P><STRONG><a name="[23]"></a>TIMER0_UP_IRQHandler</STRONG> (Thumb, 0 bytes, Stack size 0 bytes, startup_gd32f10x_hd.o(.text))
<BR>[Address Reference Count : 1]<UL><LI> startup_gd32f10x_hd.o(RESET)
</UL>
<P><STRONG><a name="[26]"></a>TIMER1_IRQHandler</STRONG> (Thumb, 0 bytes, Stack size 0 bytes, startup_gd32f10x_hd.o(.text))
<BR>[Address Reference Count : 1]<UL><LI> startup_gd32f10x_hd.o(RESET)
</UL>
<P><STRONG><a name="[27]"></a>TIMER2_IRQHandler</STRONG> (Thumb, 0 bytes, Stack size 0 bytes, startup_gd32f10x_hd.o(.text))
<BR>[Address Reference Count : 1]<UL><LI> startup_gd32f10x_hd.o(RESET)
</UL>
<P><STRONG><a name="[28]"></a>TIMER3_IRQHandler</STRONG> (Thumb, 0 bytes, Stack size 0 bytes, startup_gd32f10x_hd.o(.text))
<BR>[Address Reference Count : 1]<UL><LI> startup_gd32f10x_hd.o(RESET)
</UL>
<P><STRONG><a name="[3c]"></a>TIMER4_IRQHandler</STRONG> (Thumb, 0 bytes, Stack size 0 bytes, startup_gd32f10x_hd.o(.text))
<BR>[Address Reference Count : 1]<UL><LI> startup_gd32f10x_hd.o(RESET)
</UL>
<P><STRONG><a name="[40]"></a>TIMER5_IRQHandler</STRONG> (Thumb, 0 bytes, Stack size 0 bytes, startup_gd32f10x_hd.o(.text))
<BR>[Address Reference Count : 1]<UL><LI> startup_gd32f10x_hd.o(RESET)
</UL>
<P><STRONG><a name="[41]"></a>TIMER6_IRQHandler</STRONG> (Thumb, 0 bytes, Stack size 0 bytes, startup_gd32f10x_hd.o(.text))
<BR>[Address Reference Count : 1]<UL><LI> startup_gd32f10x_hd.o(RESET)
</UL>
<P><STRONG><a name="[35]"></a>TIMER7_BRK_IRQHandler</STRONG> (Thumb, 0 bytes, Stack size 0 bytes, startup_gd32f10x_hd.o(.text))
<BR>[Address Reference Count : 1]<UL><LI> startup_gd32f10x_hd.o(RESET)
</UL>
<P><STRONG><a name="[38]"></a>TIMER7_Channel_IRQHandler</STRONG> (Thumb, 0 bytes, Stack size 0 bytes, startup_gd32f10x_hd.o(.text))
<BR>[Address Reference Count : 1]<UL><LI> startup_gd32f10x_hd.o(RESET)
</UL>
<P><STRONG><a name="[37]"></a>TIMER7_TRG_CMT_IRQHandler</STRONG> (Thumb, 0 bytes, Stack size 0 bytes, startup_gd32f10x_hd.o(.text))
<BR>[Address Reference Count : 1]<UL><LI> startup_gd32f10x_hd.o(RESET)
</UL>
<P><STRONG><a name="[36]"></a>TIMER7_UP_IRQHandler</STRONG> (Thumb, 0 bytes, Stack size 0 bytes, startup_gd32f10x_hd.o(.text))
<BR>[Address Reference Count : 1]<UL><LI> startup_gd32f10x_hd.o(RESET)
</UL>
<P><STRONG><a name="[1d]"></a>USBD_HP_CAN0_TX_IRQHandler</STRONG> (Thumb, 0 bytes, Stack size 0 bytes, startup_gd32f10x_hd.o(.text))
<BR>[Address Reference Count : 1]<UL><LI> startup_gd32f10x_hd.o(RESET)
</UL>
<P><STRONG><a name="[34]"></a>USBD_WKUP_IRQHandler</STRONG> (Thumb, 0 bytes, Stack size 0 bytes, startup_gd32f10x_hd.o(.text))
<BR>[Address Reference Count : 1]<UL><LI> startup_gd32f10x_hd.o(RESET)
</UL>
<P><STRONG><a name="[a]"></a>WWDGT_IRQHandler</STRONG> (Thumb, 0 bytes, Stack size 0 bytes, startup_gd32f10x_hd.o(.text))
<BR>[Address Reference Count : 1]<UL><LI> startup_gd32f10x_hd.o(RESET)
</UL>
<P><STRONG><a name="[a4]"></a>__aeabi_memcpy</STRONG> (Thumb, 36 bytes, Stack size 0 bytes, memcpya.o(.text))
<BR><BR>[Called By]<UL><LI><a href="#[13a]">&gt;&gt;</a>&nbsp;&nbsp;&nbsp;PKeybordProc
<LI><a href="#[109]">&gt;&gt;</a>&nbsp;&nbsp;&nbsp;GpsProc
<LI><a href="#[ca]">&gt;&gt;</a>&nbsp;&nbsp;&nbsp;BleCmdProc
<LI><a href="#[105]">&gt;&gt;</a>&nbsp;&nbsp;&nbsp;GattSetVersion
<LI><a href="#[fd]">&gt;&gt;</a>&nbsp;&nbsp;&nbsp;GattSetPpid
<LI><a href="#[f9]">&gt;&gt;</a>&nbsp;&nbsp;&nbsp;GattSetOpid
<LI><a href="#[f6]">&gt;&gt;</a>&nbsp;&nbsp;&nbsp;GattSetHashTop
<LI><a href="#[9d]">&gt;&gt;</a>&nbsp;&nbsp;&nbsp;GattGetData
<LI><a href="#[ce]">&gt;&gt;</a>&nbsp;&nbsp;&nbsp;BlePacktSend
<LI><a href="#[cc]">&gt;&gt;</a>&nbsp;&nbsp;&nbsp;BlePacktParse
<LI><a href="#[cd]">&gt;&gt;</a>&nbsp;&nbsp;&nbsp;BleDataReprot
<LI><a href="#[c3]">&gt;&gt;</a>&nbsp;&nbsp;&nbsp;GattSetUplinkData
<LI><a href="#[b8]">&gt;&gt;</a>&nbsp;&nbsp;&nbsp;GattSetGpsCordLon
<LI><a href="#[b9]">&gt;&gt;</a>&nbsp;&nbsp;&nbsp;GattSetGpsCordLat
<LI><a href="#[c9]">&gt;&gt;</a>&nbsp;&nbsp;&nbsp;GattSetData
<LI><a href="#[bc]">&gt;&gt;</a>&nbsp;&nbsp;&nbsp;GattSetCmdUplinkData
<LI><a href="#[bb]">&gt;&gt;</a>&nbsp;&nbsp;&nbsp;AtSetTopicId
<LI><a href="#[a9]">&gt;&gt;</a>&nbsp;&nbsp;&nbsp;AtSetSubscribeId
<LI><a href="#[67]">&gt;&gt;</a>&nbsp;&nbsp;&nbsp;AtCmdTransFrqParse
<LI><a href="#[69]">&gt;&gt;</a>&nbsp;&nbsp;&nbsp;AtCmdPortParse
<LI><a href="#[6c]">&gt;&gt;</a>&nbsp;&nbsp;&nbsp;AtCmdPhoneNoParse
<LI><a href="#[b3]">&gt;&gt;</a>&nbsp;&nbsp;&nbsp;AtCmdPaser
<LI><a href="#[6a]">&gt;&gt;</a>&nbsp;&nbsp;&nbsp;AtCmdMqttUsrNameParse
<LI><a href="#[6b]">&gt;&gt;</a>&nbsp;&nbsp;&nbsp;AtCmdMqttPswdParse
<LI><a href="#[66]">&gt;&gt;</a>&nbsp;&nbsp;&nbsp;AtCmdMeansFrqParse
<LI><a href="#[68]">&gt;&gt;</a>&nbsp;&nbsp;&nbsp;AtCmdBrokerParse
<LI><a href="#[63]">&gt;&gt;</a>&nbsp;&nbsp;&nbsp;AtCmdApnUserParse
<LI><a href="#[64]">&gt;&gt;</a>&nbsp;&nbsp;&nbsp;AtCmdApnPswdParse
<LI><a href="#[62]">&gt;&gt;</a>&nbsp;&nbsp;&nbsp;AtCmdApnParse
<LI><a href="#[18f]">&gt;&gt;</a>&nbsp;&nbsp;&nbsp;sha1_update
<LI><a href="#[118]">&gt;&gt;</a>&nbsp;&nbsp;&nbsp;Hash_Opration
<LI><a href="#[13e]">&gt;&gt;</a>&nbsp;&nbsp;&nbsp;Process_cmd_all
</UL>

<P><STRONG><a name="[c1]"></a>__aeabi_memcpy4</STRONG> (Thumb, 0 bytes, Stack size 0 bytes, memcpya.o(.text))
<BR><BR>[Called By]<UL><LI><a href="#[13f]">&gt;&gt;</a>&nbsp;&nbsp;&nbsp;PaygInit
<LI><a href="#[df]">&gt;&gt;</a>&nbsp;&nbsp;&nbsp;EEpProcess
<LI><a href="#[de]">&gt;&gt;</a>&nbsp;&nbsp;&nbsp;EEpInit
<LI><a href="#[b3]">&gt;&gt;</a>&nbsp;&nbsp;&nbsp;AtCmdPaser
</UL>

<P><STRONG><a name="[19d]"></a>__aeabi_memcpy8</STRONG> (Thumb, 0 bytes, Stack size 0 bytes, memcpya.o(.text), UNUSED)

<P><STRONG><a name="[7d]"></a>__aeabi_memset</STRONG> (Thumb, 14 bytes, Stack size 0 bytes, memseta.o(.text))
<BR><BR>[Called By]<UL><LI><a href="#[7e]">&gt;&gt;</a>&nbsp;&nbsp;&nbsp;_memset$wrapper
<LI><a href="#[7c]">&gt;&gt;</a>&nbsp;&nbsp;&nbsp;__aeabi_memclr
</UL>

<P><STRONG><a name="[19e]"></a>__aeabi_memset4</STRONG> (Thumb, 0 bytes, Stack size 0 bytes, memseta.o(.text), UNUSED)

<P><STRONG><a name="[19f]"></a>__aeabi_memset8</STRONG> (Thumb, 0 bytes, Stack size 0 bytes, memseta.o(.text), UNUSED)

<P><STRONG><a name="[7c]"></a>__aeabi_memclr</STRONG> (Thumb, 4 bytes, Stack size 0 bytes, memseta.o(.text))
<BR><BR>[Calls]<UL><LI><a href="#[7d]">&gt;&gt;</a>&nbsp;&nbsp;&nbsp;__aeabi_memset
</UL>
<BR>[Called By]<UL><LI><a href="#[13a]">&gt;&gt;</a>&nbsp;&nbsp;&nbsp;PKeybordProc
<LI><a href="#[127]">&gt;&gt;</a>&nbsp;&nbsp;&nbsp;JbsBmsTask
<LI><a href="#[c8]">&gt;&gt;</a>&nbsp;&nbsp;&nbsp;JbsBmsInit
<LI><a href="#[109]">&gt;&gt;</a>&nbsp;&nbsp;&nbsp;GpsProc
<LI><a href="#[f1]">&gt;&gt;</a>&nbsp;&nbsp;&nbsp;GattInit
<LI><a href="#[ca]">&gt;&gt;</a>&nbsp;&nbsp;&nbsp;BleCmdProc
<LI><a href="#[ce]">&gt;&gt;</a>&nbsp;&nbsp;&nbsp;BlePacktSend
<LI><a href="#[be]">&gt;&gt;</a>&nbsp;&nbsp;&nbsp;GattSingleFieldMerge
<LI><a href="#[c3]">&gt;&gt;</a>&nbsp;&nbsp;&nbsp;GattSetUplinkData
<LI><a href="#[bc]">&gt;&gt;</a>&nbsp;&nbsp;&nbsp;GattSetCmdUplinkData
<LI><a href="#[ac]">&gt;&gt;</a>&nbsp;&nbsp;&nbsp;GattMultiFieldMerge
<LI><a href="#[bf]">&gt;&gt;</a>&nbsp;&nbsp;&nbsp;GattDtTypeFieldJsonMerge
<LI><a href="#[ab]">&gt;&gt;</a>&nbsp;&nbsp;&nbsp;GattAllFieldJsonMerge
<LI><a href="#[ad]">&gt;&gt;</a>&nbsp;&nbsp;&nbsp;GattAbacFieldMerge
<LI><a href="#[bb]">&gt;&gt;</a>&nbsp;&nbsp;&nbsp;AtSetTopicId
<LI><a href="#[a9]">&gt;&gt;</a>&nbsp;&nbsp;&nbsp;AtSetSubscribeId
<LI><a href="#[b3]">&gt;&gt;</a>&nbsp;&nbsp;&nbsp;AtCmdPaser
<LI><a href="#[b2]">&gt;&gt;</a>&nbsp;&nbsp;&nbsp;AtCmdMerge
<LI><a href="#[af]">&gt;&gt;</a>&nbsp;&nbsp;&nbsp;AtCmdInit
<LI><a href="#[4c]">&gt;&gt;</a>&nbsp;&nbsp;&nbsp;AtCmdCmgsSend
<LI><a href="#[4d]">&gt;&gt;</a>&nbsp;&nbsp;&nbsp;AtCmdCmgsSMSSend
<LI><a href="#[128]">&gt;&gt;</a>&nbsp;&nbsp;&nbsp;JbsBms_GetInfo
<LI><a href="#[14c]">&gt;&gt;</a>&nbsp;&nbsp;&nbsp;PumpSend
<LI><a href="#[118]">&gt;&gt;</a>&nbsp;&nbsp;&nbsp;Hash_Opration
<LI><a href="#[13e]">&gt;&gt;</a>&nbsp;&nbsp;&nbsp;Process_cmd_all
</UL>

<P><STRONG><a name="[94]"></a>__aeabi_memclr4</STRONG> (Thumb, 0 bytes, Stack size 0 bytes, memseta.o(.text))
<BR><BR>[Called By]<UL><LI><a href="#[13a]">&gt;&gt;</a>&nbsp;&nbsp;&nbsp;PKeybordProc
<LI><a href="#[109]">&gt;&gt;</a>&nbsp;&nbsp;&nbsp;GpsProc
<LI><a href="#[de]">&gt;&gt;</a>&nbsp;&nbsp;&nbsp;EEpInit
<LI><a href="#[ca]">&gt;&gt;</a>&nbsp;&nbsp;&nbsp;BleCmdProc
<LI><a href="#[97]">&gt;&gt;</a>&nbsp;&nbsp;&nbsp;AbacusLederProc
<LI><a href="#[93]">&gt;&gt;</a>&nbsp;&nbsp;&nbsp;AbacusLederInit
<LI><a href="#[cd]">&gt;&gt;</a>&nbsp;&nbsp;&nbsp;BleDataReprot
<LI><a href="#[be]">&gt;&gt;</a>&nbsp;&nbsp;&nbsp;GattSingleFieldMerge
<LI><a href="#[ac]">&gt;&gt;</a>&nbsp;&nbsp;&nbsp;GattMultiFieldMerge
<LI><a href="#[bf]">&gt;&gt;</a>&nbsp;&nbsp;&nbsp;GattDtTypeFieldJsonMerge
<LI><a href="#[ad]">&gt;&gt;</a>&nbsp;&nbsp;&nbsp;GattAbacFieldMerge
<LI><a href="#[65]">&gt;&gt;</a>&nbsp;&nbsp;&nbsp;AtCmdTokenParse
<LI><a href="#[c4]">&gt;&gt;</a>&nbsp;&nbsp;&nbsp;AtCmdProc
<LI><a href="#[b3]">&gt;&gt;</a>&nbsp;&nbsp;&nbsp;AtCmdPaser
<LI><a href="#[60]">&gt;&gt;</a>&nbsp;&nbsp;&nbsp;AtCmdMqttUnSubSend
<LI><a href="#[57]">&gt;&gt;</a>&nbsp;&nbsp;&nbsp;AtCmdMqttTopicSend
<LI><a href="#[5e]">&gt;&gt;</a>&nbsp;&nbsp;&nbsp;AtCmdMqttSubtopicSend
<LI><a href="#[5c]">&gt;&gt;</a>&nbsp;&nbsp;&nbsp;AtCmdMqttSubSend
<LI><a href="#[5b]">&gt;&gt;</a>&nbsp;&nbsp;&nbsp;AtCmdMqttPubSend
<LI><a href="#[59]">&gt;&gt;</a>&nbsp;&nbsp;&nbsp;AtCmdMqttPayloadSend
<LI><a href="#[56]">&gt;&gt;</a>&nbsp;&nbsp;&nbsp;AtCmdMqttConnectSend
<LI><a href="#[55]">&gt;&gt;</a>&nbsp;&nbsp;&nbsp;AtCmdMqttAccqSend
<LI><a href="#[4b]">&gt;&gt;</a>&nbsp;&nbsp;&nbsp;AtCmdCmgrSend
<LI><a href="#[53]">&gt;&gt;</a>&nbsp;&nbsp;&nbsp;AtCmdCgdcontSend
<LI><a href="#[54]">&gt;&gt;</a>&nbsp;&nbsp;&nbsp;AtCmdCgactSend
<LI><a href="#[68]">&gt;&gt;</a>&nbsp;&nbsp;&nbsp;AtCmdBrokerParse
<LI><a href="#[62]">&gt;&gt;</a>&nbsp;&nbsp;&nbsp;AtCmdApnParse
<LI><a href="#[13e]">&gt;&gt;</a>&nbsp;&nbsp;&nbsp;Process_cmd_all
</UL>

<P><STRONG><a name="[1a0]"></a>__aeabi_memclr8</STRONG> (Thumb, 0 bytes, Stack size 0 bytes, memseta.o(.text), UNUSED)

<P><STRONG><a name="[7e]"></a>_memset$wrapper</STRONG> (Thumb, 18 bytes, Stack size 8 bytes, memseta.o(.text), UNUSED)
<BR><BR>[Calls]<UL><LI><a href="#[7d]">&gt;&gt;</a>&nbsp;&nbsp;&nbsp;__aeabi_memset
</UL>

<P><STRONG><a name="[9c]"></a>strstr</STRONG> (Thumb, 36 bytes, Stack size 12 bytes, strstr.o(.text))
<BR><BR>[Stack]<UL><LI>Max Depth = 12<LI>Call Chain = strstr
</UL>
<BR>[Called By]<UL><LI><a href="#[13a]">&gt;&gt;</a>&nbsp;&nbsp;&nbsp;PKeybordProc
<LI><a href="#[97]">&gt;&gt;</a>&nbsp;&nbsp;&nbsp;AbacusLederProc
<LI><a href="#[be]">&gt;&gt;</a>&nbsp;&nbsp;&nbsp;GattSingleFieldMerge
<LI><a href="#[ac]">&gt;&gt;</a>&nbsp;&nbsp;&nbsp;GattMultiFieldMerge
<LI><a href="#[65]">&gt;&gt;</a>&nbsp;&nbsp;&nbsp;AtCmdTokenParse
<LI><a href="#[b3]">&gt;&gt;</a>&nbsp;&nbsp;&nbsp;AtCmdPaser
</UL>

<P><STRONG><a name="[a2]"></a>strlen</STRONG> (Thumb, 14 bytes, Stack size 0 bytes, strlen.o(.text))
<BR><BR>[Called By]<UL><LI><a href="#[13a]">&gt;&gt;</a>&nbsp;&nbsp;&nbsp;PKeybordProc
<LI><a href="#[109]">&gt;&gt;</a>&nbsp;&nbsp;&nbsp;GpsProc
<LI><a href="#[d2]">&gt;&gt;</a>&nbsp;&nbsp;&nbsp;CampInsert
<LI><a href="#[9d]">&gt;&gt;</a>&nbsp;&nbsp;&nbsp;GattGetData
<LI><a href="#[be]">&gt;&gt;</a>&nbsp;&nbsp;&nbsp;GattSingleFieldMerge
<LI><a href="#[c3]">&gt;&gt;</a>&nbsp;&nbsp;&nbsp;GattSetUplinkData
<LI><a href="#[b8]">&gt;&gt;</a>&nbsp;&nbsp;&nbsp;GattSetGpsCordLon
<LI><a href="#[b9]">&gt;&gt;</a>&nbsp;&nbsp;&nbsp;GattSetGpsCordLat
<LI><a href="#[c9]">&gt;&gt;</a>&nbsp;&nbsp;&nbsp;GattSetData
<LI><a href="#[bc]">&gt;&gt;</a>&nbsp;&nbsp;&nbsp;GattSetCmdUplinkData
<LI><a href="#[ac]">&gt;&gt;</a>&nbsp;&nbsp;&nbsp;GattMultiFieldMerge
<LI><a href="#[bf]">&gt;&gt;</a>&nbsp;&nbsp;&nbsp;GattDtTypeFieldJsonMerge
<LI><a href="#[ab]">&gt;&gt;</a>&nbsp;&nbsp;&nbsp;GattAllFieldJsonMerge
<LI><a href="#[ad]">&gt;&gt;</a>&nbsp;&nbsp;&nbsp;GattAbacFieldMerge
<LI><a href="#[c6]">&gt;&gt;</a>&nbsp;&nbsp;&nbsp;AtouI
<LI><a href="#[b7]">&gt;&gt;</a>&nbsp;&nbsp;&nbsp;AtStrStr
<LI><a href="#[bb]">&gt;&gt;</a>&nbsp;&nbsp;&nbsp;AtSetTopicId
<LI><a href="#[a9]">&gt;&gt;</a>&nbsp;&nbsp;&nbsp;AtSetSubscribeId
<LI><a href="#[67]">&gt;&gt;</a>&nbsp;&nbsp;&nbsp;AtCmdTransFrqParse
<LI><a href="#[65]">&gt;&gt;</a>&nbsp;&nbsp;&nbsp;AtCmdTokenParse
<LI><a href="#[4a]">&gt;&gt;</a>&nbsp;&nbsp;&nbsp;AtCmdSend
<LI><a href="#[c4]">&gt;&gt;</a>&nbsp;&nbsp;&nbsp;AtCmdProc
<LI><a href="#[69]">&gt;&gt;</a>&nbsp;&nbsp;&nbsp;AtCmdPortParse
<LI><a href="#[6c]">&gt;&gt;</a>&nbsp;&nbsp;&nbsp;AtCmdPhoneNoParse
<LI><a href="#[b3]">&gt;&gt;</a>&nbsp;&nbsp;&nbsp;AtCmdPaser
<LI><a href="#[6a]">&gt;&gt;</a>&nbsp;&nbsp;&nbsp;AtCmdMqttUsrNameParse
<LI><a href="#[60]">&gt;&gt;</a>&nbsp;&nbsp;&nbsp;AtCmdMqttUnSubSend
<LI><a href="#[57]">&gt;&gt;</a>&nbsp;&nbsp;&nbsp;AtCmdMqttTopicSend
<LI><a href="#[5e]">&gt;&gt;</a>&nbsp;&nbsp;&nbsp;AtCmdMqttSubtopicSend
<LI><a href="#[5c]">&gt;&gt;</a>&nbsp;&nbsp;&nbsp;AtCmdMqttSubSend
<LI><a href="#[6b]">&gt;&gt;</a>&nbsp;&nbsp;&nbsp;AtCmdMqttPswdParse
<LI><a href="#[59]">&gt;&gt;</a>&nbsp;&nbsp;&nbsp;AtCmdMqttPayloadSend
<LI><a href="#[56]">&gt;&gt;</a>&nbsp;&nbsp;&nbsp;AtCmdMqttConnectSend
<LI><a href="#[66]">&gt;&gt;</a>&nbsp;&nbsp;&nbsp;AtCmdMeansFrqParse
<LI><a href="#[4f]">&gt;&gt;</a>&nbsp;&nbsp;&nbsp;AtCmdCsttSend
<LI><a href="#[4d]">&gt;&gt;</a>&nbsp;&nbsp;&nbsp;AtCmdCmgsSMSSend
<LI><a href="#[50]">&gt;&gt;</a>&nbsp;&nbsp;&nbsp;AtCmdCipStart
<LI><a href="#[51]">&gt;&gt;</a>&nbsp;&nbsp;&nbsp;AtCmdCipSend
<LI><a href="#[68]">&gt;&gt;</a>&nbsp;&nbsp;&nbsp;AtCmdBrokerParse
<LI><a href="#[63]">&gt;&gt;</a>&nbsp;&nbsp;&nbsp;AtCmdApnUserParse
<LI><a href="#[64]">&gt;&gt;</a>&nbsp;&nbsp;&nbsp;AtCmdApnPswdParse
<LI><a href="#[62]">&gt;&gt;</a>&nbsp;&nbsp;&nbsp;AtCmdApnParse
<LI><a href="#[128]">&gt;&gt;</a>&nbsp;&nbsp;&nbsp;JbsBms_GetInfo
<LI><a href="#[10a]">&gt;&gt;</a>&nbsp;&nbsp;&nbsp;mStrStr
<LI><a href="#[106]">&gt;&gt;</a>&nbsp;&nbsp;&nbsp;GetAsciiValueLen
<LI><a href="#[118]">&gt;&gt;</a>&nbsp;&nbsp;&nbsp;Hash_Opration
</UL>

<P><STRONG><a name="[7f]"></a>atoi</STRONG> (Thumb, 26 bytes, Stack size 16 bytes, atoi.o(.text))
<BR><BR>[Stack]<UL><LI>Max Depth = 88<LI>Call Chain = atoi &rArr; strtol &rArr; _strtoul
</UL>
<BR>[Calls]<UL><LI><a href="#[81]">&gt;&gt;</a>&nbsp;&nbsp;&nbsp;strtol
<LI><a href="#[80]">&gt;&gt;</a>&nbsp;&nbsp;&nbsp;__aeabi_errno_addr
</UL>
<BR>[Called By]<UL><LI><a href="#[109]">&gt;&gt;</a>&nbsp;&nbsp;&nbsp;GpsProc
<LI><a href="#[b3]">&gt;&gt;</a>&nbsp;&nbsp;&nbsp;AtCmdPaser
</UL>

<P><STRONG><a name="[82]"></a>__aeabi_dadd</STRONG> (Thumb, 322 bytes, Stack size 48 bytes, dadd.o(.text))
<BR><BR>[Stack]<UL><LI>Max Depth = 88<LI>Call Chain = __aeabi_dadd &rArr; _double_epilogue &rArr; _double_round
</UL>
<BR>[Calls]<UL><LI><a href="#[84]">&gt;&gt;</a>&nbsp;&nbsp;&nbsp;__aeabi_lasr
<LI><a href="#[83]">&gt;&gt;</a>&nbsp;&nbsp;&nbsp;__aeabi_llsl
<LI><a href="#[86]">&gt;&gt;</a>&nbsp;&nbsp;&nbsp;_double_round
<LI><a href="#[85]">&gt;&gt;</a>&nbsp;&nbsp;&nbsp;_double_epilogue
</UL>
<BR>[Called By]<UL><LI><a href="#[10b]">&gt;&gt;</a>&nbsp;&nbsp;&nbsp;StrToDouble
<LI><a href="#[88]">&gt;&gt;</a>&nbsp;&nbsp;&nbsp;__aeabi_drsub
<LI><a href="#[87]">&gt;&gt;</a>&nbsp;&nbsp;&nbsp;__aeabi_dsub
<LI><a href="#[17c]">&gt;&gt;</a>&nbsp;&nbsp;&nbsp;_fp_digits
</UL>

<P><STRONG><a name="[87]"></a>__aeabi_dsub</STRONG> (Thumb, 6 bytes, Stack size 0 bytes, dadd.o(.text), UNUSED)
<BR><BR>[Calls]<UL><LI><a href="#[82]">&gt;&gt;</a>&nbsp;&nbsp;&nbsp;__aeabi_dadd
</UL>

<P><STRONG><a name="[88]"></a>__aeabi_drsub</STRONG> (Thumb, 6 bytes, Stack size 0 bytes, dadd.o(.text), UNUSED)
<BR><BR>[Calls]<UL><LI><a href="#[82]">&gt;&gt;</a>&nbsp;&nbsp;&nbsp;__aeabi_dadd
</UL>

<P><STRONG><a name="[89]"></a>__aeabi_dmul</STRONG> (Thumb, 228 bytes, Stack size 48 bytes, dmul.o(.text), UNUSED)
<BR><BR>[Calls]<UL><LI><a href="#[85]">&gt;&gt;</a>&nbsp;&nbsp;&nbsp;_double_epilogue
</UL>
<BR>[Called By]<UL><LI><a href="#[17c]">&gt;&gt;</a>&nbsp;&nbsp;&nbsp;_fp_digits
</UL>

<P><STRONG><a name="[8a]"></a>__aeabi_ddiv</STRONG> (Thumb, 222 bytes, Stack size 32 bytes, ddiv.o(.text))
<BR><BR>[Stack]<UL><LI>Max Depth = 40<LI>Call Chain = __aeabi_ddiv &rArr; _double_round
</UL>
<BR>[Calls]<UL><LI><a href="#[86]">&gt;&gt;</a>&nbsp;&nbsp;&nbsp;_double_round
</UL>
<BR>[Called By]<UL><LI><a href="#[109]">&gt;&gt;</a>&nbsp;&nbsp;&nbsp;GpsProc
<LI><a href="#[10b]">&gt;&gt;</a>&nbsp;&nbsp;&nbsp;StrToDouble
<LI><a href="#[17c]">&gt;&gt;</a>&nbsp;&nbsp;&nbsp;_fp_digits
</UL>

<P><STRONG><a name="[8b]"></a>__aeabi_ui2d</STRONG> (Thumb, 26 bytes, Stack size 16 bytes, dfltui.o(.text))
<BR><BR>[Stack]<UL><LI>Max Depth = 56<LI>Call Chain = __aeabi_ui2d &rArr; _double_epilogue &rArr; _double_round
</UL>
<BR>[Calls]<UL><LI><a href="#[85]">&gt;&gt;</a>&nbsp;&nbsp;&nbsp;_double_epilogue
</UL>
<BR>[Called By]<UL><LI><a href="#[10b]">&gt;&gt;</a>&nbsp;&nbsp;&nbsp;StrToDouble
</UL>

<P><STRONG><a name="[10c]"></a>__aeabi_cdcmpeq</STRONG> (Thumb, 0 bytes, Stack size 0 bytes, cdcmple.o(.text))
<BR><BR>[Called By]<UL><LI><a href="#[109]">&gt;&gt;</a>&nbsp;&nbsp;&nbsp;GpsProc
</UL>

<P><STRONG><a name="[1a1]"></a>__aeabi_cdcmple</STRONG> (Thumb, 48 bytes, Stack size 0 bytes, cdcmple.o(.text), UNUSED)

<P><STRONG><a name="[1a2]"></a>__aeabi_uidiv</STRONG> (Thumb, 0 bytes, Stack size 12 bytes, uidiv.o(.text), UNUSED)

<P><STRONG><a name="[180]"></a>__aeabi_uidivmod</STRONG> (Thumb, 44 bytes, Stack size 12 bytes, uidiv.o(.text), UNUSED)
<BR><BR>[Called By]<UL><LI><a href="#[17b]">&gt;&gt;</a>&nbsp;&nbsp;&nbsp;_printf_core
</UL>

<P><STRONG><a name="[8c]"></a>__aeabi_uldivmod</STRONG> (Thumb, 98 bytes, Stack size 40 bytes, uldiv.o(.text), UNUSED)
<BR><BR>[Calls]<UL><LI><a href="#[8d]">&gt;&gt;</a>&nbsp;&nbsp;&nbsp;__aeabi_llsr
<LI><a href="#[83]">&gt;&gt;</a>&nbsp;&nbsp;&nbsp;__aeabi_llsl
</UL>
<BR>[Called By]<UL><LI><a href="#[17b]">&gt;&gt;</a>&nbsp;&nbsp;&nbsp;_printf_core
<LI><a href="#[17c]">&gt;&gt;</a>&nbsp;&nbsp;&nbsp;_fp_digits
</UL>

<P><STRONG><a name="[83]"></a>__aeabi_llsl</STRONG> (Thumb, 30 bytes, Stack size 0 bytes, llshl.o(.text))
<BR><BR>[Called By]<UL><LI><a href="#[82]">&gt;&gt;</a>&nbsp;&nbsp;&nbsp;__aeabi_dadd
<LI><a href="#[8c]">&gt;&gt;</a>&nbsp;&nbsp;&nbsp;__aeabi_uldivmod
<LI><a href="#[85]">&gt;&gt;</a>&nbsp;&nbsp;&nbsp;_double_epilogue
<LI><a href="#[90]">&gt;&gt;</a>&nbsp;&nbsp;&nbsp;__aeabi_d2ulz
</UL>

<P><STRONG><a name="[1a3]"></a>_ll_shift_l</STRONG> (Thumb, 0 bytes, Stack size 0 bytes, llshl.o(.text), UNUSED)

<P><STRONG><a name="[8d]"></a>__aeabi_llsr</STRONG> (Thumb, 32 bytes, Stack size 0 bytes, llushr.o(.text))
<BR><BR>[Called By]<UL><LI><a href="#[8c]">&gt;&gt;</a>&nbsp;&nbsp;&nbsp;__aeabi_uldivmod
<LI><a href="#[85]">&gt;&gt;</a>&nbsp;&nbsp;&nbsp;_double_epilogue
<LI><a href="#[90]">&gt;&gt;</a>&nbsp;&nbsp;&nbsp;__aeabi_d2ulz
</UL>

<P><STRONG><a name="[1a4]"></a>_ll_ushift_r</STRONG> (Thumb, 0 bytes, Stack size 0 bytes, llushr.o(.text), UNUSED)

<P><STRONG><a name="[84]"></a>__aeabi_lasr</STRONG> (Thumb, 36 bytes, Stack size 0 bytes, llsshr.o(.text))
<BR><BR>[Called By]<UL><LI><a href="#[82]">&gt;&gt;</a>&nbsp;&nbsp;&nbsp;__aeabi_dadd
</UL>

<P><STRONG><a name="[1a5]"></a>_ll_sshift_r</STRONG> (Thumb, 0 bytes, Stack size 0 bytes, llsshr.o(.text), UNUSED)

<P><STRONG><a name="[81]"></a>strtol</STRONG> (Thumb, 112 bytes, Stack size 32 bytes, strtol.o(.text))
<BR><BR>[Stack]<UL><LI>Max Depth = 72<LI>Call Chain = strtol &rArr; _strtoul
</UL>
<BR>[Calls]<UL><LI><a href="#[8f]">&gt;&gt;</a>&nbsp;&nbsp;&nbsp;_strtoul
<LI><a href="#[8e]">&gt;&gt;</a>&nbsp;&nbsp;&nbsp;__rt_ctype_table
<LI><a href="#[80]">&gt;&gt;</a>&nbsp;&nbsp;&nbsp;__aeabi_errno_addr
</UL>
<BR>[Called By]<UL><LI><a href="#[7f]">&gt;&gt;</a>&nbsp;&nbsp;&nbsp;atoi
</UL>

<P><STRONG><a name="[1a6]"></a>__I$use$fp</STRONG> (Thumb, 0 bytes, Stack size 8 bytes, iusefp.o(.text), UNUSED)

<P><STRONG><a name="[86]"></a>_double_round</STRONG> (Thumb, 30 bytes, Stack size 8 bytes, depilogue.o(.text))
<BR><BR>[Stack]<UL><LI>Max Depth = 8<LI>Call Chain = _double_round
</UL>
<BR>[Called By]<UL><LI><a href="#[8a]">&gt;&gt;</a>&nbsp;&nbsp;&nbsp;__aeabi_ddiv
<LI><a href="#[82]">&gt;&gt;</a>&nbsp;&nbsp;&nbsp;__aeabi_dadd
<LI><a href="#[85]">&gt;&gt;</a>&nbsp;&nbsp;&nbsp;_double_epilogue
</UL>

<P><STRONG><a name="[85]"></a>_double_epilogue</STRONG> (Thumb, 156 bytes, Stack size 32 bytes, depilogue.o(.text))
<BR><BR>[Stack]<UL><LI>Max Depth = 40<LI>Call Chain = _double_epilogue &rArr; _double_round
</UL>
<BR>[Calls]<UL><LI><a href="#[8d]">&gt;&gt;</a>&nbsp;&nbsp;&nbsp;__aeabi_llsr
<LI><a href="#[83]">&gt;&gt;</a>&nbsp;&nbsp;&nbsp;__aeabi_llsl
<LI><a href="#[86]">&gt;&gt;</a>&nbsp;&nbsp;&nbsp;_double_round
</UL>
<BR>[Called By]<UL><LI><a href="#[8b]">&gt;&gt;</a>&nbsp;&nbsp;&nbsp;__aeabi_ui2d
<LI><a href="#[82]">&gt;&gt;</a>&nbsp;&nbsp;&nbsp;__aeabi_dadd
<LI><a href="#[89]">&gt;&gt;</a>&nbsp;&nbsp;&nbsp;__aeabi_dmul
</UL>

<P><STRONG><a name="[90]"></a>__aeabi_d2ulz</STRONG> (Thumb, 48 bytes, Stack size 0 bytes, dfixul.o(.text), UNUSED)
<BR><BR>[Calls]<UL><LI><a href="#[8d]">&gt;&gt;</a>&nbsp;&nbsp;&nbsp;__aeabi_llsr
<LI><a href="#[83]">&gt;&gt;</a>&nbsp;&nbsp;&nbsp;__aeabi_llsl
</UL>
<BR>[Called By]<UL><LI><a href="#[17c]">&gt;&gt;</a>&nbsp;&nbsp;&nbsp;_fp_digits
</UL>

<P><STRONG><a name="[17d]"></a>__aeabi_cdrcmple</STRONG> (Thumb, 48 bytes, Stack size 0 bytes, cdrcmple.o(.text), UNUSED)
<BR><BR>[Called By]<UL><LI><a href="#[17c]">&gt;&gt;</a>&nbsp;&nbsp;&nbsp;_fp_digits
</UL>

<P><STRONG><a name="[7b]"></a>__scatterload</STRONG> (Thumb, 28 bytes, Stack size 0 bytes, init.o(.text))
<BR><BR>[Calls]<UL><LI><a href="#[91]">&gt;&gt;</a>&nbsp;&nbsp;&nbsp;__main_after_scatterload
</UL>
<BR>[Called By]<UL><LI><a href="#[7a]">&gt;&gt;</a>&nbsp;&nbsp;&nbsp;_main_scatterload
</UL>

<P><STRONG><a name="[1a7]"></a>__scatterload_rt2</STRONG> (Thumb, 0 bytes, Stack size 0 bytes, init.o(.text), UNUSED)

<P><STRONG><a name="[8e]"></a>__rt_ctype_table</STRONG> (Thumb, 4 bytes, Stack size 0 bytes, ctype_o.o(.text))
<BR><BR>[Called By]<UL><LI><a href="#[81]">&gt;&gt;</a>&nbsp;&nbsp;&nbsp;strtol
</UL>

<P><STRONG><a name="[8f]"></a>_strtoul</STRONG> (Thumb, 158 bytes, Stack size 40 bytes, _strtoul.o(.text))
<BR><BR>[Stack]<UL><LI>Max Depth = 40<LI>Call Chain = _strtoul
</UL>
<BR>[Calls]<UL><LI><a href="#[92]">&gt;&gt;</a>&nbsp;&nbsp;&nbsp;_chval
<LI><a href="#[80]">&gt;&gt;</a>&nbsp;&nbsp;&nbsp;__aeabi_errno_addr
</UL>
<BR>[Called By]<UL><LI><a href="#[81]">&gt;&gt;</a>&nbsp;&nbsp;&nbsp;strtol
</UL>

<P><STRONG><a name="[92]"></a>_chval</STRONG> (Thumb, 28 bytes, Stack size 0 bytes, _chval.o(.text))
<BR><BR>[Called By]<UL><LI><a href="#[8f]">&gt;&gt;</a>&nbsp;&nbsp;&nbsp;_strtoul
</UL>

<P><STRONG><a name="[1a8]"></a>__decompress</STRONG> (Thumb, 0 bytes, Stack size unknown bytes, __dczerorl2.o(.text), UNUSED)

<P><STRONG><a name="[1a9]"></a>__decompress1</STRONG> (Thumb, 86 bytes, Stack size unknown bytes, __dczerorl2.o(.text), UNUSED)

<P><STRONG><a name="[93]"></a>AbacusLederInit</STRONG> (Thumb, 98 bytes, Stack size 8 bytes, eeprom.o(i.AbacusLederInit))
<BR><BR>[Stack]<UL><LI>Max Depth = 80<LI>Call Chain = AbacusLederInit &rArr; EEpReadPage &rArr; I2c_PageRead &rArr; I2c_Start &rArr; I2c_Send
</UL>
<BR>[Calls]<UL><LI><a href="#[96]">&gt;&gt;</a>&nbsp;&nbsp;&nbsp;HAL_Delay
<LI><a href="#[95]">&gt;&gt;</a>&nbsp;&nbsp;&nbsp;EEpReadPage
<LI><a href="#[94]">&gt;&gt;</a>&nbsp;&nbsp;&nbsp;__aeabi_memclr4
</UL>
<BR>[Called By]<UL><LI><a href="#[46]">&gt;&gt;</a>&nbsp;&nbsp;&nbsp;main
</UL>

<P><STRONG><a name="[97]"></a>AbacusLederProc</STRONG> (Thumb, 1352 bytes, Stack size 72 bytes, eeprom.o(i.AbacusLederProc))
<BR><BR>[Stack]<UL><LI>Max Depth = 152<LI>Call Chain = AbacusLederProc &rArr; EEpWritePage &rArr; I2c_PageWrite &rArr; I2c_Start &rArr; I2c_Send
</UL>
<BR>[Calls]<UL><LI><a href="#[99]">&gt;&gt;</a>&nbsp;&nbsp;&nbsp;TimerEventClear
<LI><a href="#[96]">&gt;&gt;</a>&nbsp;&nbsp;&nbsp;HAL_Delay
<LI><a href="#[9d]">&gt;&gt;</a>&nbsp;&nbsp;&nbsp;GattGetData
<LI><a href="#[9b]">&gt;&gt;</a>&nbsp;&nbsp;&nbsp;GattGetListProp
<LI><a href="#[98]">&gt;&gt;</a>&nbsp;&nbsp;&nbsp;TimerGetEventState
<LI><a href="#[9e]">&gt;&gt;</a>&nbsp;&nbsp;&nbsp;RamShift
<LI><a href="#[9a]">&gt;&gt;</a>&nbsp;&nbsp;&nbsp;EEpWritePage
<LI><a href="#[95]">&gt;&gt;</a>&nbsp;&nbsp;&nbsp;EEpReadPage
<LI><a href="#[9c]">&gt;&gt;</a>&nbsp;&nbsp;&nbsp;strstr
<LI><a href="#[94]">&gt;&gt;</a>&nbsp;&nbsp;&nbsp;__aeabi_memclr4
</UL>
<BR>[Called By]<UL><LI><a href="#[46]">&gt;&gt;</a>&nbsp;&nbsp;&nbsp;main
</UL>

<P><STRONG><a name="[162]"></a>AdcDetectEnable</STRONG> (Thumb, 8 bytes, Stack size 0 bytes, adc.o(i.AdcDetectEnable))
<BR><BR>[Called By]<UL><LI><a href="#[6f]">&gt;&gt;</a>&nbsp;&nbsp;&nbsp;TimerPumpCallback
</UL>

<P><STRONG><a name="[a1]"></a>AdcGetBatAvgVolt</STRONG> (Thumb, 32 bytes, Stack size 8 bytes, adc.o(i.AdcGetBatAvgVolt))
<BR><BR>[Stack]<UL><LI>Max Depth = 8<LI>Call Chain = AdcGetBatAvgVolt
</UL>
<BR>[Called By]<UL><LI><a href="#[9f]">&gt;&gt;</a>&nbsp;&nbsp;&nbsp;AdcProc
</UL>

<P><STRONG><a name="[a0]"></a>AdcGetVerfIntAvgVolt</STRONG> (Thumb, 20 bytes, Stack size 0 bytes, adc.o(i.AdcGetVerfIntAvgVolt))
<BR><BR>[Called By]<UL><LI><a href="#[9f]">&gt;&gt;</a>&nbsp;&nbsp;&nbsp;AdcProc
</UL>

<P><STRONG><a name="[188]"></a>AdcInit</STRONG> (Thumb, 2 bytes, Stack size 0 bytes, adc.o(i.AdcInit))
<BR><BR>[Called By]<UL><LI><a href="#[46]">&gt;&gt;</a>&nbsp;&nbsp;&nbsp;main
</UL>

<P><STRONG><a name="[9f]"></a>AdcProc</STRONG> (Thumb, 116 bytes, Stack size 28 bytes, adc.o(i.AdcProc))
<BR><BR>[Stack]<UL><LI>Max Depth = 36<LI>Call Chain = AdcProc &rArr; AdcGetBatAvgVolt
</UL>
<BR>[Calls]<UL><LI><a href="#[a0]">&gt;&gt;</a>&nbsp;&nbsp;&nbsp;AdcGetVerfIntAvgVolt
<LI><a href="#[a1]">&gt;&gt;</a>&nbsp;&nbsp;&nbsp;AdcGetBatAvgVolt
</UL>
<BR>[Called By]<UL><LI><a href="#[46]">&gt;&gt;</a>&nbsp;&nbsp;&nbsp;main
</UL>

<P><STRONG><a name="[62]"></a>AtCmdApnParse</STRONG> (Thumb, 116 bytes, Stack size 32 bytes, atcmd.o(i.AtCmdApnParse))
<BR><BR>[Stack]<UL><LI>Max Depth = 56<LI>Call Chain = AtCmdApnParse &rArr; __2sprintf
</UL>
<BR>[Calls]<UL><LI><a href="#[a6]">&gt;&gt;</a>&nbsp;&nbsp;&nbsp;EEpUpdateEnable
<LI><a href="#[a3]">&gt;&gt;</a>&nbsp;&nbsp;&nbsp;AtCmdGetValueLen
<LI><a href="#[a5]">&gt;&gt;</a>&nbsp;&nbsp;&nbsp;__2sprintf
<LI><a href="#[a2]">&gt;&gt;</a>&nbsp;&nbsp;&nbsp;strlen
<LI><a href="#[94]">&gt;&gt;</a>&nbsp;&nbsp;&nbsp;__aeabi_memclr4
<LI><a href="#[a4]">&gt;&gt;</a>&nbsp;&nbsp;&nbsp;__aeabi_memcpy
</UL>
<BR>[Address Reference Count : 1]<UL><LI> atcmd.o(.constdata)
</UL>
<P><STRONG><a name="[64]"></a>AtCmdApnPswdParse</STRONG> (Thumb, 124 bytes, Stack size 32 bytes, atcmd.o(i.AtCmdApnPswdParse))
<BR><BR>[Stack]<UL><LI>Max Depth = 56<LI>Call Chain = AtCmdApnPswdParse &rArr; __2sprintf
</UL>
<BR>[Calls]<UL><LI><a href="#[a6]">&gt;&gt;</a>&nbsp;&nbsp;&nbsp;EEpUpdateEnable
<LI><a href="#[a3]">&gt;&gt;</a>&nbsp;&nbsp;&nbsp;AtCmdGetValueLen
<LI><a href="#[a5]">&gt;&gt;</a>&nbsp;&nbsp;&nbsp;__2sprintf
<LI><a href="#[a2]">&gt;&gt;</a>&nbsp;&nbsp;&nbsp;strlen
<LI><a href="#[a4]">&gt;&gt;</a>&nbsp;&nbsp;&nbsp;__aeabi_memcpy
</UL>
<BR>[Address Reference Count : 1]<UL><LI> atcmd.o(.constdata)
</UL>
<P><STRONG><a name="[63]"></a>AtCmdApnUserParse</STRONG> (Thumb, 124 bytes, Stack size 32 bytes, atcmd.o(i.AtCmdApnUserParse))
<BR><BR>[Stack]<UL><LI>Max Depth = 56<LI>Call Chain = AtCmdApnUserParse &rArr; __2sprintf
</UL>
<BR>[Calls]<UL><LI><a href="#[a6]">&gt;&gt;</a>&nbsp;&nbsp;&nbsp;EEpUpdateEnable
<LI><a href="#[a3]">&gt;&gt;</a>&nbsp;&nbsp;&nbsp;AtCmdGetValueLen
<LI><a href="#[a5]">&gt;&gt;</a>&nbsp;&nbsp;&nbsp;__2sprintf
<LI><a href="#[a2]">&gt;&gt;</a>&nbsp;&nbsp;&nbsp;strlen
<LI><a href="#[a4]">&gt;&gt;</a>&nbsp;&nbsp;&nbsp;__aeabi_memcpy
</UL>
<BR>[Address Reference Count : 1]<UL><LI> atcmd.o(.constdata)
</UL>
<P><STRONG><a name="[68]"></a>AtCmdBrokerParse</STRONG> (Thumb, 116 bytes, Stack size 32 bytes, atcmd.o(i.AtCmdBrokerParse))
<BR><BR>[Stack]<UL><LI>Max Depth = 56<LI>Call Chain = AtCmdBrokerParse &rArr; __2sprintf
</UL>
<BR>[Calls]<UL><LI><a href="#[a6]">&gt;&gt;</a>&nbsp;&nbsp;&nbsp;EEpUpdateEnable
<LI><a href="#[a3]">&gt;&gt;</a>&nbsp;&nbsp;&nbsp;AtCmdGetValueLen
<LI><a href="#[a5]">&gt;&gt;</a>&nbsp;&nbsp;&nbsp;__2sprintf
<LI><a href="#[a2]">&gt;&gt;</a>&nbsp;&nbsp;&nbsp;strlen
<LI><a href="#[94]">&gt;&gt;</a>&nbsp;&nbsp;&nbsp;__aeabi_memclr4
<LI><a href="#[a4]">&gt;&gt;</a>&nbsp;&nbsp;&nbsp;__aeabi_memcpy
</UL>
<BR>[Address Reference Count : 1]<UL><LI> atcmd.o(.constdata)
</UL>
<P><STRONG><a name="[54]"></a>AtCmdCgactSend</STRONG> (Thumb, 42 bytes, Stack size 72 bytes, atcmd.o(i.AtCmdCgactSend))
<BR><BR>[Stack]<UL><LI>Max Depth = 128<LI>Call Chain = AtCmdCgactSend &rArr; AtCmdSend &rArr; LogPrintf &rArr; Uart5Send &rArr; usart_flag_get
</UL>
<BR>[Calls]<UL><LI><a href="#[4a]">&gt;&gt;</a>&nbsp;&nbsp;&nbsp;AtCmdSend
<LI><a href="#[a5]">&gt;&gt;</a>&nbsp;&nbsp;&nbsp;__2sprintf
<LI><a href="#[94]">&gt;&gt;</a>&nbsp;&nbsp;&nbsp;__aeabi_memclr4
</UL>
<BR>[Address Reference Count : 1]<UL><LI> atcmd.o(.constdata)
</UL>
<P><STRONG><a name="[53]"></a>AtCmdCgdcontSend</STRONG> (Thumb, 42 bytes, Stack size 72 bytes, atcmd.o(i.AtCmdCgdcontSend))
<BR><BR>[Stack]<UL><LI>Max Depth = 128<LI>Call Chain = AtCmdCgdcontSend &rArr; AtCmdSend &rArr; LogPrintf &rArr; Uart5Send &rArr; usart_flag_get
</UL>
<BR>[Calls]<UL><LI><a href="#[4a]">&gt;&gt;</a>&nbsp;&nbsp;&nbsp;AtCmdSend
<LI><a href="#[a5]">&gt;&gt;</a>&nbsp;&nbsp;&nbsp;__2sprintf
<LI><a href="#[94]">&gt;&gt;</a>&nbsp;&nbsp;&nbsp;__aeabi_memclr4
</UL>
<BR>[Address Reference Count : 1]<UL><LI> atcmd.o(.constdata)
</UL>
<P><STRONG><a name="[51]"></a>AtCmdCipSend</STRONG> (Thumb, 416 bytes, Stack size 40 bytes, atcmd.o(i.AtCmdCipSend))
<BR><BR>[Stack]<UL><LI>Max Depth = 136<LI>Call Chain = AtCmdCipSend &rArr; GattMultiFieldMerge &rArr; AtSetTopicId &rArr; __2sprintf
</UL>
<BR>[Calls]<UL><LI><a href="#[96]">&gt;&gt;</a>&nbsp;&nbsp;&nbsp;HAL_Delay
<LI><a href="#[a7]">&gt;&gt;</a>&nbsp;&nbsp;&nbsp;MqttGetState
<LI><a href="#[aa]">&gt;&gt;</a>&nbsp;&nbsp;&nbsp;MqttGetRequest
<LI><a href="#[ac]">&gt;&gt;</a>&nbsp;&nbsp;&nbsp;GattMultiFieldMerge
<LI><a href="#[ae]">&gt;&gt;</a>&nbsp;&nbsp;&nbsp;GattGetJsonBuff
<LI><a href="#[ab]">&gt;&gt;</a>&nbsp;&nbsp;&nbsp;GattAllFieldJsonMerge
<LI><a href="#[ad]">&gt;&gt;</a>&nbsp;&nbsp;&nbsp;GattAbacFieldMerge
<LI><a href="#[a9]">&gt;&gt;</a>&nbsp;&nbsp;&nbsp;AtSetSubscribeId
<LI><a href="#[a8]">&gt;&gt;</a>&nbsp;&nbsp;&nbsp;AtCmdLenSend
<LI><a href="#[a2]">&gt;&gt;</a>&nbsp;&nbsp;&nbsp;strlen
</UL>
<BR>[Address Reference Count : 1]<UL><LI> atcmd.o(.constdata)
</UL>
<P><STRONG><a name="[52]"></a>AtCmdCipSendOk</STRONG> (Thumb, 14 bytes, Stack size 0 bytes, atcmd.o(i.AtCmdCipSendOk))
<BR>[Address Reference Count : 1]<UL><LI> atcmd.o(.constdata)
</UL>
<P><STRONG><a name="[50]"></a>AtCmdCipStart</STRONG> (Thumb, 96 bytes, Stack size 144 bytes, atcmd.o(i.AtCmdCipStart))
<BR><BR>[Stack]<UL><LI>Max Depth = 200<LI>Call Chain = AtCmdCipStart &rArr; AtCmdSend &rArr; LogPrintf &rArr; Uart5Send &rArr; usart_flag_get
</UL>
<BR>[Calls]<UL><LI><a href="#[4a]">&gt;&gt;</a>&nbsp;&nbsp;&nbsp;AtCmdSend
<LI><a href="#[a5]">&gt;&gt;</a>&nbsp;&nbsp;&nbsp;__2sprintf
<LI><a href="#[a2]">&gt;&gt;</a>&nbsp;&nbsp;&nbsp;strlen
</UL>
<BR>[Address Reference Count : 1]<UL><LI> atcmd.o(.constdata)
</UL>
<P><STRONG><a name="[4b]"></a>AtCmdCmgrSend</STRONG> (Thumb, 34 bytes, Stack size 72 bytes, atcmd.o(i.AtCmdCmgrSend))
<BR><BR>[Stack]<UL><LI>Max Depth = 128<LI>Call Chain = AtCmdCmgrSend &rArr; AtCmdSend &rArr; LogPrintf &rArr; Uart5Send &rArr; usart_flag_get
</UL>
<BR>[Calls]<UL><LI><a href="#[4a]">&gt;&gt;</a>&nbsp;&nbsp;&nbsp;AtCmdSend
<LI><a href="#[a5]">&gt;&gt;</a>&nbsp;&nbsp;&nbsp;__2sprintf
<LI><a href="#[94]">&gt;&gt;</a>&nbsp;&nbsp;&nbsp;__aeabi_memclr4
</UL>
<BR>[Address Reference Count : 1]<UL><LI> atcmd.o(.constdata)
</UL>
<P><STRONG><a name="[4d]"></a>AtCmdCmgsSMSSend</STRONG> (Thumb, 112 bytes, Stack size 16 bytes, atcmd.o(i.AtCmdCmgsSMSSend))
<BR><BR>[Stack]<UL><LI>Max Depth = 72<LI>Call Chain = AtCmdCmgsSMSSend &rArr; AtCmdSend &rArr; LogPrintf &rArr; Uart5Send &rArr; usart_flag_get
</UL>
<BR>[Calls]<UL><LI><a href="#[96]">&gt;&gt;</a>&nbsp;&nbsp;&nbsp;HAL_Delay
<LI><a href="#[4a]">&gt;&gt;</a>&nbsp;&nbsp;&nbsp;AtCmdSend
<LI><a href="#[a8]">&gt;&gt;</a>&nbsp;&nbsp;&nbsp;AtCmdLenSend
<LI><a href="#[a5]">&gt;&gt;</a>&nbsp;&nbsp;&nbsp;__2sprintf
<LI><a href="#[a2]">&gt;&gt;</a>&nbsp;&nbsp;&nbsp;strlen
<LI><a href="#[7c]">&gt;&gt;</a>&nbsp;&nbsp;&nbsp;__aeabi_memclr
</UL>
<BR>[Address Reference Count : 1]<UL><LI> atcmd.o(.constdata)
</UL>
<P><STRONG><a name="[4c]"></a>AtCmdCmgsSend</STRONG> (Thumb, 32 bytes, Stack size 8 bytes, atcmd.o(i.AtCmdCmgsSend))
<BR><BR>[Stack]<UL><LI>Max Depth = 64<LI>Call Chain = AtCmdCmgsSend &rArr; AtCmdSend &rArr; LogPrintf &rArr; Uart5Send &rArr; usart_flag_get
</UL>
<BR>[Calls]<UL><LI><a href="#[4a]">&gt;&gt;</a>&nbsp;&nbsp;&nbsp;AtCmdSend
<LI><a href="#[7c]">&gt;&gt;</a>&nbsp;&nbsp;&nbsp;__aeabi_memclr
</UL>
<BR>[Address Reference Count : 1]<UL><LI> atcmd.o(.constdata)
</UL>
<P><STRONG><a name="[4e]"></a>AtCmdCpmsAck</STRONG> (Thumb, 14 bytes, Stack size 16 bytes, atcmd.o(i.AtCmdCpmsAck))
<BR><BR>[Stack]<UL><LI>Max Depth = 20<LI>Call Chain = AtCmdCpmsAck &rArr; HAL_Delay
</UL>
<BR>[Calls]<UL><LI><a href="#[96]">&gt;&gt;</a>&nbsp;&nbsp;&nbsp;HAL_Delay
</UL>
<BR>[Address Reference Count : 1]<UL><LI> atcmd.o(.constdata)
</UL>
<P><STRONG><a name="[4f]"></a>AtCmdCsttSend</STRONG> (Thumb, 86 bytes, Stack size 144 bytes, atcmd.o(i.AtCmdCsttSend))
<BR><BR>[Stack]<UL><LI>Max Depth = 200<LI>Call Chain = AtCmdCsttSend &rArr; AtCmdSend &rArr; LogPrintf &rArr; Uart5Send &rArr; usart_flag_get
</UL>
<BR>[Calls]<UL><LI><a href="#[4a]">&gt;&gt;</a>&nbsp;&nbsp;&nbsp;AtCmdSend
<LI><a href="#[a5]">&gt;&gt;</a>&nbsp;&nbsp;&nbsp;__2sprintf
<LI><a href="#[a2]">&gt;&gt;</a>&nbsp;&nbsp;&nbsp;strlen
</UL>
<BR>[Address Reference Count : 1]<UL><LI> atcmd.o(.constdata)
</UL>
<P><STRONG><a name="[a3]"></a>AtCmdGetValueLen</STRONG> (Thumb, 36 bytes, Stack size 8 bytes, atcmd.o(i.AtCmdGetValueLen))
<BR><BR>[Stack]<UL><LI>Max Depth = 8<LI>Call Chain = AtCmdGetValueLen
</UL>
<BR>[Called By]<UL><LI><a href="#[13a]">&gt;&gt;</a>&nbsp;&nbsp;&nbsp;PKeybordProc
<LI><a href="#[67]">&gt;&gt;</a>&nbsp;&nbsp;&nbsp;AtCmdTransFrqParse
<LI><a href="#[65]">&gt;&gt;</a>&nbsp;&nbsp;&nbsp;AtCmdTokenParse
<LI><a href="#[69]">&gt;&gt;</a>&nbsp;&nbsp;&nbsp;AtCmdPortParse
<LI><a href="#[6c]">&gt;&gt;</a>&nbsp;&nbsp;&nbsp;AtCmdPhoneNoParse
<LI><a href="#[b3]">&gt;&gt;</a>&nbsp;&nbsp;&nbsp;AtCmdPaser
<LI><a href="#[6a]">&gt;&gt;</a>&nbsp;&nbsp;&nbsp;AtCmdMqttUsrNameParse
<LI><a href="#[6b]">&gt;&gt;</a>&nbsp;&nbsp;&nbsp;AtCmdMqttPswdParse
<LI><a href="#[66]">&gt;&gt;</a>&nbsp;&nbsp;&nbsp;AtCmdMeansFrqParse
<LI><a href="#[68]">&gt;&gt;</a>&nbsp;&nbsp;&nbsp;AtCmdBrokerParse
<LI><a href="#[63]">&gt;&gt;</a>&nbsp;&nbsp;&nbsp;AtCmdApnUserParse
<LI><a href="#[64]">&gt;&gt;</a>&nbsp;&nbsp;&nbsp;AtCmdApnPswdParse
<LI><a href="#[62]">&gt;&gt;</a>&nbsp;&nbsp;&nbsp;AtCmdApnParse
</UL>

<P><STRONG><a name="[af]"></a>AtCmdInit</STRONG> (Thumb, 82 bytes, Stack size 8 bytes, atcmd.o(i.AtCmdInit))
<BR><BR>[Stack]<UL><LI>Max Depth = 8<LI>Call Chain = AtCmdInit
</UL>
<BR>[Calls]<UL><LI><a href="#[7c]">&gt;&gt;</a>&nbsp;&nbsp;&nbsp;__aeabi_memclr
</UL>
<BR>[Called By]<UL><LI><a href="#[110]">&gt;&gt;</a>&nbsp;&nbsp;&nbsp;GsmComInit
</UL>

<P><STRONG><a name="[a8]"></a>AtCmdLenSend</STRONG> (Thumb, 32 bytes, Stack size 16 bytes, atcmd.o(i.AtCmdLenSend))
<BR><BR>[Stack]<UL><LI>Max Depth = 56<LI>Call Chain = AtCmdLenSend &rArr; LogPrintf &rArr; Uart5Send &rArr; usart_flag_get
</UL>
<BR>[Calls]<UL><LI><a href="#[b0]">&gt;&gt;</a>&nbsp;&nbsp;&nbsp;Uart2Send
<LI><a href="#[b1]">&gt;&gt;</a>&nbsp;&nbsp;&nbsp;LogPrintf
</UL>
<BR>[Called By]<UL><LI><a href="#[4d]">&gt;&gt;</a>&nbsp;&nbsp;&nbsp;AtCmdCmgsSMSSend
<LI><a href="#[51]">&gt;&gt;</a>&nbsp;&nbsp;&nbsp;AtCmdCipSend
</UL>

<P><STRONG><a name="[66]"></a>AtCmdMeansFrqParse</STRONG> (Thumb, 114 bytes, Stack size 32 bytes, atcmd.o(i.AtCmdMeansFrqParse))
<BR><BR>[Stack]<UL><LI>Max Depth = 56<LI>Call Chain = AtCmdMeansFrqParse &rArr; __2sprintf
</UL>
<BR>[Calls]<UL><LI><a href="#[a6]">&gt;&gt;</a>&nbsp;&nbsp;&nbsp;EEpUpdateEnable
<LI><a href="#[a3]">&gt;&gt;</a>&nbsp;&nbsp;&nbsp;AtCmdGetValueLen
<LI><a href="#[a5]">&gt;&gt;</a>&nbsp;&nbsp;&nbsp;__2sprintf
<LI><a href="#[a2]">&gt;&gt;</a>&nbsp;&nbsp;&nbsp;strlen
<LI><a href="#[a4]">&gt;&gt;</a>&nbsp;&nbsp;&nbsp;__aeabi_memcpy
</UL>
<BR>[Address Reference Count : 1]<UL><LI> atcmd.o(.constdata)
</UL>
<P><STRONG><a name="[b2]"></a>AtCmdMerge</STRONG> (Thumb, 90 bytes, Stack size 16 bytes, atcmd.o(i.AtCmdMerge))
<BR><BR>[Stack]<UL><LI>Max Depth = 16<LI>Call Chain = AtCmdMerge
</UL>
<BR>[Calls]<UL><LI><a href="#[7c]">&gt;&gt;</a>&nbsp;&nbsp;&nbsp;__aeabi_memclr
</UL>
<BR>[Called By]<UL><LI><a href="#[c4]">&gt;&gt;</a>&nbsp;&nbsp;&nbsp;AtCmdProc
<LI><a href="#[b3]">&gt;&gt;</a>&nbsp;&nbsp;&nbsp;AtCmdPaser
<LI><a href="#[112]">&gt;&gt;</a>&nbsp;&nbsp;&nbsp;MqttProc
</UL>

<P><STRONG><a name="[55]"></a>AtCmdMqttAccqSend</STRONG> (Thumb, 66 bytes, Stack size 72 bytes, atcmd.o(i.AtCmdMqttAccqSend))
<BR><BR>[Stack]<UL><LI>Max Depth = 128<LI>Call Chain = AtCmdMqttAccqSend &rArr; AtCmdSend &rArr; LogPrintf &rArr; Uart5Send &rArr; usart_flag_get
</UL>
<BR>[Calls]<UL><LI><a href="#[4a]">&gt;&gt;</a>&nbsp;&nbsp;&nbsp;AtCmdSend
<LI><a href="#[a5]">&gt;&gt;</a>&nbsp;&nbsp;&nbsp;__2sprintf
<LI><a href="#[94]">&gt;&gt;</a>&nbsp;&nbsp;&nbsp;__aeabi_memclr4
</UL>
<BR>[Address Reference Count : 1]<UL><LI> atcmd.o(.constdata)
</UL>
<P><STRONG><a name="[56]"></a>AtCmdMqttConnectSend</STRONG> (Thumb, 162 bytes, Stack size 152 bytes, atcmd.o(i.AtCmdMqttConnectSend))
<BR><BR>[Stack]<UL><LI>Max Depth = 208<LI>Call Chain = AtCmdMqttConnectSend &rArr; AtCmdSend &rArr; LogPrintf &rArr; Uart5Send &rArr; usart_flag_get
</UL>
<BR>[Calls]<UL><LI><a href="#[4a]">&gt;&gt;</a>&nbsp;&nbsp;&nbsp;AtCmdSend
<LI><a href="#[a5]">&gt;&gt;</a>&nbsp;&nbsp;&nbsp;__2sprintf
<LI><a href="#[a2]">&gt;&gt;</a>&nbsp;&nbsp;&nbsp;strlen
<LI><a href="#[94]">&gt;&gt;</a>&nbsp;&nbsp;&nbsp;__aeabi_memclr4
</UL>
<BR>[Address Reference Count : 1]<UL><LI> atcmd.o(.constdata)
</UL>
<P><STRONG><a name="[5a]"></a>AtCmdMqttPayloadAck</STRONG> (Thumb, 24 bytes, Stack size 16 bytes, atcmd.o(i.AtCmdMqttPayloadAck))
<BR><BR>[Stack]<UL><LI>Max Depth = 72<LI>Call Chain = AtCmdMqttPayloadAck &rArr; AtCmdSend &rArr; LogPrintf &rArr; Uart5Send &rArr; usart_flag_get
</UL>
<BR>[Calls]<UL><LI><a href="#[ae]">&gt;&gt;</a>&nbsp;&nbsp;&nbsp;GattGetJsonBuff
<LI><a href="#[4a]">&gt;&gt;</a>&nbsp;&nbsp;&nbsp;AtCmdSend
</UL>
<BR>[Address Reference Count : 1]<UL><LI> atcmd.o(.constdata)
</UL>
<P><STRONG><a name="[59]"></a>AtCmdMqttPayloadSend</STRONG> (Thumb, 96 bytes, Stack size 144 bytes, atcmd.o(i.AtCmdMqttPayloadSend))
<BR><BR>[Stack]<UL><LI>Max Depth = 200<LI>Call Chain = AtCmdMqttPayloadSend &rArr; AtCmdSend &rArr; LogPrintf &rArr; Uart5Send &rArr; usart_flag_get
</UL>
<BR>[Calls]<UL><LI><a href="#[96]">&gt;&gt;</a>&nbsp;&nbsp;&nbsp;HAL_Delay
<LI><a href="#[ae]">&gt;&gt;</a>&nbsp;&nbsp;&nbsp;GattGetJsonBuff
<LI><a href="#[4a]">&gt;&gt;</a>&nbsp;&nbsp;&nbsp;AtCmdSend
<LI><a href="#[a5]">&gt;&gt;</a>&nbsp;&nbsp;&nbsp;__2sprintf
<LI><a href="#[a2]">&gt;&gt;</a>&nbsp;&nbsp;&nbsp;strlen
<LI><a href="#[94]">&gt;&gt;</a>&nbsp;&nbsp;&nbsp;__aeabi_memclr4
</UL>
<BR>[Address Reference Count : 1]<UL><LI> atcmd.o(.constdata)
</UL>
<P><STRONG><a name="[6b]"></a>AtCmdMqttPswdParse</STRONG> (Thumb, 116 bytes, Stack size 32 bytes, atcmd.o(i.AtCmdMqttPswdParse))
<BR><BR>[Stack]<UL><LI>Max Depth = 56<LI>Call Chain = AtCmdMqttPswdParse &rArr; __2sprintf
</UL>
<BR>[Calls]<UL><LI><a href="#[a6]">&gt;&gt;</a>&nbsp;&nbsp;&nbsp;EEpUpdateEnable
<LI><a href="#[a3]">&gt;&gt;</a>&nbsp;&nbsp;&nbsp;AtCmdGetValueLen
<LI><a href="#[a5]">&gt;&gt;</a>&nbsp;&nbsp;&nbsp;__2sprintf
<LI><a href="#[a2]">&gt;&gt;</a>&nbsp;&nbsp;&nbsp;strlen
<LI><a href="#[a4]">&gt;&gt;</a>&nbsp;&nbsp;&nbsp;__aeabi_memcpy
</UL>
<BR>[Address Reference Count : 1]<UL><LI> atcmd.o(.constdata)
</UL>
<P><STRONG><a name="[5b]"></a>AtCmdMqttPubSend</STRONG> (Thumb, 68 bytes, Stack size 144 bytes, atcmd.o(i.AtCmdMqttPubSend))
<BR><BR>[Stack]<UL><LI>Max Depth = 200<LI>Call Chain = AtCmdMqttPubSend &rArr; AtCmdSend &rArr; LogPrintf &rArr; Uart5Send &rArr; usart_flag_get
</UL>
<BR>[Calls]<UL><LI><a href="#[ae]">&gt;&gt;</a>&nbsp;&nbsp;&nbsp;GattGetJsonBuff
<LI><a href="#[4a]">&gt;&gt;</a>&nbsp;&nbsp;&nbsp;AtCmdSend
<LI><a href="#[a5]">&gt;&gt;</a>&nbsp;&nbsp;&nbsp;__2sprintf
<LI><a href="#[94]">&gt;&gt;</a>&nbsp;&nbsp;&nbsp;__aeabi_memclr4
</UL>
<BR>[Address Reference Count : 1]<UL><LI> atcmd.o(.constdata)
</UL>
<P><STRONG><a name="[5d]"></a>AtCmdMqttSubAck</STRONG> (Thumb, 18 bytes, Stack size 8 bytes, atcmd.o(i.AtCmdMqttSubAck))
<BR><BR>[Stack]<UL><LI>Max Depth = 64<LI>Call Chain = AtCmdMqttSubAck &rArr; AtCmdSend &rArr; LogPrintf &rArr; Uart5Send &rArr; usart_flag_get
</UL>
<BR>[Calls]<UL><LI><a href="#[4a]">&gt;&gt;</a>&nbsp;&nbsp;&nbsp;AtCmdSend
</UL>
<BR>[Address Reference Count : 1]<UL><LI> atcmd.o(.constdata)
</UL>
<P><STRONG><a name="[5c]"></a>AtCmdMqttSubSend</STRONG> (Thumb, 82 bytes, Stack size 144 bytes, atcmd.o(i.AtCmdMqttSubSend))
<BR><BR>[Stack]<UL><LI>Max Depth = 200<LI>Call Chain = AtCmdMqttSubSend &rArr; AtCmdSend &rArr; LogPrintf &rArr; Uart5Send &rArr; usart_flag_get
</UL>
<BR>[Calls]<UL><LI><a href="#[4a]">&gt;&gt;</a>&nbsp;&nbsp;&nbsp;AtCmdSend
<LI><a href="#[a5]">&gt;&gt;</a>&nbsp;&nbsp;&nbsp;__2sprintf
<LI><a href="#[a2]">&gt;&gt;</a>&nbsp;&nbsp;&nbsp;strlen
<LI><a href="#[94]">&gt;&gt;</a>&nbsp;&nbsp;&nbsp;__aeabi_memclr4
</UL>
<BR>[Address Reference Count : 1]<UL><LI> atcmd.o(.constdata)
</UL>
<P><STRONG><a name="[5f]"></a>AtCmdMqttSubtopicAck</STRONG> (Thumb, 18 bytes, Stack size 8 bytes, atcmd.o(i.AtCmdMqttSubtopicAck))
<BR><BR>[Stack]<UL><LI>Max Depth = 64<LI>Call Chain = AtCmdMqttSubtopicAck &rArr; AtCmdSend &rArr; LogPrintf &rArr; Uart5Send &rArr; usart_flag_get
</UL>
<BR>[Calls]<UL><LI><a href="#[4a]">&gt;&gt;</a>&nbsp;&nbsp;&nbsp;AtCmdSend
</UL>
<BR>[Address Reference Count : 1]<UL><LI> atcmd.o(.constdata)
</UL>
<P><STRONG><a name="[5e]"></a>AtCmdMqttSubtopicSend</STRONG> (Thumb, 82 bytes, Stack size 144 bytes, atcmd.o(i.AtCmdMqttSubtopicSend))
<BR><BR>[Stack]<UL><LI>Max Depth = 200<LI>Call Chain = AtCmdMqttSubtopicSend &rArr; AtCmdSend &rArr; LogPrintf &rArr; Uart5Send &rArr; usart_flag_get
</UL>
<BR>[Calls]<UL><LI><a href="#[4a]">&gt;&gt;</a>&nbsp;&nbsp;&nbsp;AtCmdSend
<LI><a href="#[a5]">&gt;&gt;</a>&nbsp;&nbsp;&nbsp;__2sprintf
<LI><a href="#[a2]">&gt;&gt;</a>&nbsp;&nbsp;&nbsp;strlen
<LI><a href="#[94]">&gt;&gt;</a>&nbsp;&nbsp;&nbsp;__aeabi_memclr4
</UL>
<BR>[Address Reference Count : 1]<UL><LI> atcmd.o(.constdata)
</UL>
<P><STRONG><a name="[58]"></a>AtCmdMqttTopicAck</STRONG> (Thumb, 18 bytes, Stack size 8 bytes, atcmd.o(i.AtCmdMqttTopicAck))
<BR><BR>[Stack]<UL><LI>Max Depth = 64<LI>Call Chain = AtCmdMqttTopicAck &rArr; AtCmdSend &rArr; LogPrintf &rArr; Uart5Send &rArr; usart_flag_get
</UL>
<BR>[Calls]<UL><LI><a href="#[4a]">&gt;&gt;</a>&nbsp;&nbsp;&nbsp;AtCmdSend
</UL>
<BR>[Address Reference Count : 1]<UL><LI> atcmd.o(.constdata)
</UL>
<P><STRONG><a name="[57]"></a>AtCmdMqttTopicSend</STRONG> (Thumb, 82 bytes, Stack size 144 bytes, atcmd.o(i.AtCmdMqttTopicSend))
<BR><BR>[Stack]<UL><LI>Max Depth = 200<LI>Call Chain = AtCmdMqttTopicSend &rArr; AtCmdSend &rArr; LogPrintf &rArr; Uart5Send &rArr; usart_flag_get
</UL>
<BR>[Calls]<UL><LI><a href="#[4a]">&gt;&gt;</a>&nbsp;&nbsp;&nbsp;AtCmdSend
<LI><a href="#[a5]">&gt;&gt;</a>&nbsp;&nbsp;&nbsp;__2sprintf
<LI><a href="#[a2]">&gt;&gt;</a>&nbsp;&nbsp;&nbsp;strlen
<LI><a href="#[94]">&gt;&gt;</a>&nbsp;&nbsp;&nbsp;__aeabi_memclr4
</UL>
<BR>[Address Reference Count : 1]<UL><LI> atcmd.o(.constdata)
</UL>
<P><STRONG><a name="[61]"></a>AtCmdMqttUnSubAck</STRONG> (Thumb, 18 bytes, Stack size 8 bytes, atcmd.o(i.AtCmdMqttUnSubAck))
<BR><BR>[Stack]<UL><LI>Max Depth = 64<LI>Call Chain = AtCmdMqttUnSubAck &rArr; AtCmdSend &rArr; LogPrintf &rArr; Uart5Send &rArr; usart_flag_get
</UL>
<BR>[Calls]<UL><LI><a href="#[4a]">&gt;&gt;</a>&nbsp;&nbsp;&nbsp;AtCmdSend
</UL>
<BR>[Address Reference Count : 1]<UL><LI> atcmd.o(.constdata)
</UL>
<P><STRONG><a name="[60]"></a>AtCmdMqttUnSubSend</STRONG> (Thumb, 82 bytes, Stack size 144 bytes, atcmd.o(i.AtCmdMqttUnSubSend))
<BR><BR>[Stack]<UL><LI>Max Depth = 200<LI>Call Chain = AtCmdMqttUnSubSend &rArr; AtCmdSend &rArr; LogPrintf &rArr; Uart5Send &rArr; usart_flag_get
</UL>
<BR>[Calls]<UL><LI><a href="#[4a]">&gt;&gt;</a>&nbsp;&nbsp;&nbsp;AtCmdSend
<LI><a href="#[a5]">&gt;&gt;</a>&nbsp;&nbsp;&nbsp;__2sprintf
<LI><a href="#[a2]">&gt;&gt;</a>&nbsp;&nbsp;&nbsp;strlen
<LI><a href="#[94]">&gt;&gt;</a>&nbsp;&nbsp;&nbsp;__aeabi_memclr4
</UL>
<BR>[Address Reference Count : 1]<UL><LI> atcmd.o(.constdata)
</UL>
<P><STRONG><a name="[6a]"></a>AtCmdMqttUsrNameParse</STRONG> (Thumb, 114 bytes, Stack size 32 bytes, atcmd.o(i.AtCmdMqttUsrNameParse))
<BR><BR>[Stack]<UL><LI>Max Depth = 56<LI>Call Chain = AtCmdMqttUsrNameParse &rArr; __2sprintf
</UL>
<BR>[Calls]<UL><LI><a href="#[a6]">&gt;&gt;</a>&nbsp;&nbsp;&nbsp;EEpUpdateEnable
<LI><a href="#[a3]">&gt;&gt;</a>&nbsp;&nbsp;&nbsp;AtCmdGetValueLen
<LI><a href="#[a5]">&gt;&gt;</a>&nbsp;&nbsp;&nbsp;__2sprintf
<LI><a href="#[a2]">&gt;&gt;</a>&nbsp;&nbsp;&nbsp;strlen
<LI><a href="#[a4]">&gt;&gt;</a>&nbsp;&nbsp;&nbsp;__aeabi_memcpy
</UL>
<BR>[Address Reference Count : 1]<UL><LI> atcmd.o(.constdata)
</UL>
<P><STRONG><a name="[b3]"></a>AtCmdPaser</STRONG> (Thumb, 5550 bytes, Stack size 264 bytes, atcmd.o(i.AtCmdPaser))
<BR><BR>[Stack]<UL><LI>Max Depth = 684<LI>Call Chain = AtCmdPaser &rArr; AtCmdTokenParse &rArr; PaygOvesInput &rArr; sha1_c &rArr; sha1_finish &rArr; sha1_update &rArr; sha1_process
</UL>
<BR>[Calls]<UL><LI><a href="#[b4]">&gt;&gt;</a>&nbsp;&nbsp;&nbsp;gpio_bit_write
<LI><a href="#[96]">&gt;&gt;</a>&nbsp;&nbsp;&nbsp;HAL_Delay
<LI><a href="#[b6]">&gt;&gt;</a>&nbsp;&nbsp;&nbsp;GmsSetSimcardState
<LI><a href="#[c2]">&gt;&gt;</a>&nbsp;&nbsp;&nbsp;PumpTxCmd
<LI><a href="#[bd]">&gt;&gt;</a>&nbsp;&nbsp;&nbsp;MqttSetRequest
<LI><a href="#[b5]">&gt;&gt;</a>&nbsp;&nbsp;&nbsp;MqttInit
<LI><a href="#[be]">&gt;&gt;</a>&nbsp;&nbsp;&nbsp;GattSingleFieldMerge
<LI><a href="#[c3]">&gt;&gt;</a>&nbsp;&nbsp;&nbsp;GattSetUplinkData
<LI><a href="#[b8]">&gt;&gt;</a>&nbsp;&nbsp;&nbsp;GattSetGpsCordLon
<LI><a href="#[b9]">&gt;&gt;</a>&nbsp;&nbsp;&nbsp;GattSetGpsCordLat
<LI><a href="#[ba]">&gt;&gt;</a>&nbsp;&nbsp;&nbsp;GattSetGprsRssi
<LI><a href="#[bc]">&gt;&gt;</a>&nbsp;&nbsp;&nbsp;GattSetCmdUplinkData
<LI><a href="#[9b]">&gt;&gt;</a>&nbsp;&nbsp;&nbsp;GattGetListProp
<LI><a href="#[bf]">&gt;&gt;</a>&nbsp;&nbsp;&nbsp;GattDtTypeFieldJsonMerge
<LI><a href="#[c0]">&gt;&gt;</a>&nbsp;&nbsp;&nbsp;GattAbacSetReprotIndex
<LI><a href="#[a6]">&gt;&gt;</a>&nbsp;&nbsp;&nbsp;EEpUpdateEnable
<LI><a href="#[b7]">&gt;&gt;</a>&nbsp;&nbsp;&nbsp;AtStrStr
<LI><a href="#[bb]">&gt;&gt;</a>&nbsp;&nbsp;&nbsp;AtSetTopicId
<LI><a href="#[65]">&gt;&gt;</a>&nbsp;&nbsp;&nbsp;AtCmdTokenParse
<LI><a href="#[b2]">&gt;&gt;</a>&nbsp;&nbsp;&nbsp;AtCmdMerge
<LI><a href="#[a3]">&gt;&gt;</a>&nbsp;&nbsp;&nbsp;AtCmdGetValueLen
<LI><a href="#[7f]">&gt;&gt;</a>&nbsp;&nbsp;&nbsp;atoi
<LI><a href="#[a5]">&gt;&gt;</a>&nbsp;&nbsp;&nbsp;__2sprintf
<LI><a href="#[a2]">&gt;&gt;</a>&nbsp;&nbsp;&nbsp;strlen
<LI><a href="#[9c]">&gt;&gt;</a>&nbsp;&nbsp;&nbsp;strstr
<LI><a href="#[94]">&gt;&gt;</a>&nbsp;&nbsp;&nbsp;__aeabi_memclr4
<LI><a href="#[7c]">&gt;&gt;</a>&nbsp;&nbsp;&nbsp;__aeabi_memclr
<LI><a href="#[c1]">&gt;&gt;</a>&nbsp;&nbsp;&nbsp;__aeabi_memcpy4
<LI><a href="#[a4]">&gt;&gt;</a>&nbsp;&nbsp;&nbsp;__aeabi_memcpy
</UL>
<BR>[Called By]<UL><LI><a href="#[c4]">&gt;&gt;</a>&nbsp;&nbsp;&nbsp;AtCmdProc
</UL>

<P><STRONG><a name="[6c]"></a>AtCmdPhoneNoParse</STRONG> (Thumb, 56 bytes, Stack size 24 bytes, atcmd.o(i.AtCmdPhoneNoParse))
<BR><BR>[Stack]<UL><LI>Max Depth = 56<LI>Call Chain = AtCmdPhoneNoParse &rArr; AtStrStr
</UL>
<BR>[Calls]<UL><LI><a href="#[b7]">&gt;&gt;</a>&nbsp;&nbsp;&nbsp;AtStrStr
<LI><a href="#[a3]">&gt;&gt;</a>&nbsp;&nbsp;&nbsp;AtCmdGetValueLen
<LI><a href="#[a2]">&gt;&gt;</a>&nbsp;&nbsp;&nbsp;strlen
<LI><a href="#[a4]">&gt;&gt;</a>&nbsp;&nbsp;&nbsp;__aeabi_memcpy
</UL>
<BR>[Address Reference Count : 1]<UL><LI> atcmd.o(.constdata)
</UL>
<P><STRONG><a name="[69]"></a>AtCmdPortParse</STRONG> (Thumb, 114 bytes, Stack size 32 bytes, atcmd.o(i.AtCmdPortParse))
<BR><BR>[Stack]<UL><LI>Max Depth = 56<LI>Call Chain = AtCmdPortParse &rArr; __2sprintf
</UL>
<BR>[Calls]<UL><LI><a href="#[a6]">&gt;&gt;</a>&nbsp;&nbsp;&nbsp;EEpUpdateEnable
<LI><a href="#[a3]">&gt;&gt;</a>&nbsp;&nbsp;&nbsp;AtCmdGetValueLen
<LI><a href="#[a5]">&gt;&gt;</a>&nbsp;&nbsp;&nbsp;__2sprintf
<LI><a href="#[a2]">&gt;&gt;</a>&nbsp;&nbsp;&nbsp;strlen
<LI><a href="#[a4]">&gt;&gt;</a>&nbsp;&nbsp;&nbsp;__aeabi_memcpy
</UL>
<BR>[Address Reference Count : 1]<UL><LI> atcmd.o(.constdata)
</UL>
<P><STRONG><a name="[c4]"></a>AtCmdProc</STRONG> (Thumb, 262 bytes, Stack size 144 bytes, atcmd.o(i.AtCmdProc))
<BR><BR>[Stack]<UL><LI>Max Depth = 828<LI>Call Chain = AtCmdProc &rArr; AtCmdPaser &rArr; AtCmdTokenParse &rArr; PaygOvesInput &rArr; sha1_c &rArr; sha1_finish &rArr; sha1_update &rArr; sha1_process
</UL>
<BR>[Calls]<UL><LI><a href="#[96]">&gt;&gt;</a>&nbsp;&nbsp;&nbsp;HAL_Delay
<LI><a href="#[b1]">&gt;&gt;</a>&nbsp;&nbsp;&nbsp;LogPrintf
<LI><a href="#[c5]">&gt;&gt;</a>&nbsp;&nbsp;&nbsp;TimerAtTOutStart
<LI><a href="#[b3]">&gt;&gt;</a>&nbsp;&nbsp;&nbsp;AtCmdPaser
<LI><a href="#[b2]">&gt;&gt;</a>&nbsp;&nbsp;&nbsp;AtCmdMerge
<LI><a href="#[a2]">&gt;&gt;</a>&nbsp;&nbsp;&nbsp;strlen
<LI><a href="#[94]">&gt;&gt;</a>&nbsp;&nbsp;&nbsp;__aeabi_memclr4
</UL>
<BR>[Called By]<UL><LI><a href="#[111]">&gt;&gt;</a>&nbsp;&nbsp;&nbsp;GsmComProc
</UL>

<P><STRONG><a name="[4a]"></a>AtCmdSend</STRONG> (Thumb, 38 bytes, Stack size 16 bytes, atcmd.o(i.AtCmdSend))
<BR><BR>[Stack]<UL><LI>Max Depth = 56<LI>Call Chain = AtCmdSend &rArr; LogPrintf &rArr; Uart5Send &rArr; usart_flag_get
</UL>
<BR>[Calls]<UL><LI><a href="#[b0]">&gt;&gt;</a>&nbsp;&nbsp;&nbsp;Uart2Send
<LI><a href="#[b1]">&gt;&gt;</a>&nbsp;&nbsp;&nbsp;LogPrintf
<LI><a href="#[a2]">&gt;&gt;</a>&nbsp;&nbsp;&nbsp;strlen
</UL>
<BR>[Called By]<UL><LI><a href="#[60]">&gt;&gt;</a>&nbsp;&nbsp;&nbsp;AtCmdMqttUnSubSend
<LI><a href="#[61]">&gt;&gt;</a>&nbsp;&nbsp;&nbsp;AtCmdMqttUnSubAck
<LI><a href="#[57]">&gt;&gt;</a>&nbsp;&nbsp;&nbsp;AtCmdMqttTopicSend
<LI><a href="#[58]">&gt;&gt;</a>&nbsp;&nbsp;&nbsp;AtCmdMqttTopicAck
<LI><a href="#[5e]">&gt;&gt;</a>&nbsp;&nbsp;&nbsp;AtCmdMqttSubtopicSend
<LI><a href="#[5f]">&gt;&gt;</a>&nbsp;&nbsp;&nbsp;AtCmdMqttSubtopicAck
<LI><a href="#[5c]">&gt;&gt;</a>&nbsp;&nbsp;&nbsp;AtCmdMqttSubSend
<LI><a href="#[5d]">&gt;&gt;</a>&nbsp;&nbsp;&nbsp;AtCmdMqttSubAck
<LI><a href="#[5b]">&gt;&gt;</a>&nbsp;&nbsp;&nbsp;AtCmdMqttPubSend
<LI><a href="#[59]">&gt;&gt;</a>&nbsp;&nbsp;&nbsp;AtCmdMqttPayloadSend
<LI><a href="#[5a]">&gt;&gt;</a>&nbsp;&nbsp;&nbsp;AtCmdMqttPayloadAck
<LI><a href="#[56]">&gt;&gt;</a>&nbsp;&nbsp;&nbsp;AtCmdMqttConnectSend
<LI><a href="#[55]">&gt;&gt;</a>&nbsp;&nbsp;&nbsp;AtCmdMqttAccqSend
<LI><a href="#[4f]">&gt;&gt;</a>&nbsp;&nbsp;&nbsp;AtCmdCsttSend
<LI><a href="#[4c]">&gt;&gt;</a>&nbsp;&nbsp;&nbsp;AtCmdCmgsSend
<LI><a href="#[4d]">&gt;&gt;</a>&nbsp;&nbsp;&nbsp;AtCmdCmgsSMSSend
<LI><a href="#[4b]">&gt;&gt;</a>&nbsp;&nbsp;&nbsp;AtCmdCmgrSend
<LI><a href="#[50]">&gt;&gt;</a>&nbsp;&nbsp;&nbsp;AtCmdCipStart
<LI><a href="#[53]">&gt;&gt;</a>&nbsp;&nbsp;&nbsp;AtCmdCgdcontSend
<LI><a href="#[54]">&gt;&gt;</a>&nbsp;&nbsp;&nbsp;AtCmdCgactSend
</UL>
<BR>[Address Reference Count : 1]<UL><LI> atcmd.o(.constdata)
</UL>
<P><STRONG><a name="[65]"></a>AtCmdTokenParse</STRONG> (Thumb, 536 bytes, Stack size 112 bytes, atcmd.o(i.AtCmdTokenParse))
<BR><BR>[Stack]<UL><LI>Max Depth = 420<LI>Call Chain = AtCmdTokenParse &rArr; PaygOvesInput &rArr; sha1_c &rArr; sha1_finish &rArr; sha1_update &rArr; sha1_process
</UL>
<BR>[Calls]<UL><LI><a href="#[c8]">&gt;&gt;</a>&nbsp;&nbsp;&nbsp;JbsBmsInit
<LI><a href="#[c7]">&gt;&gt;</a>&nbsp;&nbsp;&nbsp;PaygOvesInput
<LI><a href="#[c9]">&gt;&gt;</a>&nbsp;&nbsp;&nbsp;GattSetData
<LI><a href="#[a6]">&gt;&gt;</a>&nbsp;&nbsp;&nbsp;EEpUpdateEnable
<LI><a href="#[c6]">&gt;&gt;</a>&nbsp;&nbsp;&nbsp;AtouI
<LI><a href="#[a3]">&gt;&gt;</a>&nbsp;&nbsp;&nbsp;AtCmdGetValueLen
<LI><a href="#[a5]">&gt;&gt;</a>&nbsp;&nbsp;&nbsp;__2sprintf
<LI><a href="#[a2]">&gt;&gt;</a>&nbsp;&nbsp;&nbsp;strlen
<LI><a href="#[9c]">&gt;&gt;</a>&nbsp;&nbsp;&nbsp;strstr
<LI><a href="#[94]">&gt;&gt;</a>&nbsp;&nbsp;&nbsp;__aeabi_memclr4
</UL>
<BR>[Called By]<UL><LI><a href="#[ca]">&gt;&gt;</a>&nbsp;&nbsp;&nbsp;BleCmdProc
<LI><a href="#[b3]">&gt;&gt;</a>&nbsp;&nbsp;&nbsp;AtCmdPaser
</UL>
<BR>[Address Reference Count : 1]<UL><LI> atcmd.o(.constdata)
</UL>
<P><STRONG><a name="[67]"></a>AtCmdTransFrqParse</STRONG> (Thumb, 120 bytes, Stack size 32 bytes, atcmd.o(i.AtCmdTransFrqParse))
<BR><BR>[Stack]<UL><LI>Max Depth = 56<LI>Call Chain = AtCmdTransFrqParse &rArr; __2sprintf
</UL>
<BR>[Calls]<UL><LI><a href="#[a6]">&gt;&gt;</a>&nbsp;&nbsp;&nbsp;EEpUpdateEnable
<LI><a href="#[a3]">&gt;&gt;</a>&nbsp;&nbsp;&nbsp;AtCmdGetValueLen
<LI><a href="#[a5]">&gt;&gt;</a>&nbsp;&nbsp;&nbsp;__2sprintf
<LI><a href="#[a2]">&gt;&gt;</a>&nbsp;&nbsp;&nbsp;strlen
<LI><a href="#[a4]">&gt;&gt;</a>&nbsp;&nbsp;&nbsp;__aeabi_memcpy
</UL>
<BR>[Address Reference Count : 1]<UL><LI> atcmd.o(.constdata)
</UL>
<P><STRONG><a name="[a9]"></a>AtSetSubscribeId</STRONG> (Thumb, 92 bytes, Stack size 16 bytes, atcmd.o(i.AtSetSubscribeId))
<BR><BR>[Stack]<UL><LI>Max Depth = 16<LI>Call Chain = AtSetSubscribeId
</UL>
<BR>[Calls]<UL><LI><a href="#[a2]">&gt;&gt;</a>&nbsp;&nbsp;&nbsp;strlen
<LI><a href="#[7c]">&gt;&gt;</a>&nbsp;&nbsp;&nbsp;__aeabi_memclr
<LI><a href="#[a4]">&gt;&gt;</a>&nbsp;&nbsp;&nbsp;__aeabi_memcpy
</UL>
<BR>[Called By]<UL><LI><a href="#[51]">&gt;&gt;</a>&nbsp;&nbsp;&nbsp;AtCmdCipSend
<LI><a href="#[112]">&gt;&gt;</a>&nbsp;&nbsp;&nbsp;MqttProc
</UL>

<P><STRONG><a name="[bb]"></a>AtSetTopicId</STRONG> (Thumb, 108 bytes, Stack size 16 bytes, atcmd.o(i.AtSetTopicId))
<BR><BR>[Stack]<UL><LI>Max Depth = 40<LI>Call Chain = AtSetTopicId &rArr; __2sprintf
</UL>
<BR>[Calls]<UL><LI><a href="#[a5]">&gt;&gt;</a>&nbsp;&nbsp;&nbsp;__2sprintf
<LI><a href="#[a2]">&gt;&gt;</a>&nbsp;&nbsp;&nbsp;strlen
<LI><a href="#[7c]">&gt;&gt;</a>&nbsp;&nbsp;&nbsp;__aeabi_memclr
<LI><a href="#[a4]">&gt;&gt;</a>&nbsp;&nbsp;&nbsp;__aeabi_memcpy
</UL>
<BR>[Called By]<UL><LI><a href="#[be]">&gt;&gt;</a>&nbsp;&nbsp;&nbsp;GattSingleFieldMerge
<LI><a href="#[ac]">&gt;&gt;</a>&nbsp;&nbsp;&nbsp;GattMultiFieldMerge
<LI><a href="#[bf]">&gt;&gt;</a>&nbsp;&nbsp;&nbsp;GattDtTypeFieldJsonMerge
[...]
<BR><BR>[Stack]<UL><LI>Max Depth = 8<LI>Call Chain = gpio_exti_source_select
</UL>
<BR>[Called By]<UL><LI><a href="#[e8]">&gt;&gt;</a>&nbsp;&nbsp;&nbsp;ExtiInit
</UL>

<P><STRONG><a name="[d7]"></a>gpio_init</STRONG> (Thumb, 172 bytes, Stack size 20 bytes, gd32f10x_gpio.o(i.gpio_init))
<BR><BR>[Stack]<UL><LI>Max Depth = 20<LI>Call Chain = gpio_init
</UL>
<BR>[Called By]<UL><LI><a href="#[16e]">&gt;&gt;</a>&nbsp;&nbsp;&nbsp;Uart5Init
<LI><a href="#[16d]">&gt;&gt;</a>&nbsp;&nbsp;&nbsp;Uart4Init
<LI><a href="#[16c]">&gt;&gt;</a>&nbsp;&nbsp;&nbsp;Uart3Init
<LI><a href="#[16b]">&gt;&gt;</a>&nbsp;&nbsp;&nbsp;Uart2Init
<LI><a href="#[167]">&gt;&gt;</a>&nbsp;&nbsp;&nbsp;Uart1Init
<LI><a href="#[108]">&gt;&gt;</a>&nbsp;&nbsp;&nbsp;GpioInit
<LI><a href="#[d3]">&gt;&gt;</a>&nbsp;&nbsp;&nbsp;CanInit
</UL>

<P><STRONG><a name="[117]"></a>gpio_input_bit_get</STRONG> (Thumb, 16 bytes, Stack size 0 bytes, gd32f10x_gpio.o(i.gpio_input_bit_get))
<BR><BR>[Called By]<UL><LI><a href="#[e6]">&gt;&gt;</a>&nbsp;&nbsp;&nbsp;HAL_GPIO_EXTI_Callback
<LI><a href="#[dd]">&gt;&gt;</a>&nbsp;&nbsp;&nbsp;read_1302
<LI><a href="#[11c]">&gt;&gt;</a>&nbsp;&nbsp;&nbsp;I2c_Start
<LI><a href="#[11e]">&gt;&gt;</a>&nbsp;&nbsp;&nbsp;I2c_Send
<LI><a href="#[11f]">&gt;&gt;</a>&nbsp;&nbsp;&nbsp;I2c_Read
</UL>

<P><STRONG><a name="[183]"></a>i2c_eeprom_init</STRONG> (Thumb, 8 bytes, Stack size 0 bytes, at24cxx.o(i.i2c_eeprom_init))
<BR><BR>[Called By]<UL><LI><a href="#[46]">&gt;&gt;</a>&nbsp;&nbsp;&nbsp;main
</UL>

<P><STRONG><a name="[10a]"></a>mStrStr</STRONG> (Thumb, 78 bytes, Stack size 32 bytes, gps.o(i.mStrStr))
<BR><BR>[Stack]<UL><LI>Max Depth = 32<LI>Call Chain = mStrStr
</UL>
<BR>[Calls]<UL><LI><a href="#[a2]">&gt;&gt;</a>&nbsp;&nbsp;&nbsp;strlen
</UL>
<BR>[Called By]<UL><LI><a href="#[109]">&gt;&gt;</a>&nbsp;&nbsp;&nbsp;GpsProc
</UL>

<P><STRONG><a name="[46]"></a>main</STRONG> (Thumb, 222 bytes, Stack size 0 bytes, main.o(i.main))
<BR><BR>[Stack]<UL><LI>Max Depth = 836<LI>Call Chain = main &rArr; GsmComProc &rArr; AtCmdProc &rArr; AtCmdPaser &rArr; AtCmdTokenParse &rArr; PaygOvesInput &rArr; sha1_c &rArr; sha1_finish &rArr; sha1_update &rArr; sha1_process
</UL>
<BR>[Calls]<UL><LI><a href="#[184]">&gt;&gt;</a>&nbsp;&nbsp;&nbsp;systick_config
<LI><a href="#[183]">&gt;&gt;</a>&nbsp;&nbsp;&nbsp;i2c_eeprom_init
<LI><a href="#[b4]">&gt;&gt;</a>&nbsp;&nbsp;&nbsp;gpio_bit_write
<LI><a href="#[189]">&gt;&gt;</a>&nbsp;&nbsp;&nbsp;debug_printf
<LI><a href="#[18a]">&gt;&gt;</a>&nbsp;&nbsp;&nbsp;TimerSleepState
<LI><a href="#[15e]">&gt;&gt;</a>&nbsp;&nbsp;&nbsp;TimerInit
<LI><a href="#[99]">&gt;&gt;</a>&nbsp;&nbsp;&nbsp;TimerEventClear
<LI><a href="#[141]">&gt;&gt;</a>&nbsp;&nbsp;&nbsp;PaygProcess
<LI><a href="#[13f]">&gt;&gt;</a>&nbsp;&nbsp;&nbsp;PaygInit
<LI><a href="#[13a]">&gt;&gt;</a>&nbsp;&nbsp;&nbsp;PKeybordProc
<LI><a href="#[130]">&gt;&gt;</a>&nbsp;&nbsp;&nbsp;LcdInit
<LI><a href="#[187]">&gt;&gt;</a>&nbsp;&nbsp;&nbsp;KeyBoardInit
<LI><a href="#[127]">&gt;&gt;</a>&nbsp;&nbsp;&nbsp;JbsBmsTask
<LI><a href="#[c8]">&gt;&gt;</a>&nbsp;&nbsp;&nbsp;JbsBmsInit
<LI><a href="#[96]">&gt;&gt;</a>&nbsp;&nbsp;&nbsp;HAL_Delay
<LI><a href="#[111]">&gt;&gt;</a>&nbsp;&nbsp;&nbsp;GsmComProc
<LI><a href="#[110]">&gt;&gt;</a>&nbsp;&nbsp;&nbsp;GsmComInit
<LI><a href="#[10e]">&gt;&gt;</a>&nbsp;&nbsp;&nbsp;GsmComIdle
<LI><a href="#[109]">&gt;&gt;</a>&nbsp;&nbsp;&nbsp;GpsProc
<LI><a href="#[185]">&gt;&gt;</a>&nbsp;&nbsp;&nbsp;GpsInit
<LI><a href="#[b6]">&gt;&gt;</a>&nbsp;&nbsp;&nbsp;GmsSetSimcardState
<LI><a href="#[18c]">&gt;&gt;</a>&nbsp;&nbsp;&nbsp;GmsSetNetConnectState
<LI><a href="#[18b]">&gt;&gt;</a>&nbsp;&nbsp;&nbsp;GmsGetSimcardState
<LI><a href="#[f1]">&gt;&gt;</a>&nbsp;&nbsp;&nbsp;GattInit
<LI><a href="#[e3]">&gt;&gt;</a>&nbsp;&nbsp;&nbsp;EEpSetWakeupCnt
<LI><a href="#[df]">&gt;&gt;</a>&nbsp;&nbsp;&nbsp;EEpProcess
<LI><a href="#[de]">&gt;&gt;</a>&nbsp;&nbsp;&nbsp;EEpInit
<LI><a href="#[138]">&gt;&gt;</a>&nbsp;&nbsp;&nbsp;EEpGetWakeupCnt
<LI><a href="#[186]">&gt;&gt;</a>&nbsp;&nbsp;&nbsp;BleUartInit
<LI><a href="#[ca]">&gt;&gt;</a>&nbsp;&nbsp;&nbsp;BleCmdProc
<LI><a href="#[9f]">&gt;&gt;</a>&nbsp;&nbsp;&nbsp;AdcProc
<LI><a href="#[188]">&gt;&gt;</a>&nbsp;&nbsp;&nbsp;AdcInit
<LI><a href="#[97]">&gt;&gt;</a>&nbsp;&nbsp;&nbsp;AbacusLederProc
<LI><a href="#[93]">&gt;&gt;</a>&nbsp;&nbsp;&nbsp;AbacusLederInit
<LI><a href="#[16e]">&gt;&gt;</a>&nbsp;&nbsp;&nbsp;Uart5Init
<LI><a href="#[16d]">&gt;&gt;</a>&nbsp;&nbsp;&nbsp;Uart4Init
<LI><a href="#[16c]">&gt;&gt;</a>&nbsp;&nbsp;&nbsp;Uart3Init
<LI><a href="#[16b]">&gt;&gt;</a>&nbsp;&nbsp;&nbsp;Uart2Init
<LI><a href="#[167]">&gt;&gt;</a>&nbsp;&nbsp;&nbsp;Uart1Init
<LI><a href="#[108]">&gt;&gt;</a>&nbsp;&nbsp;&nbsp;GpioInit
<LI><a href="#[d3]">&gt;&gt;</a>&nbsp;&nbsp;&nbsp;CanInit
</UL>
<BR>[Address Reference Count : 1]<UL><LI> entry9a.o(.ARM.Collect$$$$0000000B)
</UL>
<P><STRONG><a name="[db]"></a>nvic_irq_enable</STRONG> (Thumb, 162 bytes, Stack size 24 bytes, gd32f10x_misc.o(i.nvic_irq_enable))
<BR><BR>[Stack]<UL><LI>Max Depth = 24<LI>Call Chain = nvic_irq_enable
</UL>
<BR>[Calls]<UL><LI><a href="#[e9]">&gt;&gt;</a>&nbsp;&nbsp;&nbsp;nvic_priority_group_set
</UL>
<BR>[Called By]<UL><LI><a href="#[16e]">&gt;&gt;</a>&nbsp;&nbsp;&nbsp;Uart5Init
<LI><a href="#[16d]">&gt;&gt;</a>&nbsp;&nbsp;&nbsp;Uart4Init
<LI><a href="#[16c]">&gt;&gt;</a>&nbsp;&nbsp;&nbsp;Uart3Init
<LI><a href="#[16b]">&gt;&gt;</a>&nbsp;&nbsp;&nbsp;Uart2Init
<LI><a href="#[167]">&gt;&gt;</a>&nbsp;&nbsp;&nbsp;Uart1Init
<LI><a href="#[e8]">&gt;&gt;</a>&nbsp;&nbsp;&nbsp;ExtiInit
<LI><a href="#[d3]">&gt;&gt;</a>&nbsp;&nbsp;&nbsp;CanInit
</UL>

<P><STRONG><a name="[e9]"></a>nvic_priority_group_set</STRONG> (Thumb, 10 bytes, Stack size 0 bytes, gd32f10x_misc.o(i.nvic_priority_group_set))
<BR><BR>[Called By]<UL><LI><a href="#[db]">&gt;&gt;</a>&nbsp;&nbsp;&nbsp;nvic_irq_enable
<LI><a href="#[e8]">&gt;&gt;</a>&nbsp;&nbsp;&nbsp;ExtiInit
</UL>

<P><STRONG><a name="[151]"></a>nvic_vector_table_set</STRONG> (Thumb, 16 bytes, Stack size 0 bytes, gd32f10x_misc.o(i.nvic_vector_table_set))
<BR><BR>[Called By]<UL><LI><a href="#[47]">&gt;&gt;</a>&nbsp;&nbsp;&nbsp;SystemInit
</UL>

<P><STRONG><a name="[196]"></a>rcu_clock_freq_get</STRONG> (Thumb, 264 bytes, Stack size 80 bytes, gd32f10x_rcu.o(i.rcu_clock_freq_get))
<BR><BR>[Stack]<UL><LI>Max Depth = 80<LI>Call Chain = rcu_clock_freq_get
</UL>
<BR>[Called By]<UL><LI><a href="#[170]">&gt;&gt;</a>&nbsp;&nbsp;&nbsp;usart_baudrate_set
</UL>

<P><STRONG><a name="[d4]"></a>rcu_periph_clock_enable</STRONG> (Thumb, 28 bytes, Stack size 0 bytes, gd32f10x_rcu.o(i.rcu_periph_clock_enable))
<BR><BR>[Called By]<UL><LI><a href="#[16e]">&gt;&gt;</a>&nbsp;&nbsp;&nbsp;Uart5Init
<LI><a href="#[16d]">&gt;&gt;</a>&nbsp;&nbsp;&nbsp;Uart4Init
<LI><a href="#[16c]">&gt;&gt;</a>&nbsp;&nbsp;&nbsp;Uart3Init
<LI><a href="#[16b]">&gt;&gt;</a>&nbsp;&nbsp;&nbsp;Uart2Init
<LI><a href="#[167]">&gt;&gt;</a>&nbsp;&nbsp;&nbsp;Uart1Init
<LI><a href="#[108]">&gt;&gt;</a>&nbsp;&nbsp;&nbsp;GpioInit
<LI><a href="#[e8]">&gt;&gt;</a>&nbsp;&nbsp;&nbsp;ExtiInit
<LI><a href="#[d3]">&gt;&gt;</a>&nbsp;&nbsp;&nbsp;CanInit
</UL>

<P><STRONG><a name="[182]"></a>rcu_periph_reset_disable</STRONG> (Thumb, 28 bytes, Stack size 0 bytes, gd32f10x_rcu.o(i.rcu_periph_reset_disable))
<BR><BR>[Called By]<UL><LI><a href="#[16f]">&gt;&gt;</a>&nbsp;&nbsp;&nbsp;usart_deinit
<LI><a href="#[d6]">&gt;&gt;</a>&nbsp;&nbsp;&nbsp;can_deinit
</UL>

<P><STRONG><a name="[181]"></a>rcu_periph_reset_enable</STRONG> (Thumb, 28 bytes, Stack size 0 bytes, gd32f10x_rcu.o(i.rcu_periph_reset_enable))
<BR><BR>[Called By]<UL><LI><a href="#[16f]">&gt;&gt;</a>&nbsp;&nbsp;&nbsp;usart_deinit
<LI><a href="#[d6]">&gt;&gt;</a>&nbsp;&nbsp;&nbsp;can_deinit
</UL>

<P><STRONG><a name="[dd]"></a>read_1302</STRONG> (Thumb, 148 bytes, Stack size 16 bytes, ds1302.o(i.read_1302))
<BR><BR>[Stack]<UL><LI>Max Depth = 40<LI>Call Chain = read_1302 &rArr; write_1302byte &rArr; Delay
</UL>
<BR>[Calls]<UL><LI><a href="#[b4]">&gt;&gt;</a>&nbsp;&nbsp;&nbsp;gpio_bit_write
<LI><a href="#[117]">&gt;&gt;</a>&nbsp;&nbsp;&nbsp;gpio_input_bit_get
<LI><a href="#[18d]">&gt;&gt;</a>&nbsp;&nbsp;&nbsp;write_1302byte
<LI><a href="#[116]">&gt;&gt;</a>&nbsp;&nbsp;&nbsp;Delay
</UL>
<BR>[Called By]<UL><LI><a href="#[107]">&gt;&gt;</a>&nbsp;&nbsp;&nbsp;GetDs1302Day
<LI><a href="#[dc]">&gt;&gt;</a>&nbsp;&nbsp;&nbsp;Check_Ds1302Runs
</UL>

<P><STRONG><a name="[146]"></a>sha1_c</STRONG> (Thumb, 76 bytes, Stack size 136 bytes, payg.o(i.sha1_c))
<BR><BR>[Stack]<UL><LI>Max Depth = 292<LI>Call Chain = sha1_c &rArr; sha1_finish &rArr; sha1_update &rArr; sha1_process
</UL>
<BR>[Calls]<UL><LI><a href="#[18f]">&gt;&gt;</a>&nbsp;&nbsp;&nbsp;sha1_update
<LI><a href="#[18e]">&gt;&gt;</a>&nbsp;&nbsp;&nbsp;sha1_starts
<LI><a href="#[190]">&gt;&gt;</a>&nbsp;&nbsp;&nbsp;sha1_finish
<LI><a href="#[192]">&gt;&gt;</a>&nbsp;&nbsp;&nbsp;big_litle_endian
<LI><a href="#[191]">&gt;&gt;</a>&nbsp;&nbsp;&nbsp;SHA
<LI><a href="#[11a]">&gt;&gt;</a>&nbsp;&nbsp;&nbsp;HexToStr
</UL>
<BR>[Called By]<UL><LI><a href="#[c7]">&gt;&gt;</a>&nbsp;&nbsp;&nbsp;PaygOvesInput
</UL>

<P><STRONG><a name="[190]"></a>sha1_finish</STRONG> (Thumb, 228 bytes, Stack size 40 bytes, payg.o(i.sha1_finish))
<BR><BR>[Stack]<UL><LI>Max Depth = 156<LI>Call Chain = sha1_finish &rArr; sha1_update &rArr; sha1_process
</UL>
<BR>[Calls]<UL><LI><a href="#[18f]">&gt;&gt;</a>&nbsp;&nbsp;&nbsp;sha1_update
</UL>
<BR>[Called By]<UL><LI><a href="#[146]">&gt;&gt;</a>&nbsp;&nbsp;&nbsp;sha1_c
</UL>

<P><STRONG><a name="[193]"></a>sha1_process</STRONG> (Thumb, 6420 bytes, Stack size 92 bytes, payg.o(i.sha1_process))
<BR><BR>[Stack]<UL><LI>Max Depth = 92<LI>Call Chain = sha1_process
</UL>
<BR>[Called By]<UL><LI><a href="#[18f]">&gt;&gt;</a>&nbsp;&nbsp;&nbsp;sha1_update
</UL>

<P><STRONG><a name="[18e]"></a>sha1_starts</STRONG> (Thumb, 30 bytes, Stack size 0 bytes, payg.o(i.sha1_starts))
<BR><BR>[Called By]<UL><LI><a href="#[146]">&gt;&gt;</a>&nbsp;&nbsp;&nbsp;sha1_c
</UL>

<P><STRONG><a name="[18f]"></a>sha1_update</STRONG> (Thumb, 124 bytes, Stack size 24 bytes, payg.o(i.sha1_update))
<BR><BR>[Stack]<UL><LI>Max Depth = 116<LI>Call Chain = sha1_update &rArr; sha1_process
</UL>
<BR>[Calls]<UL><LI><a href="#[193]">&gt;&gt;</a>&nbsp;&nbsp;&nbsp;sha1_process
<LI><a href="#[a4]">&gt;&gt;</a>&nbsp;&nbsp;&nbsp;__aeabi_memcpy
</UL>
<BR>[Called By]<UL><LI><a href="#[190]">&gt;&gt;</a>&nbsp;&nbsp;&nbsp;sha1_finish
<LI><a href="#[146]">&gt;&gt;</a>&nbsp;&nbsp;&nbsp;sha1_c
</UL>

<P><STRONG><a name="[184]"></a>systick_config</STRONG> (Thumb, 74 bytes, Stack size 8 bytes, systick.o(i.systick_config))
<BR><BR>[Stack]<UL><LI>Max Depth = 16<LI>Call Chain = systick_config &rArr; NVIC_SetPriority
</UL>
<BR>[Calls]<UL><LI><a href="#[195]">&gt;&gt;</a>&nbsp;&nbsp;&nbsp;NVIC_SetPriority
</UL>
<BR>[Called By]<UL><LI><a href="#[46]">&gt;&gt;</a>&nbsp;&nbsp;&nbsp;main
</UL>

<P><STRONG><a name="[170]"></a>usart_baudrate_set</STRONG> (Thumb, 136 bytes, Stack size 32 bytes, gd32f10x_usart.o(i.usart_baudrate_set))
<BR><BR>[Stack]<UL><LI>Max Depth = 112<LI>Call Chain = usart_baudrate_set &rArr; rcu_clock_freq_get
</UL>
<BR>[Calls]<UL><LI><a href="#[196]">&gt;&gt;</a>&nbsp;&nbsp;&nbsp;rcu_clock_freq_get
</UL>
<BR>[Called By]<UL><LI><a href="#[168]">&gt;&gt;</a>&nbsp;&nbsp;&nbsp;UartConfig
</UL>

<P><STRONG><a name="[165]"></a>usart_data_receive</STRONG> (Thumb, 10 bytes, Stack size 0 bytes, gd32f10x_usart.o(i.usart_data_receive))
<BR><BR>[Called By]<UL><LI><a href="#[31]">&gt;&gt;</a>&nbsp;&nbsp;&nbsp;USART2_IRQHandler
<LI><a href="#[30]">&gt;&gt;</a>&nbsp;&nbsp;&nbsp;USART1_IRQHandler
<LI><a href="#[2f]">&gt;&gt;</a>&nbsp;&nbsp;&nbsp;USART0_IRQHandler
<LI><a href="#[3f]">&gt;&gt;</a>&nbsp;&nbsp;&nbsp;UART4_IRQHandler
<LI><a href="#[3e]">&gt;&gt;</a>&nbsp;&nbsp;&nbsp;UART3_IRQHandler
</UL>

<P><STRONG><a name="[169]"></a>usart_data_transmit</STRONG> (Thumb, 8 bytes, Stack size 0 bytes, gd32f10x_usart.o(i.usart_data_transmit))
<BR><BR>[Called By]<UL><LI><a href="#[133]">&gt;&gt;</a>&nbsp;&nbsp;&nbsp;Uart5Send
<LI><a href="#[124]">&gt;&gt;</a>&nbsp;&nbsp;&nbsp;Uart3Send
<LI><a href="#[b0]">&gt;&gt;</a>&nbsp;&nbsp;&nbsp;Uart2Send
<LI><a href="#[d1]">&gt;&gt;</a>&nbsp;&nbsp;&nbsp;Uart1Send
</UL>

<P><STRONG><a name="[16f]"></a>usart_deinit</STRONG> (Thumb, 136 bytes, Stack size 8 bytes, gd32f10x_usart.o(i.usart_deinit))
<BR><BR>[Stack]<UL><LI>Max Depth = 8<LI>Call Chain = usart_deinit
</UL>
<BR>[Calls]<UL><LI><a href="#[181]">&gt;&gt;</a>&nbsp;&nbsp;&nbsp;rcu_periph_reset_enable
<LI><a href="#[182]">&gt;&gt;</a>&nbsp;&nbsp;&nbsp;rcu_periph_reset_disable
</UL>
<BR>[Called By]<UL><LI><a href="#[168]">&gt;&gt;</a>&nbsp;&nbsp;&nbsp;UartConfig
</UL>

<P><STRONG><a name="[178]"></a>usart_enable</STRONG> (Thumb, 10 bytes, Stack size 0 bytes, gd32f10x_usart.o(i.usart_enable))
<BR><BR>[Called By]<UL><LI><a href="#[168]">&gt;&gt;</a>&nbsp;&nbsp;&nbsp;UartConfig
</UL>

<P><STRONG><a name="[16a]"></a>usart_flag_get</STRONG> (Thumb, 30 bytes, Stack size 8 bytes, gd32f10x_usart.o(i.usart_flag_get))
<BR><BR>[Stack]<UL><LI>Max Depth = 8<LI>Call Chain = usart_flag_get
</UL>
<BR>[Called By]<UL><LI><a href="#[133]">&gt;&gt;</a>&nbsp;&nbsp;&nbsp;Uart5Send
<LI><a href="#[124]">&gt;&gt;</a>&nbsp;&nbsp;&nbsp;Uart3Send
<LI><a href="#[b0]">&gt;&gt;</a>&nbsp;&nbsp;&nbsp;Uart2Send
<LI><a href="#[d1]">&gt;&gt;</a>&nbsp;&nbsp;&nbsp;Uart1Send
</UL>

<P><STRONG><a name="[175]"></a>usart_hardware_flow_cts_config</STRONG> (Thumb, 16 bytes, Stack size 0 bytes, gd32f10x_usart.o(i.usart_hardware_flow_cts_config))
<BR><BR>[Called By]<UL><LI><a href="#[168]">&gt;&gt;</a>&nbsp;&nbsp;&nbsp;UartConfig
</UL>

<P><STRONG><a name="[174]"></a>usart_hardware_flow_rts_config</STRONG> (Thumb, 16 bytes, Stack size 0 bytes, gd32f10x_usart.o(i.usart_hardware_flow_rts_config))
<BR><BR>[Called By]<UL><LI><a href="#[168]">&gt;&gt;</a>&nbsp;&nbsp;&nbsp;UartConfig
</UL>

<P><STRONG><a name="[179]"></a>usart_interrupt_enable</STRONG> (Thumb, 26 bytes, Stack size 8 bytes, gd32f10x_usart.o(i.usart_interrupt_enable))
<BR><BR>[Stack]<UL><LI>Max Depth = 8<LI>Call Chain = usart_interrupt_enable
</UL>
<BR>[Called By]<UL><LI><a href="#[168]">&gt;&gt;</a>&nbsp;&nbsp;&nbsp;UartConfig
</UL>

<P><STRONG><a name="[164]"></a>usart_interrupt_flag_get</STRONG> (Thumb, 56 bytes, Stack size 16 bytes, gd32f10x_usart.o(i.usart_interrupt_flag_get))
<BR><BR>[Stack]<UL><LI>Max Depth = 16<LI>Call Chain = usart_interrupt_flag_get
</UL>
<BR>[Called By]<UL><LI><a href="#[31]">&gt;&gt;</a>&nbsp;&nbsp;&nbsp;USART2_IRQHandler
<LI><a href="#[30]">&gt;&gt;</a>&nbsp;&nbsp;&nbsp;USART1_IRQHandler
<LI><a href="#[2f]">&gt;&gt;</a>&nbsp;&nbsp;&nbsp;USART0_IRQHandler
<LI><a href="#[3f]">&gt;&gt;</a>&nbsp;&nbsp;&nbsp;UART4_IRQHandler
<LI><a href="#[3e]">&gt;&gt;</a>&nbsp;&nbsp;&nbsp;UART3_IRQHandler
</UL>

<P><STRONG><a name="[173]"></a>usart_parity_config</STRONG> (Thumb, 16 bytes, Stack size 0 bytes, gd32f10x_usart.o(i.usart_parity_config))
<BR><BR>[Called By]<UL><LI><a href="#[168]">&gt;&gt;</a>&nbsp;&nbsp;&nbsp;UartConfig
</UL>

<P><STRONG><a name="[176]"></a>usart_receive_config</STRONG> (Thumb, 16 bytes, Stack size 0 bytes, gd32f10x_usart.o(i.usart_receive_config))
<BR><BR>[Called By]<UL><LI><a href="#[168]">&gt;&gt;</a>&nbsp;&nbsp;&nbsp;UartConfig
</UL>

<P><STRONG><a name="[172]"></a>usart_stop_bit_set</STRONG> (Thumb, 16 bytes, Stack size 0 bytes, gd32f10x_usart.o(i.usart_stop_bit_set))
<BR><BR>[Called By]<UL><LI><a href="#[168]">&gt;&gt;</a>&nbsp;&nbsp;&nbsp;UartConfig
</UL>

<P><STRONG><a name="[177]"></a>usart_transmit_config</STRONG> (Thumb, 16 bytes, Stack size 0 bytes, gd32f10x_usart.o(i.usart_transmit_config))
<BR><BR>[Called By]<UL><LI><a href="#[168]">&gt;&gt;</a>&nbsp;&nbsp;&nbsp;UartConfig
</UL>

<P><STRONG><a name="[171]"></a>usart_word_length_set</STRONG> (Thumb, 16 bytes, Stack size 0 bytes, gd32f10x_usart.o(i.usart_word_length_set))
<BR><BR>[Called By]<UL><LI><a href="#[168]">&gt;&gt;</a>&nbsp;&nbsp;&nbsp;UartConfig
</UL>

<P><STRONG><a name="[122]"></a>write_1302</STRONG> (Thumb, 96 bytes, Stack size 16 bytes, ds1302.o(i.write_1302))
<BR><BR>[Stack]<UL><LI>Max Depth = 40<LI>Call Chain = write_1302 &rArr; write_1302byte &rArr; Delay
</UL>
<BR>[Calls]<UL><LI><a href="#[b4]">&gt;&gt;</a>&nbsp;&nbsp;&nbsp;gpio_bit_write
<LI><a href="#[18d]">&gt;&gt;</a>&nbsp;&nbsp;&nbsp;write_1302byte
<LI><a href="#[116]">&gt;&gt;</a>&nbsp;&nbsp;&nbsp;Delay
</UL>
<BR>[Called By]<UL><LI><a href="#[121]">&gt;&gt;</a>&nbsp;&nbsp;&nbsp;InitDs1302
</UL>

<P><STRONG><a name="[18d]"></a>write_1302byte</STRONG> (Thumb, 104 bytes, Stack size 16 bytes, ds1302.o(i.write_1302byte))
<BR><BR>[Stack]<UL><LI>Max Depth = 24<LI>Call Chain = write_1302byte &rArr; Delay
</UL>
<BR>[Calls]<UL><LI><a href="#[b4]">&gt;&gt;</a>&nbsp;&nbsp;&nbsp;gpio_bit_write
<LI><a href="#[116]">&gt;&gt;</a>&nbsp;&nbsp;&nbsp;Delay
</UL>
<BR>[Called By]<UL><LI><a href="#[122]">&gt;&gt;</a>&nbsp;&nbsp;&nbsp;write_1302
<LI><a href="#[dd]">&gt;&gt;</a>&nbsp;&nbsp;&nbsp;read_1302
</UL>
<P>
<H3>
Local Symbols
</H3>
<P><STRONG><a name="[195]"></a>NVIC_SetPriority</STRONG> (Thumb, 32 bytes, Stack size 8 bytes, systick.o(i.NVIC_SetPriority))
<BR><BR>[Stack]<UL><LI>Max Depth = 8<LI>Call Chain = NVIC_SetPriority
</UL>
<BR>[Called By]<UL><LI><a href="#[184]">&gt;&gt;</a>&nbsp;&nbsp;&nbsp;systick_config
</UL>

<P><STRONG><a name="[194]"></a>system_clock_108m_hxtal</STRONG> (Thumb, 182 bytes, Stack size 0 bytes, system_gd32f10x.o(i.system_clock_108m_hxtal))
<BR><BR>[Called By]<UL><LI><a href="#[150]">&gt;&gt;</a>&nbsp;&nbsp;&nbsp;system_clock_config
</UL>

<P><STRONG><a name="[150]"></a>system_clock_config</STRONG> (Thumb, 8 bytes, Stack size 8 bytes, system_gd32f10x.o(i.system_clock_config))
<BR><BR>[Stack]<UL><LI>Max Depth = 8<LI>Call Chain = system_clock_config
</UL>
<BR>[Calls]<UL><LI><a href="#[194]">&gt;&gt;</a>&nbsp;&nbsp;&nbsp;system_clock_108m_hxtal
</UL>
<BR>[Called By]<UL><LI><a href="#[47]">&gt;&gt;</a>&nbsp;&nbsp;&nbsp;SystemInit
</UL>

<P><STRONG><a name="[17c]"></a>_fp_digits</STRONG> (Thumb, 366 bytes, Stack size 64 bytes, printfa.o(i._fp_digits), UNUSED)
<BR><BR>[Calls]<UL><LI><a href="#[8a]">&gt;&gt;</a>&nbsp;&nbsp;&nbsp;__aeabi_ddiv
<LI><a href="#[82]">&gt;&gt;</a>&nbsp;&nbsp;&nbsp;__aeabi_dadd
<LI><a href="#[89]">&gt;&gt;</a>&nbsp;&nbsp;&nbsp;__aeabi_dmul
<LI><a href="#[8c]">&gt;&gt;</a>&nbsp;&nbsp;&nbsp;__aeabi_uldivmod
<LI><a href="#[90]">&gt;&gt;</a>&nbsp;&nbsp;&nbsp;__aeabi_d2ulz
<LI><a href="#[17d]">&gt;&gt;</a>&nbsp;&nbsp;&nbsp;__aeabi_cdrcmple
</UL>
<BR>[Called By]<UL><LI><a href="#[17b]">&gt;&gt;</a>&nbsp;&nbsp;&nbsp;_printf_core
</UL>

<P><STRONG><a name="[17b]"></a>_printf_core</STRONG> (Thumb, 1744 bytes, Stack size 136 bytes, printfa.o(i._printf_core), UNUSED)
<BR><BR>[Calls]<UL><LI><a href="#[8c]">&gt;&gt;</a>&nbsp;&nbsp;&nbsp;__aeabi_uldivmod
<LI><a href="#[180]">&gt;&gt;</a>&nbsp;&nbsp;&nbsp;__aeabi_uidivmod
<LI><a href="#[17e]">&gt;&gt;</a>&nbsp;&nbsp;&nbsp;_printf_pre_padding
<LI><a href="#[17f]">&gt;&gt;</a>&nbsp;&nbsp;&nbsp;_printf_post_padding
<LI><a href="#[17c]">&gt;&gt;</a>&nbsp;&nbsp;&nbsp;_fp_digits
</UL>
<BR>[Called By]<UL><LI><a href="#[17a]">&gt;&gt;</a>&nbsp;&nbsp;&nbsp;__0sprintf
</UL>

<P><STRONG><a name="[17f]"></a>_printf_post_padding</STRONG> (Thumb, 36 bytes, Stack size 24 bytes, printfa.o(i._printf_post_padding), UNUSED)
<BR><BR>[Called By]<UL><LI><a href="#[17b]">&gt;&gt;</a>&nbsp;&nbsp;&nbsp;_printf_core
</UL>

<P><STRONG><a name="[17e]"></a>_printf_pre_padding</STRONG> (Thumb, 46 bytes, Stack size 24 bytes, printfa.o(i._printf_pre_padding), UNUSED)
<BR><BR>[Called By]<UL><LI><a href="#[17b]">&gt;&gt;</a>&nbsp;&nbsp;&nbsp;_printf_core
</UL>

<P><STRONG><a name="[49]"></a>_sputc</STRONG> (Thumb, 10 bytes, Stack size 0 bytes, printfa.o(i._sputc))
<BR><BR>[Called By]<UL><LI><a href="#[17a]">&gt;&gt;</a>&nbsp;&nbsp;&nbsp;__0sprintf
</UL>
<BR>[Address Reference Count : 1]<UL><LI> printfa.o(i.__0sprintf)
</UL><P>
<H3>
Undefined Global Symbols
</H3><HR></body></html>
